id=TranscoderFile status=0 trackPath=uploads/base_configs/client/connection_simple_cl2.json configPath=uploads/base_configs/client/transcoder/transcoder_file.json
id=TranscoderFileTrack status=0 trackID=cl1_mdc_video_0_0 path=uploads/base_configs/client/transcoder/file_tracks/mdc_video_0_0/config.json maxFrameNr=10
id=TranscoderFileTrack status=1 path=uploads/base_configs/client/transcoder/file_tracks/mdc_video_0_0/config.json maxFrameNr=10 fps=30
id=TranscoderFile status=1
id=SessionManagerConnection status=0 managerIP=127.0.0.1:9980 preferredclientID=1
id=SessionManagerConnection status=1
id=SessionManagerConnection status=7000 origin=manager type=FullyConnected
id=SessionManagerConnection status=2000 clientID=1 authKey=
id=SessionManagerConnection status=2001
id=SessionManagerConnection status=7000 origin=manager type=SessionJoined
id=SessionManagerConnection status=2005 codecMode=mdc defaultProvider= nProviders=1
id=SessionManagerConnection status=7000 origin=manager type=RemoteClientAdded
id=SessionManagerConnection status=2002 clientID=0 nTracks=1
id=SessionManagerConnection status=2003 clientID=0 nTracks=0
id=SessionManagerConnection status=3000 clientID=0
id=SessionManagerConnection status=7000 origin=manager type=ClientAddedToProvider
id=SFUConnection status=1003 providerKey=sfu_mdc
id=SFUConnection status=1004 providerKey=sfu_mdc
id=SFUConnection status=1005 providerKey=sfu_mdc
id=SFUConnection status=7000 origin=sfu providerKey=sfu_mdc type=OfferMessage
id=SFUConnection status=8001 providerKey=sfu_mdc state=connecting
id=SFUConnection status=7000 origin=sfu providerKey=sfu_mdc type=CandidateMessage
id=SFUConnection status=7000 origin=sfu providerKey=sfu_mdc type=OfferMessage
id=SFUConnection status=8001 providerKey=sfu_mdc state=connected
id=SFUConnection status=6000 ts=1760711504078 frame=0 trackID=cl1_mdc_video_0_0 frameSize=233032
id=SFUConnection status=6001 ts=1760711504082 frame=0 trackID=cl1_mdc_video_0_0
id=SFUConnection status=6002 ts=1760711504306 frame=10 trackID=cl0_mdc_video_0_0
id=SFUConnection status=6003 ts=1760711504308 frame=10 trackID=cl0_mdc_video_0_0
id=SFUConnection status=6000 ts=1760711504408 frame=10 trackID=cl1_mdc_video_0_0 frameSize=233032
id=SFUConnection status=6001 ts=1760711504412 frame=10 trackID=cl1_mdc_video_0_0
id=SFUConnection status=6002 ts=1760711504639 frame=20 trackID=cl0_mdc_video_0_0
id=SFUConnection status=6003 ts=1760711504643 frame=20 trackID=cl0_mdc_video_0_0
id=SFUConnection status=6000 ts=1760711504738 frame=20 trackID=cl1_mdc_video_0_0 frameSize=233032
id=SFUConnection status=6001 ts=1760711504741 frame=20 trackID=cl1_mdc_video_0_0
id=SFUConnection status=6002 ts=1760711504965 frame=30 trackID=cl0_mdc_video_0_0
id=SFUConnection status=6003 ts=1760711504968 frame=30 trackID=cl0_mdc_video_0_0
id=SFUConnection status=6000 ts=1760711505068 frame=30 trackID=cl1_mdc_video_0_0 frameSize=233032
id=SFUConnection status=6001 ts=1760711505072 frame=30 trackID=cl1_mdc_video_0_0
id=SFUConnection status=6002 ts=1760711505299 frame=40 trackID=cl0_mdc_video_0_0
id=SFUConnection status=6003 ts=1760711505302 frame=40 trackID=cl0_mdc_video_0_0
id=SFUConnection status=6000 ts=1760711505399 frame=40 trackID=cl1_mdc_video_0_0 frameSize=233032
id=SFUConnection status=6001 ts=1760711505401 frame=40 trackID=cl1_mdc_video_0_0
id=SFUConnection status=6002 ts=1760711505626 frame=50 trackID=cl0_mdc_video_0_0
id=SFUConnection status=6003 ts=1760711505629 frame=50 trackID=cl0_mdc_video_0_0
id=SFUConnection status=6000 ts=1760711505728 frame=50 trackID=cl1_mdc_video_0_0 frameSize=233032
id=SFUConnection status=6001 ts=1760711505731 frame=50 trackID=cl1_mdc_video_0_0
id=SFUConnection status=6002 ts=1760711505959 frame=60 trackID=cl0_mdc_video_0_0
id=SFUConnection status=6003 ts=1760711505966 frame=60 trackID=cl0_mdc_video_0_0
id=SFUConnection status=6000 ts=1760711506058 frame=60 trackID=cl1_mdc_video_0_0 frameSize=233032
id=SFUConnection status=6001 ts=1760711506061 frame=60 trackID=cl1_mdc_video_0_0
id=SFUConnection status=6002 ts=1760711506284 frame=70 trackID=cl0_mdc_video_0_0
id=SFUConnection status=6003 ts=1760711506287 frame=70 trackID=cl0_mdc_video_0_0
id=SFUConnection status=6000 ts=1760711506388 frame=70 trackID=cl1_mdc_video_0_0 frameSize=233032
id=SFUConnection status=6001 ts=1760711506391 frame=70 trackID=cl1_mdc_video_0_0
id=SFUConnection status=6002 ts=1760711506620 frame=80 trackID=cl0_mdc_video_0_0
id=SFUConnection status=6003 ts=1760711506625 frame=80 trackID=cl0_mdc_video_0_0
id=SFUConnection status=6000 ts=1760711506719 frame=80 trackID=cl1_mdc_video_0_0 frameSize=233032
id=SFUConnection status=6001 ts=1760711506723 frame=80 trackID=cl1_mdc_video_0_0
id=SFUConnection status=6002 ts=1760711506944 frame=90 trackID=cl0_mdc_video_0_0
id=SFUConnection status=6003 ts=1760711506947 frame=90 trackID=cl0_mdc_video_0_0
id=SFUConnection status=6000 ts=1760711507048 frame=90 trackID=cl1_mdc_video_0_0 frameSize=233032
id=SFUConnection status=6001 ts=1760711507051 frame=90 trackID=cl1_mdc_video_0_0
id=SFUConnection status=6002 ts=1760711507279 frame=100 trackID=cl0_mdc_video_0_0
id=SFUConnection status=6003 ts=1760711507285 frame=100 trackID=cl0_mdc_video_0_0
id=SFUConnection status=6000 ts=1760711507378 frame=100 trackID=cl1_mdc_video_0_0 frameSize=233032
id=SFUConnection status=6001 ts=1760711507381 frame=100 trackID=cl1_mdc_video_0_0
id=SFUConnection status=6002 ts=1760711507609 frame=110 trackID=cl0_mdc_video_0_0
id=SFUConnection status=6003 ts=1760711507614 frame=110 trackID=cl0_mdc_video_0_0
id=SFUConnection status=6000 ts=1760711507709 frame=110 trackID=cl1_mdc_video_0_0 frameSize=233032
id=SFUConnection status=6001 ts=1760711507711 frame=110 trackID=cl1_mdc_video_0_0
id=SFUConnection status=6002 ts=1760711507936 frame=120 trackID=cl0_mdc_video_0_0
id=SFUConnection status=6003 ts=1760711507941 frame=120 trackID=cl0_mdc_video_0_0
id=SFUConnection status=6000 ts=1760711508038 frame=120 trackID=cl1_mdc_video_0_0 frameSize=233032
id=SFUConnection status=6001 ts=1760711508042 frame=120 trackID=cl1_mdc_video_0_0
id=SFUConnection status=6002 ts=1760711508265 frame=130 trackID=cl0_mdc_video_0_0
id=SFUConnection status=6003 ts=1760711508267 frame=130 trackID=cl0_mdc_video_0_0
id=SFUConnection status=6000 ts=1760711508368 frame=130 trackID=cl1_mdc_video_0_0 frameSize=233032
id=SFUConnection status=6001 ts=1760711508371 frame=130 trackID=cl1_mdc_video_0_0
id=SFUConnection status=6002 ts=1760711508598 frame=140 trackID=cl0_mdc_video_0_0
id=SFUConnection status=6003 ts=1760711508602 frame=140 trackID=cl0_mdc_video_0_0
id=SFUConnection status=6000 ts=1760711508698 frame=140 trackID=cl1_mdc_video_0_0 frameSize=233032
id=SFUConnection status=6001 ts=1760711508702 frame=140 trackID=cl1_mdc_video_0_0
id=SFUConnection status=6002 ts=1760711508930 frame=150 trackID=cl0_mdc_video_0_0
id=SFUConnection status=6003 ts=1760711508935 frame=150 trackID=cl0_mdc_video_0_0
id=SFUConnection status=6000 ts=1760711509028 frame=150 trackID=cl1_mdc_video_0_0 frameSize=233032
id=SFUConnection status=6001 ts=1760711509033 frame=150 trackID=cl1_mdc_video_0_0
id=SFUConnection status=6002 ts=1760711509259 frame=160 trackID=cl0_mdc_video_0_0
id=SFUConnection status=6003 ts=1760711509265 frame=160 trackID=cl0_mdc_video_0_0
id=SFUConnection status=6000 ts=1760711509358 frame=160 trackID=cl1_mdc_video_0_0 frameSize=233032
id=SFUConnection status=6001 ts=1760711509363 frame=160 trackID=cl1_mdc_video_0_0
id=SFUConnection status=6002 ts=1760711509589 frame=170 trackID=cl0_mdc_video_0_0
id=SFUConnection status=6003 ts=1760711509593 frame=170 trackID=cl0_mdc_video_0_0
id=SFUConnection status=6000 ts=1760711509688 frame=170 trackID=cl1_mdc_video_0_0 frameSize=233032
id=SFUConnection status=6001 ts=1760711509691 frame=170 trackID=cl1_mdc_video_0_0
id=SFUConnection status=6002 ts=1760711509918 frame=180 trackID=cl0_mdc_video_0_0
id=SFUConnection status=6003 ts=1760711509923 frame=180 trackID=cl0_mdc_video_0_0
id=SFUConnection status=6000 ts=1760711510018 frame=180 trackID=cl1_mdc_video_0_0 frameSize=233032
id=SFUConnection status=6001 ts=1760711510022 frame=180 trackID=cl1_mdc_video_0_0
id=SFUConnection status=6002 ts=1760711510249 frame=190 trackID=cl0_mdc_video_0_0
id=SFUConnection status=6003 ts=1760711510256 frame=190 trackID=cl0_mdc_video_0_0
id=SFUConnection status=6000 ts=1760711510348 frame=190 trackID=cl1_mdc_video_0_0 frameSize=233032
id=SFUConnection status=6001 ts=1760711510351 frame=190 trackID=cl1_mdc_video_0_0
id=SFUConnection status=6002 ts=1760711510578 frame=200 trackID=cl0_mdc_video_0_0
id=SFUConnection status=6003 ts=1760711510583 frame=200 trackID=cl0_mdc_video_0_0
id=SFUConnection status=6000 ts=1760711510679 frame=200 trackID=cl1_mdc_video_0_0 frameSize=233032
id=SFUConnection status=6001 ts=1760711510684 frame=200 trackID=cl1_mdc_video_0_0
id=SFUConnection status=6002 ts=1760711510909 frame=210 trackID=cl0_mdc_video_0_0
id=SFUConnection status=6003 ts=1760711510914 frame=210 trackID=cl0_mdc_video_0_0
id=SFUConnection status=6000 ts=1760711511008 frame=210 trackID=cl1_mdc_video_0_0 frameSize=233032
id=SFUConnection status=6001 ts=1760711511010 frame=210 trackID=cl1_mdc_video_0_0
id=SFUConnection status=6002 ts=1760711511239 frame=220 trackID=cl0_mdc_video_0_0
id=SFUConnection status=6003 ts=1760711511245 frame=220 trackID=cl0_mdc_video_0_0
id=SFUConnection status=6000 ts=1760711511338 frame=220 trackID=cl1_mdc_video_0_0 frameSize=233032
id=SFUConnection status=6001 ts=1760711511341 frame=220 trackID=cl1_mdc_video_0_0
id=SFUConnection status=6002 ts=1760711511564 frame=230 trackID=cl0_mdc_video_0_0
id=SFUConnection status=6003 ts=1760711511566 frame=230 trackID=cl0_mdc_video_0_0
id=SFUConnection status=6000 ts=1760711511669 frame=230 trackID=cl1_mdc_video_0_0 frameSize=233032
id=SFUConnection status=6001 ts=1760711511672 frame=230 trackID=cl1_mdc_video_0_0
id=SFUConnection status=6002 ts=1760711511899 frame=240 trackID=cl0_mdc_video_0_0
id=SFUConnection status=6003 ts=1760711511904 frame=240 trackID=cl0_mdc_video_0_0
id=SFUConnection status=6000 ts=1760711511998 frame=240 trackID=cl1_mdc_video_0_0 frameSize=233032
id=SFUConnection status=6001 ts=1760711512001 frame=240 trackID=cl1_mdc_video_0_0
id=SFUConnection status=6002 ts=1760711512225 frame=250 trackID=cl0_mdc_video_0_0
id=SFUConnection status=6003 ts=1760711512228 frame=250 trackID=cl0_mdc_video_0_0
id=SFUConnection status=6000 ts=1760711512328 frame=250 trackID=cl1_mdc_video_0_0 frameSize=233032
id=SFUConnection status=6001 ts=1760711512331 frame=250 trackID=cl1_mdc_video_0_0
id=SFUConnection status=6002 ts=1760711512559 frame=260 trackID=cl0_mdc_video_0_0
id=SFUConnection status=6003 ts=1760711512565 frame=260 trackID=cl0_mdc_video_0_0
id=SFUConnection status=6000 ts=1760711512658 frame=260 trackID=cl1_mdc_video_0_0 frameSize=233032
id=SFUConnection status=6001 ts=1760711512661 frame=260 trackID=cl1_mdc_video_0_0
id=SFUConnection status=6002 ts=1760711512889 frame=270 trackID=cl0_mdc_video_0_0
id=SFUConnection status=6003 ts=1760711512895 frame=270 trackID=cl0_mdc_video_0_0
id=SFUConnection status=6000 ts=1760711512988 frame=270 trackID=cl1_mdc_video_0_0 frameSize=233032
id=SFUConnection status=6001 ts=1760711512992 frame=270 trackID=cl1_mdc_video_0_0
id=SFUConnection status=6002 ts=1760711513220 frame=280 trackID=cl0_mdc_video_0_0
id=SFUConnection status=6003 ts=1760711513226 frame=280 trackID=cl0_mdc_video_0_0
id=SFUConnection status=6000 ts=1760711513318 frame=280 trackID=cl1_mdc_video_0_0 frameSize=233032
id=SFUConnection status=6001 ts=1760711513322 frame=280 trackID=cl1_mdc_video_0_0
id=SFUConnection status=6002 ts=1760711513544 frame=290 trackID=cl0_mdc_video_0_0
id=SFUConnection status=6003 ts=1760711513547 frame=290 trackID=cl0_mdc_video_0_0
id=SFUConnection status=6000 ts=1760711513648 frame=290 trackID=cl1_mdc_video_0_0 frameSize=233032
id=SFUConnection status=6001 ts=1760711513651 frame=290 trackID=cl1_mdc_video_0_0
id=SFUConnection status=6002 ts=1760711513877 frame=300 trackID=cl0_mdc_video_0_0
id=SFUConnection status=6003 ts=1760711513881 frame=300 trackID=cl0_mdc_video_0_0
id=SFUConnection status=6000 ts=1760711513978 frame=300 trackID=cl1_mdc_video_0_0 frameSize=233032
id=SFUConnection status=6001 ts=1760711513982 frame=300 trackID=cl1_mdc_video_0_0
id=SFUConnection status=6002 ts=1760711514210 frame=310 trackID=cl0_mdc_video_0_0
id=SFUConnection status=6003 ts=1760711514216 frame=310 trackID=cl0_mdc_video_0_0
id=SFUConnection status=6000 ts=1760711514310 frame=310 trackID=cl1_mdc_video_0_0 frameSize=233032
id=SFUConnection status=6001 ts=1760711514312 frame=310 trackID=cl1_mdc_video_0_0
id=SFUConnection status=6002 ts=1760711514534 frame=320 trackID=cl0_mdc_video_0_0
id=SFUConnection status=6003 ts=1760711514538 frame=320 trackID=cl0_mdc_video_0_0
id=SFUConnection status=6000 ts=1760711514638 frame=320 trackID=cl1_mdc_video_0_0 frameSize=233032
id=SFUConnection status=6001 ts=1760711514643 frame=320 trackID=cl1_mdc_video_0_0
id=SFUConnection status=6002 ts=1760711514870 frame=330 trackID=cl0_mdc_video_0_0
id=SFUConnection status=6003 ts=1760711514875 frame=330 trackID=cl0_mdc_video_0_0
id=SFUConnection status=6000 ts=1760711514969 frame=330 trackID=cl1_mdc_video_0_0 frameSize=233032
id=SFUConnection status=6001 ts=1760711514971 frame=330 trackID=cl1_mdc_video_0_0
id=SFUConnection status=6002 ts=1760711515197 frame=340 trackID=cl0_mdc_video_0_0
id=SFUConnection status=6003 ts=1760711515200 frame=340 trackID=cl0_mdc_video_0_0
id=SFUConnection status=6000 ts=1760711515298 frame=340 trackID=cl1_mdc_video_0_0 frameSize=233032
id=SFUConnection status=6001 ts=1760711515302 frame=340 trackID=cl1_mdc_video_0_0
id=SFUConnection status=6002 ts=1760711515529 frame=350 trackID=cl0_mdc_video_0_0
id=SFUConnection status=6003 ts=1760711515534 frame=350 trackID=cl0_mdc_video_0_0
id=SFUConnection status=6000 ts=1760711515628 frame=350 trackID=cl1_mdc_video_0_0 frameSize=233032
id=SFUConnection status=6001 ts=1760711515632 frame=350 trackID=cl1_mdc_video_0_0
id=SFUConnection status=6002 ts=1760711515860 frame=360 trackID=cl0_mdc_video_0_0
id=SFUConnection status=6003 ts=1760711515865 frame=360 trackID=cl0_mdc_video_0_0
id=SFUConnection status=6000 ts=1760711515958 frame=360 trackID=cl1_mdc_video_0_0 frameSize=233032
id=SFUConnection status=6001 ts=1760711515962 frame=360 trackID=cl1_mdc_video_0_0
id=SFUConnection status=6002 ts=1760711516185 frame=370 trackID=cl0_mdc_video_0_0
id=SFUConnection status=6003 ts=1760711516187 frame=370 trackID=cl0_mdc_video_0_0
id=SFUConnection status=6000 ts=1760711516289 frame=370 trackID=cl1_mdc_video_0_0 frameSize=233032
id=SFUConnection status=6001 ts=1760711516291 frame=370 trackID=cl1_mdc_video_0_0
id=SFUConnection status=6002 ts=1760711516519 frame=380 trackID=cl0_mdc_video_0_0
id=SFUConnection status=6003 ts=1760711516524 frame=380 trackID=cl0_mdc_video_0_0
id=SFUConnection status=6000 ts=1760711516618 frame=380 trackID=cl1_mdc_video_0_0 frameSize=233032
id=SFUConnection status=6001 ts=1760711516621 frame=380 trackID=cl1_mdc_video_0_0
id=SFUConnection status=6002 ts=1760711516849 frame=390 trackID=cl0_mdc_video_0_0
id=SFUConnection status=6003 ts=1760711516854 frame=390 trackID=cl0_mdc_video_0_0
id=SFUConnection status=6000 ts=1760711516949 frame=390 trackID=cl1_mdc_video_0_0 frameSize=233032
id=SFUConnection status=6001 ts=1760711516954 frame=390 trackID=cl1_mdc_video_0_0
id=SFUConnection status=6002 ts=1760711517179 frame=400 trackID=cl0_mdc_video_0_0
id=SFUConnection status=6003 ts=1760711517183 frame=400 trackID=cl0_mdc_video_0_0
id=SFUConnection status=6000 ts=1760711517278 frame=400 trackID=cl1_mdc_video_0_0 frameSize=233032
id=SFUConnection status=6001 ts=1760711517283 frame=400 trackID=cl1_mdc_video_0_0
id=SFUConnection status=6002 ts=1760711517509 frame=410 trackID=cl0_mdc_video_0_0
id=SFUConnection status=6003 ts=1760711517515 frame=410 trackID=cl0_mdc_video_0_0
id=SFUConnection status=6000 ts=1760711517609 frame=410 trackID=cl1_mdc_video_0_0 frameSize=233032
id=SFUConnection status=6001 ts=1760711517612 frame=410 trackID=cl1_mdc_video_0_0
id=SFUConnection status=6002 ts=1760711517835 frame=420 trackID=cl0_mdc_video_0_0
id=SFUConnection status=6003 ts=1760711517837 frame=420 trackID=cl0_mdc_video_0_0
id=SFUConnection status=6000 ts=1760711517938 frame=420 trackID=cl1_mdc_video_0_0 frameSize=233032
id=SFUConnection status=6001 ts=1760711517942 frame=420 trackID=cl1_mdc_video_0_0
id=SFUConnection status=6002 ts=1760711518168 frame=430 trackID=cl0_mdc_video_0_0
id=SFUConnection status=6003 ts=1760711518171 frame=430 trackID=cl0_mdc_video_0_0
id=SFUConnection status=6000 ts=1760711518268 frame=430 trackID=cl1_mdc_video_0_0 frameSize=233032
id=SFUConnection status=6001 ts=1760711518271 frame=430 trackID=cl1_mdc_video_0_0
id=SFUConnection status=6002 ts=1760711518494 frame=440 trackID=cl0_mdc_video_0_0
id=SFUConnection status=6003 ts=1760711518497 frame=440 trackID=cl0_mdc_video_0_0
id=SFUConnection status=6000 ts=1760711518598 frame=440 trackID=cl1_mdc_video_0_0 frameSize=233032
id=SFUConnection status=6001 ts=1760711518603 frame=440 trackID=cl1_mdc_video_0_0
id=SFUConnection status=6002 ts=1760711518829 frame=450 trackID=cl0_mdc_video_0_0
id=SFUConnection status=6003 ts=1760711518837 frame=450 trackID=cl0_mdc_video_0_0
id=SFUConnection status=6000 ts=1760711518928 frame=450 trackID=cl1_mdc_video_0_0 frameSize=233032
id=SFUConnection status=6001 ts=1760711518932 frame=450 trackID=cl1_mdc_video_0_0
id=SFUConnection status=6002 ts=1760711519155 frame=460 trackID=cl0_mdc_video_0_0
id=SFUConnection status=6003 ts=1760711519157 frame=460 trackID=cl0_mdc_video_0_0
id=SFUConnection status=6000 ts=1760711519258 frame=460 trackID=cl1_mdc_video_0_0 frameSize=233032
id=SFUConnection status=6001 ts=1760711519262 frame=460 trackID=cl1_mdc_video_0_0
id=SFUConnection status=6002 ts=1760711519490 frame=470 trackID=cl0_mdc_video_0_0
id=SFUConnection status=6003 ts=1760711519495 frame=470 trackID=cl0_mdc_video_0_0
id=SFUConnection status=6000 ts=1760711519588 frame=470 trackID=cl1_mdc_video_0_0 frameSize=233032
id=SFUConnection status=6001 ts=1760711519592 frame=470 trackID=cl1_mdc_video_0_0
id=SFUConnection status=6002 ts=1760711519818 frame=480 trackID=cl0_mdc_video_0_0
id=SFUConnection status=6003 ts=1760711519822 frame=480 trackID=cl0_mdc_video_0_0
id=SFUConnection status=6000 ts=1760711519919 frame=480 trackID=cl1_mdc_video_0_0 frameSize=233032
id=SFUConnection status=6001 ts=1760711519921 frame=480 trackID=cl1_mdc_video_0_0
id=SFUConnection status=6002 ts=1760711520144 frame=490 trackID=cl0_mdc_video_0_0
id=SFUConnection status=6003 ts=1760711520147 frame=490 trackID=cl0_mdc_video_0_0
id=SFUConnection status=6000 ts=1760711520248 frame=490 trackID=cl1_mdc_video_0_0 frameSize=233032
id=SFUConnection status=6001 ts=1760711520251 frame=490 trackID=cl1_mdc_video_0_0
id=SFUConnection status=6002 ts=1760711520479 frame=500 trackID=cl0_mdc_video_0_0
id=SFUConnection status=6003 ts=1760711520484 frame=500 trackID=cl0_mdc_video_0_0
id=SFUConnection status=6000 ts=1760711520578 frame=500 trackID=cl1_mdc_video_0_0 frameSize=233032
id=SFUConnection status=6001 ts=1760711520582 frame=500 trackID=cl1_mdc_video_0_0
id=SFUConnection status=6002 ts=1760711520805 frame=510 trackID=cl0_mdc_video_0_0
id=SFUConnection status=6003 ts=1760711520808 frame=510 trackID=cl0_mdc_video_0_0
id=SFUConnection status=6000 ts=1760711520909 frame=510 trackID=cl1_mdc_video_0_0 frameSize=233032
id=SFUConnection status=6001 ts=1760711520914 frame=510 trackID=cl1_mdc_video_0_0
id=SFUConnection status=6002 ts=1760711521134 frame=520 trackID=cl0_mdc_video_0_0
id=SFUConnection status=6003 ts=1760711521137 frame=520 trackID=cl0_mdc_video_0_0
id=SFUConnection status=6000 ts=1760711521238 frame=520 trackID=cl1_mdc_video_0_0 frameSize=233032
id=SFUConnection status=6001 ts=1760711521242 frame=520 trackID=cl1_mdc_video_0_0
id=SFUConnection status=6002 ts=1760711521468 frame=530 trackID=cl0_mdc_video_0_0
id=SFUConnection status=6003 ts=1760711521471 frame=530 trackID=cl0_mdc_video_0_0
id=SFUConnection status=6000 ts=1760711521569 frame=530 trackID=cl1_mdc_video_0_0 frameSize=233032
id=SFUConnection status=6001 ts=1760711521573 frame=530 trackID=cl1_mdc_video_0_0
id=SFUConnection status=6002 ts=1760711521799 frame=540 trackID=cl0_mdc_video_0_0
id=SFUConnection status=6003 ts=1760711521805 frame=540 trackID=cl0_mdc_video_0_0
id=SFUConnection status=6000 ts=1760711521898 frame=540 trackID=cl1_mdc_video_0_0 frameSize=233032
id=SFUConnection status=6001 ts=1760711521904 frame=540 trackID=cl1_mdc_video_0_0
id=SFUConnection status=6002 ts=1760711522129 frame=550 trackID=cl0_mdc_video_0_0
id=SFUConnection status=6003 ts=1760711522134 frame=550 trackID=cl0_mdc_video_0_0
id=SFUConnection status=6000 ts=1760711522228 frame=550 trackID=cl1_mdc_video_0_0 frameSize=233032
id=SFUConnection status=6001 ts=1760711522233 frame=550 trackID=cl1_mdc_video_0_0
id=SFUConnection status=6002 ts=1760711522454 frame=560 trackID=cl0_mdc_video_0_0
id=SFUConnection status=6003 ts=1760711522457 frame=560 trackID=cl0_mdc_video_0_0
id=SFUConnection status=6000 ts=1760711522558 frame=560 trackID=cl1_mdc_video_0_0 frameSize=233032
id=SFUConnection status=6001 ts=1760711522564 frame=560 trackID=cl1_mdc_video_0_0
id=SFUConnection status=6002 ts=1760711522784 frame=570 trackID=cl0_mdc_video_0_0
id=SFUConnection status=6003 ts=1760711522786 frame=570 trackID=cl0_mdc_video_0_0
id=SFUConnection status=6000 ts=1760711522888 frame=570 trackID=cl1_mdc_video_0_0 frameSize=233032
id=SFUConnection status=6001 ts=1760711522891 frame=570 trackID=cl1_mdc_video_0_0
id=SFUConnection status=6002 ts=1760711523114 frame=580 trackID=cl0_mdc_video_0_0
id=SFUConnection status=6003 ts=1760711523117 frame=580 trackID=cl0_mdc_video_0_0
id=SFUConnection status=6000 ts=1760711523219 frame=580 trackID=cl1_mdc_video_0_0 frameSize=233032
id=SFUConnection status=6001 ts=1760711523222 frame=580 trackID=cl1_mdc_video_0_0
id=SFUConnection status=6002 ts=1760711523444 frame=590 trackID=cl0_mdc_video_0_0
id=SFUConnection status=6003 ts=1760711523448 frame=590 trackID=cl0_mdc_video_0_0
id=SFUConnection status=6000 ts=1760711523548 frame=590 trackID=cl1_mdc_video_0_0 frameSize=233032
id=SFUConnection status=6001 ts=1760711523553 frame=590 trackID=cl1_mdc_video_0_0
id=SFUConnection status=6002 ts=1760711523779 frame=600 trackID=cl0_mdc_video_0_0
id=SFUConnection status=6003 ts=1760711523785 frame=600 trackID=cl0_mdc_video_0_0
id=SFUConnection status=6000 ts=1760711523878 frame=600 trackID=cl1_mdc_video_0_0 frameSize=233032
id=SFUConnection status=6001 ts=1760711523882 frame=600 trackID=cl1_mdc_video_0_0
id=SFUConnection status=6002 ts=1760711524106 frame=610 trackID=cl0_mdc_video_0_0
id=SFUConnection status=6003 ts=1760711524109 frame=610 trackID=cl0_mdc_video_0_0
id=SFUConnection status=6000 ts=1760711524208 frame=610 trackID=cl1_mdc_video_0_0 frameSize=233032
id=SFUConnection status=6001 ts=1760711524213 frame=610 trackID=cl1_mdc_video_0_0
id=SFUConnection status=6002 ts=1760711524439 frame=620 trackID=cl0_mdc_video_0_0
id=SFUConnection status=6003 ts=1760711524443 frame=620 trackID=cl0_mdc_video_0_0
id=SFUConnection status=6000 ts=1760711524538 frame=620 trackID=cl1_mdc_video_0_0 frameSize=233032
id=SFUConnection status=6001 ts=1760711524542 frame=620 trackID=cl1_mdc_video_0_0
id=SFUConnection status=6002 ts=1760711524768 frame=630 trackID=cl0_mdc_video_0_0
id=SFUConnection status=6003 ts=1760711524773 frame=630 trackID=cl0_mdc_video_0_0
id=SFUConnection status=6000 ts=1760711524868 frame=630 trackID=cl1_mdc_video_0_0 frameSize=233032
id=SFUConnection status=6001 ts=1760711524871 frame=630 trackID=cl1_mdc_video_0_0
id=SFUConnection status=6002 ts=1760711525099 frame=640 trackID=cl0_mdc_video_0_0
id=SFUConnection status=6003 ts=1760711525104 frame=640 trackID=cl0_mdc_video_0_0
id=SFUConnection status=6000 ts=1760711525198 frame=640 trackID=cl1_mdc_video_0_0 frameSize=233032
id=SFUConnection status=6001 ts=1760711525202 frame=640 trackID=cl1_mdc_video_0_0
id=SFUConnection status=6002 ts=1760711525429 frame=650 trackID=cl0_mdc_video_0_0
id=SFUConnection status=6003 ts=1760711525435 frame=650 trackID=cl0_mdc_video_0_0
id=SFUConnection status=6000 ts=1760711525528 frame=650 trackID=cl1_mdc_video_0_0 frameSize=233032
id=SFUConnection status=6001 ts=1760711525530 frame=650 trackID=cl1_mdc_video_0_0
id=SFUConnection status=6002 ts=1760711525757 frame=660 trackID=cl0_mdc_video_0_0
id=SFUConnection status=6003 ts=1760711525761 frame=660 trackID=cl0_mdc_video_0_0
id=SFUConnection status=6000 ts=1760711525859 frame=660 trackID=cl1_mdc_video_0_0 frameSize=233032
id=SFUConnection status=6001 ts=1760711525861 frame=660 trackID=cl1_mdc_video_0_0
id=SFUConnection status=6002 ts=1760711526089 frame=670 trackID=cl0_mdc_video_0_0
id=SFUConnection status=6003 ts=1760711526094 frame=670 trackID=cl0_mdc_video_0_0
id=SFUConnection status=6000 ts=1760711526188 frame=670 trackID=cl1_mdc_video_0_0 frameSize=233032
id=SFUConnection status=6001 ts=1760711526193 frame=670 trackID=cl1_mdc_video_0_0
id=SFUConnection status=6002 ts=1760711526414 frame=680 trackID=cl0_mdc_video_0_0
id=SFUConnection status=6003 ts=1760711526417 frame=680 trackID=cl0_mdc_video_0_0
id=SFUConnection status=6000 ts=1760711526519 frame=680 trackID=cl1_mdc_video_0_0 frameSize=233032
id=SFUConnection status=6001 ts=1760711526521 frame=680 trackID=cl1_mdc_video_0_0
id=SFUConnection status=6002 ts=1760711526745 frame=690 trackID=cl0_mdc_video_0_0
id=SFUConnection status=6003 ts=1760711526747 frame=690 trackID=cl0_mdc_video_0_0
id=SFUConnection status=6000 ts=1760711526849 frame=690 trackID=cl1_mdc_video_0_0 frameSize=233032
id=SFUConnection status=6001 ts=1760711526851 frame=690 trackID=cl1_mdc_video_0_0
id=SFUConnection status=6002 ts=1760711527079 frame=700 trackID=cl0_mdc_video_0_0
id=SFUConnection status=6003 ts=1760711527085 frame=700 trackID=cl0_mdc_video_0_0
id=SFUConnection status=6000 ts=1760711527179 frame=700 trackID=cl1_mdc_video_0_0 frameSize=233032
id=SFUConnection status=6001 ts=1760711527182 frame=700 trackID=cl1_mdc_video_0_0
id=SFUConnection status=6002 ts=1760711527409 frame=710 trackID=cl0_mdc_video_0_0
id=SFUConnection status=6003 ts=1760711527414 frame=710 trackID=cl0_mdc_video_0_0
id=SFUConnection status=6000 ts=1760711527508 frame=710 trackID=cl1_mdc_video_0_0 frameSize=233032
id=SFUConnection status=6001 ts=1760711527512 frame=710 trackID=cl1_mdc_video_0_0
id=SFUConnection status=6002 ts=1760711527739 frame=720 trackID=cl0_mdc_video_0_0
id=SFUConnection status=6003 ts=1760711527743 frame=720 trackID=cl0_mdc_video_0_0
id=SFUConnection status=6000 ts=1760711527839 frame=720 trackID=cl1_mdc_video_0_0 frameSize=233032
id=SFUConnection status=6001 ts=1760711527842 frame=720 trackID=cl1_mdc_video_0_0
id=SFUConnection status=6002 ts=1760711528069 frame=730 trackID=cl0_mdc_video_0_0
id=SFUConnection status=6003 ts=1760711528074 frame=730 trackID=cl0_mdc_video_0_0
id=SFUConnection status=6000 ts=1760711528168 frame=730 trackID=cl1_mdc_video_0_0 frameSize=233032
id=SFUConnection status=6001 ts=1760711528170 frame=730 trackID=cl1_mdc_video_0_0
id=SFUConnection status=6002 ts=1760711528400 frame=740 trackID=cl0_mdc_video_0_0
id=SFUConnection status=6003 ts=1760711528404 frame=740 trackID=cl0_mdc_video_0_0
id=SFUConnection status=6000 ts=1760711528499 frame=740 trackID=cl1_mdc_video_0_0 frameSize=233032
id=SFUConnection status=6001 ts=1760711528503 frame=740 trackID=cl1_mdc_video_0_0
id=SFUConnection status=6002 ts=1760711528729 frame=750 trackID=cl0_mdc_video_0_0
id=SFUConnection status=6003 ts=1760711528735 frame=750 trackID=cl0_mdc_video_0_0
id=SFUConnection status=6000 ts=1760711528828 frame=750 trackID=cl1_mdc_video_0_0 frameSize=233032
id=SFUConnection status=6001 ts=1760711528830 frame=750 trackID=cl1_mdc_video_0_0
id=SFUConnection status=6002 ts=1760711529056 frame=760 trackID=cl0_mdc_video_0_0
id=SFUConnection status=6003 ts=1760711529058 frame=760 trackID=cl0_mdc_video_0_0
id=SFUConnection status=6000 ts=1760711529158 frame=760 trackID=cl1_mdc_video_0_0 frameSize=233032
id=SFUConnection status=6001 ts=1760711529161 frame=760 trackID=cl1_mdc_video_0_0
id=SFUConnection status=6002 ts=1760711529389 frame=770 trackID=cl0_mdc_video_0_0
id=SFUConnection status=6003 ts=1760711529394 frame=770 trackID=cl0_mdc_video_0_0
id=SFUConnection status=6000 ts=1760711529488 frame=770 trackID=cl1_mdc_video_0_0 frameSize=233032
id=SFUConnection status=6001 ts=1760711529492 frame=770 trackID=cl1_mdc_video_0_0
id=SFUConnection status=6002 ts=1760711529714 frame=780 trackID=cl0_mdc_video_0_0
id=SFUConnection status=6003 ts=1760711529717 frame=780 trackID=cl0_mdc_video_0_0
id=SFUConnection status=6000 ts=1760711529818 frame=780 trackID=cl1_mdc_video_0_0 frameSize=233032
id=SFUConnection status=6001 ts=1760711529820 frame=780 trackID=cl1_mdc_video_0_0
id=SFUConnection status=6002 ts=1760711530044 frame=790 trackID=cl0_mdc_video_0_0
id=SFUConnection status=6003 ts=1760711530047 frame=790 trackID=cl0_mdc_video_0_0
id=SFUConnection status=6000 ts=1760711530148 frame=790 trackID=cl1_mdc_video_0_0 frameSize=233032
id=SFUConnection status=6001 ts=1760711530154 frame=790 trackID=cl1_mdc_video_0_0
id=SFUConnection status=6002 ts=1760711530374 frame=800 trackID=cl0_mdc_video_0_0
id=SFUConnection status=6003 ts=1760711530377 frame=800 trackID=cl0_mdc_video_0_0
id=SFUConnection status=6000 ts=1760711530478 frame=800 trackID=cl1_mdc_video_0_0 frameSize=233032
id=SFUConnection status=6001 ts=1760711530482 frame=800 trackID=cl1_mdc_video_0_0
id=SFUConnection status=6002 ts=1760711530704 frame=810 trackID=cl0_mdc_video_0_0
id=SFUConnection status=6003 ts=1760711530708 frame=810 trackID=cl0_mdc_video_0_0
id=SFUConnection status=6000 ts=1760711530809 frame=810 trackID=cl1_mdc_video_0_0 frameSize=233032
id=SFUConnection status=6001 ts=1760711530812 frame=810 trackID=cl1_mdc_video_0_0
id=SFUConnection status=6002 ts=1760711531038 frame=820 trackID=cl0_mdc_video_0_0
id=SFUConnection status=6003 ts=1760711531042 frame=820 trackID=cl0_mdc_video_0_0
id=SFUConnection status=6000 ts=1760711531140 frame=820 trackID=cl1_mdc_video_0_0 frameSize=233032
id=SFUConnection status=6001 ts=1760711531143 frame=820 trackID=cl1_mdc_video_0_0
id=SFUConnection status=6002 ts=1760711531369 frame=830 trackID=cl0_mdc_video_0_0
id=SFUConnection status=6003 ts=1760711531374 frame=830 trackID=cl0_mdc_video_0_0
id=SFUConnection status=6000 ts=1760711531468 frame=830 trackID=cl1_mdc_video_0_0 frameSize=233032
id=SFUConnection status=6001 ts=1760711531472 frame=830 trackID=cl1_mdc_video_0_0
id=SFUConnection status=6002 ts=1760711531694 frame=840 trackID=cl0_mdc_video_0_0
id=SFUConnection status=6003 ts=1760711531696 frame=840 trackID=cl0_mdc_video_0_0
id=SFUConnection status=6000 ts=1760711531798 frame=840 trackID=cl1_mdc_video_0_0 frameSize=233032
id=SFUConnection status=6001 ts=1760711531802 frame=840 trackID=cl1_mdc_video_0_0
id=SFUConnection status=6002 ts=1760711532030 frame=850 trackID=cl0_mdc_video_0_0
id=SFUConnection status=6003 ts=1760711532036 frame=850 trackID=cl0_mdc_video_0_0
id=SFUConnection status=6000 ts=1760711532128 frame=850 trackID=cl1_mdc_video_0_0 frameSize=233032
id=SFUConnection status=6001 ts=1760711532131 frame=850 trackID=cl1_mdc_video_0_0
id=SFUConnection status=6002 ts=1760711532360 frame=860 trackID=cl0_mdc_video_0_0
id=SFUConnection status=6003 ts=1760711532364 frame=860 trackID=cl0_mdc_video_0_0
id=SFUConnection status=6000 ts=1760711532458 frame=860 trackID=cl1_mdc_video_0_0 frameSize=233032
id=SFUConnection status=6001 ts=1760711532462 frame=860 trackID=cl1_mdc_video_0_0
id=SFUConnection status=6002 ts=1760711532685 frame=870 trackID=cl0_mdc_video_0_0
id=SFUConnection status=6003 ts=1760711532687 frame=870 trackID=cl0_mdc_video_0_0
id=SFUConnection status=6000 ts=1760711532789 frame=870 trackID=cl1_mdc_video_0_0 frameSize=233032
id=SFUConnection status=6001 ts=1760711532792 frame=870 trackID=cl1_mdc_video_0_0
id=SFUConnection status=6002 ts=1760711533014 frame=880 trackID=cl0_mdc_video_0_0
id=SFUConnection status=6003 ts=1760711533018 frame=880 trackID=cl0_mdc_video_0_0
id=SFUConnection status=6000 ts=1760711533118 frame=880 trackID=cl1_mdc_video_0_0 frameSize=233032
id=SFUConnection status=6001 ts=1760711533121 frame=880 trackID=cl1_mdc_video_0_0
id=SFUConnection status=6002 ts=1760711533348 frame=890 trackID=cl0_mdc_video_0_0
id=SFUConnection status=6003 ts=1760711533351 frame=890 trackID=cl0_mdc_video_0_0
id=SFUConnection status=6000 ts=1760711533448 frame=890 trackID=cl1_mdc_video_0_0 frameSize=233032
id=SFUConnection status=6001 ts=1760711533452 frame=890 trackID=cl1_mdc_video_0_0
id=SFUConnection status=6002 ts=1760711533680 frame=900 trackID=cl0_mdc_video_0_0
id=SFUConnection status=6003 ts=1760711533683 frame=900 trackID=cl0_mdc_video_0_0
id=SFUConnection status=6000 ts=1760711533778 frame=900 trackID=cl1_mdc_video_0_0 frameSize=233032
id=SFUConnection status=6001 ts=1760711533782 frame=900 trackID=cl1_mdc_video_0_0
id=SFUConnection status=6002 ts=1760711534010 frame=910 trackID=cl0_mdc_video_0_0
id=SFUConnection status=6003 ts=1760711534015 frame=910 trackID=cl0_mdc_video_0_0
id=SFUConnection status=6000 ts=1760711534108 frame=910 trackID=cl1_mdc_video_0_0 frameSize=233032
id=SFUConnection status=6001 ts=1760711534112 frame=910 trackID=cl1_mdc_video_0_0
id=SFUConnection status=6002 ts=1760711534340 frame=920 trackID=cl0_mdc_video_0_0
id=SFUConnection status=6003 ts=1760711534345 frame=920 trackID=cl0_mdc_video_0_0
id=SFUConnection status=6000 ts=1760711534438 frame=920 trackID=cl1_mdc_video_0_0 frameSize=233032
id=SFUConnection status=6001 ts=1760711534442 frame=920 trackID=cl1_mdc_video_0_0
id=SFUConnection status=6002 ts=1760711534669 frame=930 trackID=cl0_mdc_video_0_0
id=SFUConnection status=6003 ts=1760711534674 frame=930 trackID=cl0_mdc_video_0_0
id=SFUConnection status=6000 ts=1760711534768 frame=930 trackID=cl1_mdc_video_0_0 frameSize=233032
id=SFUConnection status=6001 ts=1760711534772 frame=930 trackID=cl1_mdc_video_0_0
id=SFUConnection status=6002 ts=1760711534999 frame=940 trackID=cl0_mdc_video_0_0
id=SFUConnection status=6003 ts=1760711535004 frame=940 trackID=cl0_mdc_video_0_0
id=SFUConnection status=6000 ts=1760711535098 frame=940 trackID=cl1_mdc_video_0_0 frameSize=233032
id=SFUConnection status=6001 ts=1760711535103 frame=940 trackID=cl1_mdc_video_0_0
id=SFUConnection status=6002 ts=1760711535325 frame=950 trackID=cl0_mdc_video_0_0
id=SFUConnection status=6003 ts=1760711535328 frame=950 trackID=cl0_mdc_video_0_0
id=SFUConnection status=6000 ts=1760711535429 frame=950 trackID=cl1_mdc_video_0_0 frameSize=233032
id=SFUConnection status=6001 ts=1760711535431 frame=950 trackID=cl1_mdc_video_0_0
id=SFUConnection status=6002 ts=1760711535659 frame=960 trackID=cl0_mdc_video_0_0
id=SFUConnection status=6003 ts=1760711535664 frame=960 trackID=cl0_mdc_video_0_0
id=SFUConnection status=6000 ts=1760711535759 frame=960 trackID=cl1_mdc_video_0_0 frameSize=233032
id=SFUConnection status=6001 ts=1760711535762 frame=960 trackID=cl1_mdc_video_0_0
id=SFUConnection status=6002 ts=1760711535984 frame=970 trackID=cl0_mdc_video_0_0
id=SFUConnection status=6003 ts=1760711535987 frame=970 trackID=cl0_mdc_video_0_0
id=SFUConnection status=6000 ts=1760711536088 frame=970 trackID=cl1_mdc_video_0_0 frameSize=233032
id=SFUConnection status=6001 ts=1760711536091 frame=970 trackID=cl1_mdc_video_0_0
id=SFUConnection status=6002 ts=1760711536311 frame=980 trackID=cl0_mdc_video_0_0
id=SFUConnection status=6003 ts=1760711536316 frame=980 trackID=cl0_mdc_video_0_0
id=SFUConnection status=6000 ts=1760711536418 frame=980 trackID=cl1_mdc_video_0_0 frameSize=233032
id=SFUConnection status=6001 ts=1760711536422 frame=980 trackID=cl1_mdc_video_0_0
id=SFUConnection status=6002 ts=1760711536649 frame=990 trackID=cl0_mdc_video_0_0
id=SFUConnection status=6003 ts=1760711536656 frame=990 trackID=cl0_mdc_video_0_0
id=SFUConnection status=6000 ts=1760711536748 frame=990 trackID=cl1_mdc_video_0_0 frameSize=233032
id=SFUConnection status=6001 ts=1760711536751 frame=990 trackID=cl1_mdc_video_0_0
id=SFUConnection status=6002 ts=1760711536980 frame=1000 trackID=cl0_mdc_video_0_0
id=SFUConnection status=6003 ts=1760711536984 frame=1000 trackID=cl0_mdc_video_0_0
id=SFUConnection status=6000 ts=1760711537078 frame=1000 trackID=cl1_mdc_video_0_0 frameSize=233032
id=SFUConnection status=6001 ts=1760711537081 frame=1000 trackID=cl1_mdc_video_0_0
id=SFUConnection status=6002 ts=1760711537309 frame=1010 trackID=cl0_mdc_video_0_0
id=SFUConnection status=6003 ts=1760711537314 frame=1010 trackID=cl0_mdc_video_0_0
id=SFUConnection status=6000 ts=1760711537408 frame=1010 trackID=cl1_mdc_video_0_0 frameSize=233032
id=SFUConnection status=6001 ts=1760711537411 frame=1010 trackID=cl1_mdc_video_0_0
id=SFUConnection status=6002 ts=1760711537639 frame=1020 trackID=cl0_mdc_video_0_0
id=SFUConnection status=6003 ts=1760711537643 frame=1020 trackID=cl0_mdc_video_0_0
id=SFUConnection status=6000 ts=1760711537739 frame=1020 trackID=cl1_mdc_video_0_0 frameSize=233032
id=SFUConnection status=6001 ts=1760711537741 frame=1020 trackID=cl1_mdc_video_0_0
id=SFUConnection status=6002 ts=1760711537969 frame=1030 trackID=cl0_mdc_video_0_0
id=SFUConnection status=6003 ts=1760711537974 frame=1030 trackID=cl0_mdc_video_0_0
id=SFUConnection status=6000 ts=1760711538068 frame=1030 trackID=cl1_mdc_video_0_0 frameSize=233032
id=SFUConnection status=6001 ts=1760711538070 frame=1030 trackID=cl1_mdc_video_0_0
id=SFUConnection status=6002 ts=1760711538296 frame=1040 trackID=cl0_mdc_video_0_0
id=SFUConnection status=6003 ts=1760711538299 frame=1040 trackID=cl0_mdc_video_0_0
id=SFUConnection status=6000 ts=1760711538398 frame=1040 trackID=cl1_mdc_video_0_0 frameSize=233032
id=SFUConnection status=6001 ts=1760711538402 frame=1040 trackID=cl1_mdc_video_0_0
id=SFUConnection status=6002 ts=1760711538629 frame=1050 trackID=cl0_mdc_video_0_0
id=SFUConnection status=6003 ts=1760711538634 frame=1050 trackID=cl0_mdc_video_0_0
id=SFUConnection status=6000 ts=1760711538728 frame=1050 trackID=cl1_mdc_video_0_0 frameSize=233032
id=SFUConnection status=6001 ts=1760711538732 frame=1050 trackID=cl1_mdc_video_0_0
id=SFUConnection status=6002 ts=1760711538954 frame=1060 trackID=cl0_mdc_video_0_0
id=SFUConnection status=6003 ts=1760711538957 frame=1060 trackID=cl0_mdc_video_0_0
id=SFUConnection status=6000 ts=1760711539058 frame=1060 trackID=cl1_mdc_video_0_0 frameSize=233032
id=SFUConnection status=6001 ts=1760711539064 frame=1060 trackID=cl1_mdc_video_0_0
id=SFUConnection status=6002 ts=1760711539285 frame=1070 trackID=cl0_mdc_video_0_0
id=SFUConnection status=6003 ts=1760711539288 frame=1070 trackID=cl0_mdc_video_0_0
id=SFUConnection status=6000 ts=1760711539388 frame=1070 trackID=cl1_mdc_video_0_0 frameSize=233032
id=SFUConnection status=6001 ts=1760711539391 frame=1070 trackID=cl1_mdc_video_0_0
id=SFUConnection status=6002 ts=1760711539620 frame=1080 trackID=cl0_mdc_video_0_0
id=SFUConnection status=6003 ts=1760711539627 frame=1080 trackID=cl0_mdc_video_0_0
id=SFUConnection status=6000 ts=1760711539719 frame=1080 trackID=cl1_mdc_video_0_0 frameSize=233032
id=SFUConnection status=6001 ts=1760711539721 frame=1080 trackID=cl1_mdc_video_0_0
id=SFUConnection status=6002 ts=1760711539944 frame=1090 trackID=cl0_mdc_video_0_0
id=SFUConnection status=6003 ts=1760711539947 frame=1090 trackID=cl0_mdc_video_0_0
id=SFUConnection status=6000 ts=1760711540048 frame=1090 trackID=cl1_mdc_video_0_0 frameSize=233032
id=SFUConnection status=6001 ts=1760711540051 frame=1090 trackID=cl1_mdc_video_0_0
id=SFUConnection status=6002 ts=1760711540280 frame=1100 trackID=cl0_mdc_video_0_0
id=SFUConnection status=6003 ts=1760711540285 frame=1100 trackID=cl0_mdc_video_0_0
id=SFUConnection status=6000 ts=1760711540378 frame=1100 trackID=cl1_mdc_video_0_0 frameSize=233032
id=SFUConnection status=6001 ts=1760711540383 frame=1100 trackID=cl1_mdc_video_0_0
id=SFUConnection status=6002 ts=1760711540610 frame=1110 trackID=cl0_mdc_video_0_0
id=SFUConnection status=6003 ts=1760711540614 frame=1110 trackID=cl0_mdc_video_0_0
id=SFUConnection status=6000 ts=1760711540708 frame=1110 trackID=cl1_mdc_video_0_0 frameSize=233032
id=SFUConnection status=6001 ts=1760711540711 frame=1110 trackID=cl1_mdc_video_0_0
id=SFUConnection status=6002 ts=1760711540934 frame=1120 trackID=cl0_mdc_video_0_0
id=SFUConnection status=6003 ts=1760711540937 frame=1120 trackID=cl0_mdc_video_0_0
id=SFUConnection status=6000 ts=1760711541038 frame=1120 trackID=cl1_mdc_video_0_0 frameSize=233032
id=SFUConnection status=6001 ts=1760711541041 frame=1120 trackID=cl1_mdc_video_0_0
id=SFUConnection status=6002 ts=1760711541264 frame=1130 trackID=cl0_mdc_video_0_0
id=SFUConnection status=6000 ts=1760711541368 frame=1130 trackID=cl1_mdc_video_0_0 frameSize=233032
id=SFUConnection status=6001 ts=1760711541371 frame=1130 trackID=cl1_mdc_video_0_0
id=SFUConnection status=6002 ts=1760711541599 frame=1140 trackID=cl0_mdc_video_0_0
id=SFUConnection status=6003 ts=1760711541604 frame=1140 trackID=cl0_mdc_video_0_0
id=SFUConnection status=6000 ts=1760711541698 frame=1140 trackID=cl1_mdc_video_0_0 frameSize=233032
id=SFUConnection status=6001 ts=1760711541701 frame=1140 trackID=cl1_mdc_video_0_0
id=SFUConnection status=6002 ts=1760711541926 frame=1150 trackID=cl0_mdc_video_0_0
id=SFUConnection status=6003 ts=1760711541929 frame=1150 trackID=cl0_mdc_video_0_0
id=SFUConnection status=6000 ts=1760711542028 frame=1150 trackID=cl1_mdc_video_0_0 frameSize=233032
id=SFUConnection status=6001 ts=1760711542033 frame=1150 trackID=cl1_mdc_video_0_0
id=SFUConnection status=6002 ts=1760711542260 frame=1160 trackID=cl0_mdc_video_0_0
id=SFUConnection status=6003 ts=1760711542265 frame=1160 trackID=cl0_mdc_video_0_0
id=SFUConnection status=6000 ts=1760711542358 frame=1160 trackID=cl1_mdc_video_0_0 frameSize=233032
id=SFUConnection status=6001 ts=1760711542361 frame=1160 trackID=cl1_mdc_video_0_0
id=SFUConnection status=6002 ts=1760711542589 frame=1170 trackID=cl0_mdc_video_0_0
id=SFUConnection status=6003 ts=1760711542594 frame=1170 trackID=cl0_mdc_video_0_0
id=SFUConnection status=6000 ts=1760711542688 frame=1170 trackID=cl1_mdc_video_0_0 frameSize=233032
id=SFUConnection status=6001 ts=1760711542691 frame=1170 trackID=cl1_mdc_video_0_0
id=SFUConnection status=6002 ts=1760711542915 frame=1180 trackID=cl0_mdc_video_0_0
id=SFUConnection status=6003 ts=1760711542917 frame=1180 trackID=cl0_mdc_video_0_0
id=SFUConnection status=6000 ts=1760711543018 frame=1180 trackID=cl1_mdc_video_0_0 frameSize=233032
id=SFUConnection status=6001 ts=1760711543024 frame=1180 trackID=cl1_mdc_video_0_0
id=SFUConnection status=6002 ts=1760711543249 frame=1190 trackID=cl0_mdc_video_0_0
id=SFUConnection status=6003 ts=1760711543255 frame=1190 trackID=cl0_mdc_video_0_0
id=SFUConnection status=6000 ts=1760711543349 frame=1190 trackID=cl1_mdc_video_0_0 frameSize=233032
id=SFUConnection status=6001 ts=1760711543351 frame=1190 trackID=cl1_mdc_video_0_0
id=SFUConnection status=6002 ts=1760711543576 frame=1200 trackID=cl0_mdc_video_0_0
id=SFUConnection status=6003 ts=1760711543579 frame=1200 trackID=cl0_mdc_video_0_0
id=SFUConnection status=6000 ts=1760711543678 frame=1200 trackID=cl1_mdc_video_0_0 frameSize=233032
id=SFUConnection status=6001 ts=1760711543681 frame=1200 trackID=cl1_mdc_video_0_0
id=SFUConnection status=6002 ts=1760711543909 frame=1210 trackID=cl0_mdc_video_0_0
id=SFUConnection status=6003 ts=1760711543914 frame=1210 trackID=cl0_mdc_video_0_0
id=SFUConnection status=6000 ts=1760711544008 frame=1210 trackID=cl1_mdc_video_0_0 frameSize=233032
id=SFUConnection status=6001 ts=1760711544012 frame=1210 trackID=cl1_mdc_video_0_0
id=SFUConnection status=6002 ts=1760711544234 frame=1220 trackID=cl0_mdc_video_0_0
id=SFUConnection status=6003 ts=1760711544238 frame=1220 trackID=cl0_mdc_video_0_0
id=SFUConnection status=6000 ts=1760711544338 frame=1220 trackID=cl1_mdc_video_0_0 frameSize=233032
id=SFUConnection status=6001 ts=1760711544342 frame=1220 trackID=cl1_mdc_video_0_0
id=SFUConnection status=6002 ts=1760711544570 frame=1230 trackID=cl0_mdc_video_0_0
id=SFUConnection status=6003 ts=1760711544576 frame=1230 trackID=cl0_mdc_video_0_0
id=SFUConnection status=6000 ts=1760711544668 frame=1230 trackID=cl1_mdc_video_0_0 frameSize=233032
id=SFUConnection status=6001 ts=1760711544671 frame=1230 trackID=cl1_mdc_video_0_0
id=SFUConnection status=6002 ts=1760711544898 frame=1240 trackID=cl0_mdc_video_0_0
id=SFUConnection status=6003 ts=1760711544901 frame=1240 trackID=cl0_mdc_video_0_0
id=SFUConnection status=6000 ts=1760711544998 frame=1240 trackID=cl1_mdc_video_0_0 frameSize=233032
id=SFUConnection status=6001 ts=1760711545001 frame=1240 trackID=cl1_mdc_video_0_0
id=SFUConnection status=6002 ts=1760711545224 frame=1250 trackID=cl0_mdc_video_0_0
id=SFUConnection status=6003 ts=1760711545227 frame=1250 trackID=cl0_mdc_video_0_0
id=SFUConnection status=6000 ts=1760711545329 frame=1250 trackID=cl1_mdc_video_0_0 frameSize=233032
id=SFUConnection status=6001 ts=1760711545332 frame=1250 trackID=cl1_mdc_video_0_0
id=SFUConnection status=6002 ts=1760711545559 frame=1260 trackID=cl0_mdc_video_0_0
id=SFUConnection status=6003 ts=1760711545564 frame=1260 trackID=cl0_mdc_video_0_0
id=SFUConnection status=6000 ts=1760711545659 frame=1260 trackID=cl1_mdc_video_0_0 frameSize=233032
id=SFUConnection status=6001 ts=1760711545661 frame=1260 trackID=cl1_mdc_video_0_0
id=SFUConnection status=6002 ts=1760711545889 frame=1270 trackID=cl0_mdc_video_0_0
id=SFUConnection status=6003 ts=1760711545894 frame=1270 trackID=cl0_mdc_video_0_0
id=SFUConnection status=6000 ts=1760711545988 frame=1270 trackID=cl1_mdc_video_0_0 frameSize=233032
id=SFUConnection status=6001 ts=1760711545990 frame=1270 trackID=cl1_mdc_video_0_0
id=SFUConnection status=6002 ts=1760711546214 frame=1280 trackID=cl0_mdc_video_0_0
id=SFUConnection status=6003 ts=1760711546217 frame=1280 trackID=cl0_mdc_video_0_0
id=SFUConnection status=6000 ts=1760711546318 frame=1280 trackID=cl1_mdc_video_0_0 frameSize=233032
id=SFUConnection status=6001 ts=1760711546323 frame=1280 trackID=cl1_mdc_video_0_0
id=SFUConnection status=6002 ts=1760711546550 frame=1290 trackID=cl0_mdc_video_0_0
id=SFUConnection status=6003 ts=1760711546555 frame=1290 trackID=cl0_mdc_video_0_0
id=SFUConnection status=6000 ts=1760711546649 frame=1290 trackID=cl1_mdc_video_0_0 frameSize=233032
id=SFUConnection status=6001 ts=1760711546652 frame=1290 trackID=cl1_mdc_video_0_0
id=SFUConnection status=6002 ts=1760711546880 frame=1300 trackID=cl0_mdc_video_0_0
id=SFUConnection status=6003 ts=1760711546886 frame=1300 trackID=cl0_mdc_video_0_0
id=SFUConnection status=6000 ts=1760711546978 frame=1300 trackID=cl1_mdc_video_0_0 frameSize=233032
id=SFUConnection status=6001 ts=1760711546981 frame=1300 trackID=cl1_mdc_video_0_0
id=SFUConnection status=6002 ts=1760711547205 frame=1310 trackID=cl0_mdc_video_0_0
id=SFUConnection status=6003 ts=1760711547208 frame=1310 trackID=cl0_mdc_video_0_0
id=SFUConnection status=6000 ts=1760711547310 frame=1310 trackID=cl1_mdc_video_0_0 frameSize=233032
id=SFUConnection status=6001 ts=1760711547312 frame=1310 trackID=cl1_mdc_video_0_0
id=SFUConnection status=6002 ts=1760711547534 frame=1320 trackID=cl0_mdc_video_0_0
id=SFUConnection status=6003 ts=1760711547538 frame=1320 trackID=cl0_mdc_video_0_0
id=SFUConnection status=6000 ts=1760711547639 frame=1320 trackID=cl1_mdc_video_0_0 frameSize=233032
id=SFUConnection status=6001 ts=1760711547642 frame=1320 trackID=cl1_mdc_video_0_0
id=SFUConnection status=6002 ts=1760711547867 frame=1330 trackID=cl0_mdc_video_0_0
id=SFUConnection status=6003 ts=1760711547870 frame=1330 trackID=cl0_mdc_video_0_0
id=SFUConnection status=6000 ts=1760711547968 frame=1330 trackID=cl1_mdc_video_0_0 frameSize=233032
id=SFUConnection status=6001 ts=1760711547971 frame=1330 trackID=cl1_mdc_video_0_0
id=SFUConnection status=6002 ts=1760711548199 frame=1340 trackID=cl0_mdc_video_0_0
id=SFUConnection status=6003 ts=1760711548205 frame=1340 trackID=cl0_mdc_video_0_0
id=SFUConnection status=6000 ts=1760711548299 frame=1340 trackID=cl1_mdc_video_0_0 frameSize=233032
id=SFUConnection status=6001 ts=1760711548302 frame=1340 trackID=cl1_mdc_video_0_0
id=SFUConnection status=6002 ts=1760711548528 frame=1350 trackID=cl0_mdc_video_0_0
id=SFUConnection status=6003 ts=1760711548533 frame=1350 trackID=cl0_mdc_video_0_0
id=SFUConnection status=6000 ts=1760711548628 frame=1350 trackID=cl1_mdc_video_0_0 frameSize=233032
id=SFUConnection status=6001 ts=1760711548632 frame=1350 trackID=cl1_mdc_video_0_0
id=SFUConnection status=6002 ts=1760711548855 frame=1360 trackID=cl0_mdc_video_0_0
id=SFUConnection status=6003 ts=1760711548865 frame=1360 trackID=cl0_mdc_video_0_0
id=SFUConnection status=6000 ts=1760711548958 frame=1360 trackID=cl1_mdc_video_0_0 frameSize=233032
id=SFUConnection status=6001 ts=1760711548963 frame=1360 trackID=cl1_mdc_video_0_0
id=SFUConnection status=6002 ts=1760711549184 frame=1370 trackID=cl0_mdc_video_0_0
id=SFUConnection status=6003 ts=1760711549187 frame=1370 trackID=cl0_mdc_video_0_0
id=SFUConnection status=6000 ts=1760711549288 frame=1370 trackID=cl1_mdc_video_0_0 frameSize=233032
id=SFUConnection status=6001 ts=1760711549291 frame=1370 trackID=cl1_mdc_video_0_0
id=SFUConnection status=6002 ts=1760711549514 frame=1380 trackID=cl0_mdc_video_0_0
id=SFUConnection status=6003 ts=1760711549519 frame=1380 trackID=cl0_mdc_video_0_0
id=SFUConnection status=6000 ts=1760711549618 frame=1380 trackID=cl1_mdc_video_0_0 frameSize=233032
id=SFUConnection status=6001 ts=1760711549621 frame=1380 trackID=cl1_mdc_video_0_0
id=SFUConnection status=6002 ts=1760711549849 frame=1390 trackID=cl0_mdc_video_0_0
id=SFUConnection status=6003 ts=1760711549855 frame=1390 trackID=cl0_mdc_video_0_0
id=SFUConnection status=6000 ts=1760711549948 frame=1390 trackID=cl1_mdc_video_0_0 frameSize=233032
id=SFUConnection status=6001 ts=1760711549952 frame=1390 trackID=cl1_mdc_video_0_0
id=SFUConnection status=6002 ts=1760711550177 frame=1400 trackID=cl0_mdc_video_0_0
id=SFUConnection status=6003 ts=1760711550179 frame=1400 trackID=cl0_mdc_video_0_0
id=SFUConnection status=6000 ts=1760711550279 frame=1400 trackID=cl1_mdc_video_0_0 frameSize=233032
id=SFUConnection status=6001 ts=1760711550282 frame=1400 trackID=cl1_mdc_video_0_0
id=SFUConnection status=6002 ts=1760711550509 frame=1410 trackID=cl0_mdc_video_0_0
id=SFUConnection status=6003 ts=1760711550515 frame=1410 trackID=cl0_mdc_video_0_0
id=SFUConnection status=6000 ts=1760711550608 frame=1410 trackID=cl1_mdc_video_0_0 frameSize=233032
id=SFUConnection status=6001 ts=1760711550612 frame=1410 trackID=cl1_mdc_video_0_0
id=SFUConnection status=6002 ts=1760711550836 frame=1420 trackID=cl0_mdc_video_0_0
id=SFUConnection status=6003 ts=1760711550838 frame=1420 trackID=cl0_mdc_video_0_0
id=SFUConnection status=6000 ts=1760711550938 frame=1420 trackID=cl1_mdc_video_0_0 frameSize=233032
id=SFUConnection status=6001 ts=1760711550943 frame=1420 trackID=cl1_mdc_video_0_0
id=SFUConnection status=6002 ts=1760711551170 frame=1430 trackID=cl0_mdc_video_0_0
id=SFUConnection status=6003 ts=1760711551174 frame=1430 trackID=cl0_mdc_video_0_0
id=SFUConnection status=6000 ts=1760711551268 frame=1430 trackID=cl1_mdc_video_0_0 frameSize=233032
id=SFUConnection status=6001 ts=1760711551272 frame=1430 trackID=cl1_mdc_video_0_0
id=SFUConnection status=6002 ts=1760711551498 frame=1440 trackID=cl0_mdc_video_0_0
id=SFUConnection status=6003 ts=1760711551505 frame=1440 trackID=cl0_mdc_video_0_0
id=SFUConnection status=6000 ts=1760711551598 frame=1440 trackID=cl1_mdc_video_0_0 frameSize=233032
id=SFUConnection status=6001 ts=1760711551601 frame=1440 trackID=cl1_mdc_video_0_0
id=SFUConnection status=6002 ts=1760711551829 frame=1450 trackID=cl0_mdc_video_0_0
id=SFUConnection status=6003 ts=1760711551834 frame=1450 trackID=cl0_mdc_video_0_0
id=SFUConnection status=6000 ts=1760711551928 frame=1450 trackID=cl1_mdc_video_0_0 frameSize=233032
id=SFUConnection status=6001 ts=1760711551933 frame=1450 trackID=cl1_mdc_video_0_0
id=SFUConnection status=6002 ts=1760711552160 frame=1460 trackID=cl0_mdc_video_0_0
id=SFUConnection status=6003 ts=1760711552164 frame=1460 trackID=cl0_mdc_video_0_0
id=SFUConnection status=6000 ts=1760711552258 frame=1460 trackID=cl1_mdc_video_0_0 frameSize=233032
id=SFUConnection status=6001 ts=1760711552261 frame=1460 trackID=cl1_mdc_video_0_0
id=SFUConnection status=6002 ts=1760711552490 frame=1470 trackID=cl0_mdc_video_0_0
id=SFUConnection status=6003 ts=1760711552495 frame=1470 trackID=cl0_mdc_video_0_0
id=SFUConnection status=6000 ts=1760711552589 frame=1470 trackID=cl1_mdc_video_0_0 frameSize=233032
id=SFUConnection status=6001 ts=1760711552592 frame=1470 trackID=cl1_mdc_video_0_0
id=SFUConnection status=6002 ts=1760711552819 frame=1480 trackID=cl0_mdc_video_0_0
id=SFUConnection status=6003 ts=1760711552825 frame=1480 trackID=cl0_mdc_video_0_0
id=SFUConnection status=6000 ts=1760711552918 frame=1480 trackID=cl1_mdc_video_0_0 frameSize=233032
id=SFUConnection status=6001 ts=1760711552922 frame=1480 trackID=cl1_mdc_video_0_0
id=SFUConnection status=6002 ts=1760711553149 frame=1490 trackID=cl0_mdc_video_0_0
id=SFUConnection status=6003 ts=1760711553154 frame=1490 trackID=cl0_mdc_video_0_0
id=SFUConnection status=6000 ts=1760711553248 frame=1490 trackID=cl1_mdc_video_0_0 frameSize=233032
id=SFUConnection status=6001 ts=1760711553252 frame=1490 trackID=cl1_mdc_video_0_0
id=SFUConnection status=6002 ts=1760711553479 frame=1500 trackID=cl0_mdc_video_0_0
id=SFUConnection status=6003 ts=1760711553483 frame=1500 trackID=cl0_mdc_video_0_0
id=SFUConnection status=6000 ts=1760711553579 frame=1500 trackID=cl1_mdc_video_0_0 frameSize=233032
id=SFUConnection status=6001 ts=1760711553581 frame=1500 trackID=cl1_mdc_video_0_0
id=SFUConnection status=6002 ts=1760711553805 frame=1510 trackID=cl0_mdc_video_0_0
id=SFUConnection status=6003 ts=1760711553808 frame=1510 trackID=cl0_mdc_video_0_0
id=SFUConnection status=6000 ts=1760711553909 frame=1510 trackID=cl1_mdc_video_0_0 frameSize=233032
id=SFUConnection status=6001 ts=1760711553913 frame=1510 trackID=cl1_mdc_video_0_0
id=SFUConnection status=6002 ts=1760711554140 frame=1520 trackID=cl0_mdc_video_0_0
id=SFUConnection status=6003 ts=1760711554144 frame=1520 trackID=cl0_mdc_video_0_0
id=SFUConnection status=6000 ts=1760711554238 frame=1520 trackID=cl1_mdc_video_0_0 frameSize=233032
id=SFUConnection status=6001 ts=1760711554241 frame=1520 trackID=cl1_mdc_video_0_0
id=SFUConnection status=6002 ts=1760711554465 frame=1530 trackID=cl0_mdc_video_0_0
id=SFUConnection status=6003 ts=1760711554467 frame=1530 trackID=cl0_mdc_video_0_0
id=SFUConnection status=6000 ts=1760711554569 frame=1530 trackID=cl1_mdc_video_0_0 frameSize=233032
id=SFUConnection status=6001 ts=1760711554573 frame=1530 trackID=cl1_mdc_video_0_0
id=SFUConnection status=6002 ts=1760711554799 frame=1540 trackID=cl0_mdc_video_0_0
id=SFUConnection status=6003 ts=1760711554805 frame=1540 trackID=cl0_mdc_video_0_0
id=SFUConnection status=6000 ts=1760711554899 frame=1540 trackID=cl1_mdc_video_0_0 frameSize=233032
id=SFUConnection status=6001 ts=1760711554902 frame=1540 trackID=cl1_mdc_video_0_0
id=SFUConnection status=6002 ts=1760711555128 frame=1550 trackID=cl0_mdc_video_0_0
id=SFUConnection status=6003 ts=1760711555130 frame=1550 trackID=cl0_mdc_video_0_0
id=SFUConnection status=6000 ts=1760711555229 frame=1550 trackID=cl1_mdc_video_0_0 frameSize=233032
id=SFUConnection status=6001 ts=1760711555232 frame=1550 trackID=cl1_mdc_video_0_0
id=SFUConnection status=6002 ts=1760711555454 frame=1560 trackID=cl0_mdc_video_0_0
id=SFUConnection status=6003 ts=1760711555459 frame=1560 trackID=cl0_mdc_video_0_0
id=SFUConnection status=6000 ts=1760711555558 frame=1560 trackID=cl1_mdc_video_0_0 frameSize=233032
id=SFUConnection status=6001 ts=1760711555562 frame=1560 trackID=cl1_mdc_video_0_0
id=SFUConnection status=6002 ts=1760711555789 frame=1570 trackID=cl0_mdc_video_0_0
id=SFUConnection status=6003 ts=1760711555794 frame=1570 trackID=cl0_mdc_video_0_0
id=SFUConnection status=6000 ts=1760711555888 frame=1570 trackID=cl1_mdc_video_0_0 frameSize=233032
id=SFUConnection status=6001 ts=1760711555893 frame=1570 trackID=cl1_mdc_video_0_0
id=SFUConnection status=6002 ts=1760711556115 frame=1580 trackID=cl0_mdc_video_0_0
id=SFUConnection status=6003 ts=1760711556118 frame=1580 trackID=cl0_mdc_video_0_0
id=SFUConnection status=6000 ts=1760711556218 frame=1580 trackID=cl1_mdc_video_0_0 frameSize=233032
id=SFUConnection status=6001 ts=1760711556221 frame=1580 trackID=cl1_mdc_video_0_0
id=SFUConnection status=6002 ts=1760711556450 frame=1590 trackID=cl0_mdc_video_0_0
id=SFUConnection status=6003 ts=1760711556456 frame=1590 trackID=cl0_mdc_video_0_0
id=SFUConnection status=6000 ts=1760711556549 frame=1590 trackID=cl1_mdc_video_0_0 frameSize=233032
id=SFUConnection status=6001 ts=1760711556551 frame=1590 trackID=cl1_mdc_video_0_0
id=SFUConnection status=6002 ts=1760711556779 frame=1600 trackID=cl0_mdc_video_0_0
id=SFUConnection status=6003 ts=1760711556783 frame=1600 trackID=cl0_mdc_video_0_0
id=SFUConnection status=6000 ts=1760711556880 frame=1600 trackID=cl1_mdc_video_0_0 frameSize=233032
id=SFUConnection status=6001 ts=1760711556882 frame=1600 trackID=cl1_mdc_video_0_0
id=SFUConnection status=6002 ts=1760711557104 frame=1610 trackID=cl0_mdc_video_0_0
id=SFUConnection status=6003 ts=1760711557107 frame=1610 trackID=cl0_mdc_video_0_0
id=SFUConnection status=6000 ts=1760711557208 frame=1610 trackID=cl1_mdc_video_0_0 frameSize=233032
id=SFUConnection status=6001 ts=1760711557211 frame=1610 trackID=cl1_mdc_video_0_0
id=SFUConnection status=6002 ts=1760711557439 frame=1620 trackID=cl0_mdc_video_0_0
id=SFUConnection status=6003 ts=1760711557445 frame=1620 trackID=cl0_mdc_video_0_0
id=SFUConnection status=6000 ts=1760711557539 frame=1620 trackID=cl1_mdc_video_0_0 frameSize=233032
id=SFUConnection status=6001 ts=1760711557541 frame=1620 trackID=cl1_mdc_video_0_0
id=SFUConnection status=6002 ts=1760711557764 frame=1630 trackID=cl0_mdc_video_0_0
id=SFUConnection status=6003 ts=1760711557767 frame=1630 trackID=cl0_mdc_video_0_0
id=SFUConnection status=6000 ts=1760711557868 frame=1630 trackID=cl1_mdc_video_0_0 frameSize=233032
id=SFUConnection status=6001 ts=1760711557870 frame=1630 trackID=cl1_mdc_video_0_0
id=SFUConnection status=6002 ts=1760711558094 frame=1640 trackID=cl0_mdc_video_0_0
id=SFUConnection status=6003 ts=1760711558097 frame=1640 trackID=cl0_mdc_video_0_0
id=SFUConnection status=6000 ts=1760711558198 frame=1640 trackID=cl1_mdc_video_0_0 frameSize=233032
id=SFUConnection status=6001 ts=1760711558202 frame=1640 trackID=cl1_mdc_video_0_0
id=SFUConnection status=6002 ts=1760711558429 frame=1650 trackID=cl0_mdc_video_0_0
id=SFUConnection status=6003 ts=1760711558434 frame=1650 trackID=cl0_mdc_video_0_0
id=SFUConnection status=6000 ts=1760711558529 frame=1650 trackID=cl1_mdc_video_0_0 frameSize=233032
id=SFUConnection status=6001 ts=1760711558531 frame=1650 trackID=cl1_mdc_video_0_0
id=SFUConnection status=6002 ts=1760711558755 frame=1660 trackID=cl0_mdc_video_0_0
id=SFUConnection status=6003 ts=1760711558758 frame=1660 trackID=cl0_mdc_video_0_0
id=SFUConnection status=6000 ts=1760711558858 frame=1660 trackID=cl1_mdc_video_0_0 frameSize=233032
id=SFUConnection status=6001 ts=1760711558861 frame=1660 trackID=cl1_mdc_video_0_0
id=SFUConnection status=6002 ts=1760711559080 frame=1670 trackID=cl0_mdc_video_0_0
id=SFUConnection status=6003 ts=1760711559090 frame=1670 trackID=cl0_mdc_video_0_0
id=SFUConnection status=6000 ts=1760711559188 frame=1670 trackID=cl1_mdc_video_0_0 frameSize=233032
id=SFUConnection status=6001 ts=1760711559191 frame=1670 trackID=cl1_mdc_video_0_0
id=SFUConnection status=6002 ts=1760711559415 frame=1680 trackID=cl0_mdc_video_0_0
id=SFUConnection status=6003 ts=1760711559418 frame=1680 trackID=cl0_mdc_video_0_0
id=SFUConnection status=6000 ts=1760711559518 frame=1680 trackID=cl1_mdc_video_0_0 frameSize=233032
id=SFUConnection status=6001 ts=1760711559521 frame=1680 trackID=cl1_mdc_video_0_0
id=SFUConnection status=6002 ts=1760711559749 frame=1690 trackID=cl0_mdc_video_0_0
id=SFUConnection status=6003 ts=1760711559753 frame=1690 trackID=cl0_mdc_video_0_0
id=SFUConnection status=6000 ts=1760711559848 frame=1690 trackID=cl1_mdc_video_0_0 frameSize=233032
id=SFUConnection status=6001 ts=1760711559851 frame=1690 trackID=cl1_mdc_video_0_0
id=SFUConnection status=6002 ts=1760711560079 frame=1700 trackID=cl0_mdc_video_0_0
id=SFUConnection status=6003 ts=1760711560084 frame=1700 trackID=cl0_mdc_video_0_0
id=SFUConnection status=6000 ts=1760711560178 frame=1700 trackID=cl1_mdc_video_0_0 frameSize=233032
id=SFUConnection status=6001 ts=1760711560182 frame=1700 trackID=cl1_mdc_video_0_0
id=SFUConnection status=6002 ts=1760711560410 frame=1710 trackID=cl0_mdc_video_0_0
id=SFUConnection status=6003 ts=1760711560417 frame=1710 trackID=cl0_mdc_video_0_0
id=SFUConnection status=6000 ts=1760711560510 frame=1710 trackID=cl1_mdc_video_0_0 frameSize=233032
id=SFUConnection status=6001 ts=1760711560512 frame=1710 trackID=cl1_mdc_video_0_0
id=SFUConnection status=6002 ts=1760711560740 frame=1720 trackID=cl0_mdc_video_0_0
id=SFUConnection status=6003 ts=1760711560745 frame=1720 trackID=cl0_mdc_video_0_0
id=SFUConnection status=6000 ts=1760711560838 frame=1720 trackID=cl1_mdc_video_0_0 frameSize=233032
id=SFUConnection status=6001 ts=1760711560843 frame=1720 trackID=cl1_mdc_video_0_0
id=SFUConnection status=6002 ts=1760711561061 frame=1730 trackID=cl0_mdc_video_0_0
id=SFUConnection status=6003 ts=1760711561070 frame=1730 trackID=cl0_mdc_video_0_0
id=SFUConnection status=6000 ts=1760711561168 frame=1730 trackID=cl1_mdc_video_0_0 frameSize=233032
id=SFUConnection status=6001 ts=1760711561171 frame=1730 trackID=cl1_mdc_video_0_0
id=SFUConnection status=6002 ts=1760711561400 frame=1740 trackID=cl0_mdc_video_0_0
id=SFUConnection status=6003 ts=1760711561404 frame=1740 trackID=cl0_mdc_video_0_0
id=SFUConnection status=6000 ts=1760711561499 frame=1740 trackID=cl1_mdc_video_0_0 frameSize=233032
id=SFUConnection status=6001 ts=1760711561503 frame=1740 trackID=cl1_mdc_video_0_0
id=SFUConnection status=6002 ts=1760711561729 frame=1750 trackID=cl0_mdc_video_0_0
id=SFUConnection status=6003 ts=1760711561735 frame=1750 trackID=cl0_mdc_video_0_0
id=SFUConnection status=6000 ts=1760711561828 frame=1750 trackID=cl1_mdc_video_0_0 frameSize=233032
id=SFUConnection status=6001 ts=1760711561830 frame=1750 trackID=cl1_mdc_video_0_0
id=SFUConnection status=6002 ts=1760711562055 frame=1760 trackID=cl0_mdc_video_0_0
id=SFUConnection status=6003 ts=1760711562057 frame=1760 trackID=cl0_mdc_video_0_0
id=SFUConnection status=6000 ts=1760711562158 frame=1760 trackID=cl1_mdc_video_0_0 frameSize=233032
id=SFUConnection status=6001 ts=1760711562161 frame=1760 trackID=cl1_mdc_video_0_0
id=SFUConnection status=6002 ts=1760711562391 frame=1770 trackID=cl0_mdc_video_0_0
id=SFUConnection status=6003 ts=1760711562396 frame=1770 trackID=cl0_mdc_video_0_0
id=SFUConnection status=6000 ts=1760711562488 frame=1770 trackID=cl1_mdc_video_0_0 frameSize=233032
id=SFUConnection status=6001 ts=1760711562498 frame=1770 trackID=cl1_mdc_video_0_0
id=SFUConnection status=6002 ts=1760711562714 frame=1780 trackID=cl0_mdc_video_0_0
id=SFUConnection status=6003 ts=1760711562717 frame=1780 trackID=cl0_mdc_video_0_0
