id=TranscoderFile status=0 trackPath=uploads/base_configs/client/connection_simple_cl1.json configPath=uploads/base_configs/client/transcoder/transcoder_file.json
id=TranscoderFileTrack status=0 trackID=cl0_mdc_video_0_0 path=uploads/base_configs/client/transcoder/file_tracks/mdc_video_0_0/config.json maxFrameNr=10
id=TranscoderFileTrack status=1 path=uploads/base_configs/client/transcoder/file_tracks/mdc_video_0_0/config.json maxFrameNr=10 fps=30
id=TranscoderFile status=1
id=SessionManagerConnection status=0 managerIP=127.0.0.1:9980 preferredclientID=0
id=SessionManagerConnection status=1
id=SessionManagerConnection status=7000 origin=manager type=FullyConnected
id=SessionManagerConnection status=2000 clientID=0 authKey=
id=SessionManagerConnection status=2001
id=SessionManagerConnection status=7000 origin=manager type=SessionJoined
id=SessionManagerConnection status=2005 codecMode=mdc defaultProvider= nProviders=1
id=SessionManagerConnection status=7000 origin=manager type=ClientAddedToProvider
id=SFUConnection status=1003 providerKey=sfu_mdc
id=SFUConnection status=1004 providerKey=sfu_mdc
id=SFUConnection status=1005 providerKey=sfu_mdc
id=SessionManagerConnection status=7000 origin=manager type=RemoteClientAdded
id=SessionManagerConnection status=2002 clientID=0 nTracks=1
id=SessionManagerConnection status=2003 clientID=0 nTracks=0
id=SessionManagerConnection status=3000 clientID=1
id=SFUConnection status=7000 origin=sfu providerKey=sfu_mdc type=OfferMessage
id=SessionManagerConnection status=7000 origin=manager type=ProviderRemoteClientTracksConnected
id=SFUConnection status=8001 providerKey=sfu_mdc state=connecting
id=SFUConnection status=7000 origin=sfu providerKey=sfu_mdc type=CandidateMessage
id=SFUConnection status=7000 origin=sfu providerKey=sfu_mdc type=OfferMessage
id=SFUConnection status=8001 providerKey=sfu_mdc state=connected
id=SFUConnection status=6000 ts=1760710643059 frame=0 trackID=cl0_mdc_video_0_0 frameSize=233032
id=SFUConnection status=6001 ts=1760710643062 frame=0 trackID=cl0_mdc_video_0_0
id=SFUConnection status=6002 ts=1760710643126 frame=0 trackID=cl1_mdc_video_0_0
id=SFUConnection status=6003 ts=1760710643131 frame=0 trackID=cl1_mdc_video_0_0
id=SFUConnection status=6000 ts=1760710646359 frame=100 trackID=cl0_mdc_video_0_0 frameSize=233032
id=SFUConnection status=6001 ts=1760710646364 frame=100 trackID=cl0_mdc_video_0_0
id=SFUConnection status=6002 ts=1760710646421 frame=100 trackID=cl1_mdc_video_0_0
id=SFUConnection status=6003 ts=1760710646427 frame=100 trackID=cl1_mdc_video_0_0
id=SFUConnection status=6000 ts=1760710649659 frame=200 trackID=cl0_mdc_video_0_0 frameSize=233032
id=SFUConnection status=6001 ts=1760710649663 frame=200 trackID=cl0_mdc_video_0_0
id=SFUConnection status=6002 ts=1760710649726 frame=200 trackID=cl1_mdc_video_0_0
id=SFUConnection status=6003 ts=1760710649730 frame=200 trackID=cl1_mdc_video_0_0
id=SFUConnection status=6000 ts=1760710652959 frame=300 trackID=cl0_mdc_video_0_0 frameSize=233032
id=SFUConnection status=6001 ts=1760710652963 frame=300 trackID=cl0_mdc_video_0_0
id=SFUConnection status=6002 ts=1760710653021 frame=300 trackID=cl1_mdc_video_0_0
id=SFUConnection status=6003 ts=1760710653035 frame=300 trackID=cl1_mdc_video_0_0
id=SFUConnection status=6000 ts=1760710656259 frame=400 trackID=cl0_mdc_video_0_0 frameSize=233032
id=SFUConnection status=6001 ts=1760710656263 frame=400 trackID=cl0_mdc_video_0_0
id=SFUConnection status=6002 ts=1760710656321 frame=400 trackID=cl1_mdc_video_0_0
id=SFUConnection status=6003 ts=1760710656327 frame=400 trackID=cl1_mdc_video_0_0
id=SFUConnection status=6000 ts=1760710659559 frame=500 trackID=cl0_mdc_video_0_0 frameSize=233032
id=SFUConnection status=6001 ts=1760710659563 frame=500 trackID=cl0_mdc_video_0_0
id=SFUConnection status=6002 ts=1760710659621 frame=500 trackID=cl1_mdc_video_0_0
id=SFUConnection status=6003 ts=1760710659626 frame=500 trackID=cl1_mdc_video_0_0
id=SFUConnection status=6000 ts=1760710662859 frame=600 trackID=cl0_mdc_video_0_0 frameSize=233032
id=SFUConnection status=6001 ts=1760710662863 frame=600 trackID=cl0_mdc_video_0_0
id=SFUConnection status=6002 ts=1760710662921 frame=600 trackID=cl1_mdc_video_0_0
id=SFUConnection status=6003 ts=1760710662926 frame=600 trackID=cl1_mdc_video_0_0
id=SFUConnection status=6000 ts=1760710666159 frame=700 trackID=cl0_mdc_video_0_0 frameSize=233032
id=SFUConnection status=6001 ts=1760710666163 frame=700 trackID=cl0_mdc_video_0_0
id=SFUConnection status=6002 ts=1760710666221 frame=700 trackID=cl1_mdc_video_0_0
id=SFUConnection status=6003 ts=1760710666228 frame=700 trackID=cl1_mdc_video_0_0
id=SFUConnection status=6000 ts=1760710669459 frame=800 trackID=cl0_mdc_video_0_0 frameSize=233032
id=SFUConnection status=6001 ts=1760710669462 frame=800 trackID=cl0_mdc_video_0_0
id=SFUConnection status=6002 ts=1760710669526 frame=800 trackID=cl1_mdc_video_0_0
id=SFUConnection status=6003 ts=1760710669531 frame=800 trackID=cl1_mdc_video_0_0
id=SFUConnection status=6000 ts=1760710672759 frame=900 trackID=cl0_mdc_video_0_0 frameSize=233032
id=SFUConnection status=6001 ts=1760710672764 frame=900 trackID=cl0_mdc_video_0_0
id=SFUConnection status=6002 ts=1760710672821 frame=900 trackID=cl1_mdc_video_0_0
id=SFUConnection status=6003 ts=1760710672832 frame=900 trackID=cl1_mdc_video_0_0
id=SFUConnection status=6000 ts=1760710676059 frame=1000 trackID=cl0_mdc_video_0_0 frameSize=233032
id=SFUConnection status=6001 ts=1760710676063 frame=1000 trackID=cl0_mdc_video_0_0
id=SFUConnection status=6002 ts=1760710676126 frame=1000 trackID=cl1_mdc_video_0_0
id=SFUConnection status=6003 ts=1760710676131 frame=1000 trackID=cl1_mdc_video_0_0
id=SFUConnection status=6000 ts=1760710679359 frame=1100 trackID=cl0_mdc_video_0_0 frameSize=233032
id=SFUConnection status=6001 ts=1760710679363 frame=1100 trackID=cl0_mdc_video_0_0
id=SFUConnection status=6002 ts=1760710679421 frame=1100 trackID=cl1_mdc_video_0_0
id=SFUConnection status=6003 ts=1760710679426 frame=1100 trackID=cl1_mdc_video_0_0
id=SFUConnection status=6000 ts=1760710682659 frame=1200 trackID=cl0_mdc_video_0_0 frameSize=233032
id=SFUConnection status=6001 ts=1760710682664 frame=1200 trackID=cl0_mdc_video_0_0
id=SFUConnection status=6002 ts=1760710682721 frame=1200 trackID=cl1_mdc_video_0_0
id=SFUConnection status=6003 ts=1760710682725 frame=1200 trackID=cl1_mdc_video_0_0
id=SFUConnection status=6000 ts=1760710685959 frame=1300 trackID=cl0_mdc_video_0_0 frameSize=233032
id=SFUConnection status=6001 ts=1760710685963 frame=1300 trackID=cl0_mdc_video_0_0
id=SFUConnection status=6002 ts=1760710686026 frame=1300 trackID=cl1_mdc_video_0_0
id=SFUConnection status=6003 ts=1760710686031 frame=1300 trackID=cl1_mdc_video_0_0
id=SFUConnection status=6000 ts=1760710689259 frame=1400 trackID=cl0_mdc_video_0_0 frameSize=233032
id=SFUConnection status=6001 ts=1760710689263 frame=1400 trackID=cl0_mdc_video_0_0
id=SFUConnection status=6002 ts=1760710689326 frame=1400 trackID=cl1_mdc_video_0_0
id=SFUConnection status=6003 ts=1760710689331 frame=1400 trackID=cl1_mdc_video_0_0
id=SFUConnection status=6000 ts=1760710692559 frame=1500 trackID=cl0_mdc_video_0_0 frameSize=233032
id=SFUConnection status=6001 ts=1760710692563 frame=1500 trackID=cl0_mdc_video_0_0
id=SFUConnection status=6002 ts=1760710692622 frame=1500 trackID=cl1_mdc_video_0_0
id=SFUConnection status=6003 ts=1760710692633 frame=1500 trackID=cl1_mdc_video_0_0
id=SFUConnection status=6000 ts=1760710695859 frame=1600 trackID=cl0_mdc_video_0_0 frameSize=233032
id=SFUConnection status=6001 ts=1760710695863 frame=1600 trackID=cl0_mdc_video_0_0
id=SFUConnection status=6002 ts=1760710695926 frame=1600 trackID=cl1_mdc_video_0_0
id=SFUConnection status=6003 ts=1760710695931 frame=1600 trackID=cl1_mdc_video_0_0
id=SFUConnection status=6000 ts=1760710699159 frame=1700 trackID=cl0_mdc_video_0_0 frameSize=233032
id=SFUConnection status=6001 ts=1760710699163 frame=1700 trackID=cl0_mdc_video_0_0
id=SFUConnection status=6002 ts=1760710699221 frame=1700 trackID=cl1_mdc_video_0_0
id=SFUConnection status=6003 ts=1760710699226 frame=1700 trackID=cl1_mdc_video_0_0
id=SFUConnection status=6000 ts=1760710702459 frame=1800 trackID=cl0_mdc_video_0_0 frameSize=233032
id=SFUConnection status=6001 ts=1760710702463 frame=1800 trackID=cl0_mdc_video_0_0
id=SFUConnection status=6002 ts=1760710702522 frame=1800 trackID=cl1_mdc_video_0_0
id=SFUConnection status=6003 ts=1760710702527 frame=1800 trackID=cl1_mdc_video_0_0
id=SFUConnection status=6000 ts=1760710705759 frame=1900 trackID=cl0_mdc_video_0_0 frameSize=233032
id=SFUConnection status=6001 ts=1760710705764 frame=1900 trackID=cl0_mdc_video_0_0
id=SFUConnection status=6002 ts=1760710705826 frame=1900 trackID=cl1_mdc_video_0_0
id=SFUConnection status=6003 ts=1760710705830 frame=1900 trackID=cl1_mdc_video_0_0
id=SFUConnection status=6000 ts=1760710709059 frame=2000 trackID=cl0_mdc_video_0_0 frameSize=233032
id=SFUConnection status=6001 ts=1760710709065 frame=2000 trackID=cl0_mdc_video_0_0
id=SFUConnection status=6002 ts=1760710709121 frame=2000 trackID=cl1_mdc_video_0_0
id=SFUConnection status=6003 ts=1760710709133 frame=2000 trackID=cl1_mdc_video_0_0
id=SFUConnection status=6000 ts=1760710712359 frame=2100 trackID=cl0_mdc_video_0_0 frameSize=233032
id=SFUConnection status=6001 ts=1760710712364 frame=2100 trackID=cl0_mdc_video_0_0
id=SFUConnection status=6002 ts=1760710712426 frame=2100 trackID=cl1_mdc_video_0_0
id=SFUConnection status=6003 ts=1760710712431 frame=2100 trackID=cl1_mdc_video_0_0
id=SFUConnection status=6000 ts=1760710715659 frame=2200 trackID=cl0_mdc_video_0_0 frameSize=233032
id=SFUConnection status=6001 ts=1760710715664 frame=2200 trackID=cl0_mdc_video_0_0
id=SFUConnection status=6002 ts=1760710715721 frame=2200 trackID=cl1_mdc_video_0_0
id=SFUConnection status=6003 ts=1760710715728 frame=2200 trackID=cl1_mdc_video_0_0
id=SFUConnection status=6000 ts=1760710718959 frame=2300 trackID=cl0_mdc_video_0_0 frameSize=233032
id=SFUConnection status=6001 ts=1760710718964 frame=2300 trackID=cl0_mdc_video_0_0
id=SFUConnection status=6002 ts=1760710719021 frame=2300 trackID=cl1_mdc_video_0_0
id=SFUConnection status=6003 ts=1760710719028 frame=2300 trackID=cl1_mdc_video_0_0
id=SFUConnection status=6000 ts=1760710722259 frame=2400 trackID=cl0_mdc_video_0_0 frameSize=233032
id=SFUConnection status=6001 ts=1760710722264 frame=2400 trackID=cl0_mdc_video_0_0
id=SFUConnection status=6002 ts=1760710722321 frame=2400 trackID=cl1_mdc_video_0_0
id=SFUConnection status=6003 ts=1760710722328 frame=2400 trackID=cl1_mdc_video_0_0
id=SFUConnection status=6000 ts=1760710725559 frame=2500 trackID=cl0_mdc_video_0_0 frameSize=233032
id=SFUConnection status=6001 ts=1760710725565 frame=2500 trackID=cl0_mdc_video_0_0
id=SFUConnection status=6002 ts=1760710725621 frame=2500 trackID=cl1_mdc_video_0_0
id=SFUConnection status=6003 ts=1760710725629 frame=2500 trackID=cl1_mdc_video_0_0
id=SFUConnection status=6000 ts=1760710728859 frame=2600 trackID=cl0_mdc_video_0_0 frameSize=233032
id=SFUConnection status=6001 ts=1760710728863 frame=2600 trackID=cl0_mdc_video_0_0
id=SFUConnection status=6002 ts=1760710728926 frame=2600 trackID=cl1_mdc_video_0_0
id=SFUConnection status=6003 ts=1760710728933 frame=2600 trackID=cl1_mdc_video_0_0
id=SFUConnection status=6000 ts=1760710732159 frame=2700 trackID=cl0_mdc_video_0_0 frameSize=233032
id=SFUConnection status=6001 ts=1760710732164 frame=2700 trackID=cl0_mdc_video_0_0
id=SFUConnection status=6002 ts=1760710732226 frame=2700 trackID=cl1_mdc_video_0_0
id=SFUConnection status=6003 ts=1760710732232 frame=2700 trackID=cl1_mdc_video_0_0
id=SFUConnection status=6000 ts=1760710735459 frame=2800 trackID=cl0_mdc_video_0_0 frameSize=233032
id=SFUConnection status=6001 ts=1760710735464 frame=2800 trackID=cl0_mdc_video_0_0
id=SFUConnection status=6002 ts=1760710735527 frame=2800 trackID=cl1_mdc_video_0_0
id=SFUConnection status=6003 ts=1760710735534 frame=2800 trackID=cl1_mdc_video_0_0
id=SFUConnection status=6000 ts=1760710738759 frame=2900 trackID=cl0_mdc_video_0_0 frameSize=233032
id=SFUConnection status=6001 ts=1760710738764 frame=2900 trackID=cl0_mdc_video_0_0
id=SFUConnection status=6002 ts=1760710738826 frame=2900 trackID=cl1_mdc_video_0_0
id=SFUConnection status=6003 ts=1760710738833 frame=2900 trackID=cl1_mdc_video_0_0
id=SFUConnection status=6000 ts=1760710742059 frame=3000 trackID=cl0_mdc_video_0_0 frameSize=233032
id=SFUConnection status=6001 ts=1760710742063 frame=3000 trackID=cl0_mdc_video_0_0
id=SFUConnection status=6002 ts=1760710742121 frame=3000 trackID=cl1_mdc_video_0_0
id=SFUConnection status=6003 ts=1760710742133 frame=3000 trackID=cl1_mdc_video_0_0
id=SFUConnection status=6000 ts=1760710745359 frame=3100 trackID=cl0_mdc_video_0_0 frameSize=233032
id=SFUConnection status=6001 ts=1760710745364 frame=3100 trackID=cl0_mdc_video_0_0
id=SFUConnection status=6002 ts=1760710745427 frame=3100 trackID=cl1_mdc_video_0_0
id=SFUConnection status=6003 ts=1760710745431 frame=3100 trackID=cl1_mdc_video_0_0
id=SFUConnection status=6000 ts=1760710748659 frame=3200 trackID=cl0_mdc_video_0_0 frameSize=233032
id=SFUConnection status=6001 ts=1760710748666 frame=3200 trackID=cl0_mdc_video_0_0
id=SFUConnection status=6002 ts=1760710748721 frame=3200 trackID=cl1_mdc_video_0_0
id=SFUConnection status=6003 ts=1760710748729 frame=3200 trackID=cl1_mdc_video_0_0
id=SFUConnection status=6000 ts=1760710751959 frame=3300 trackID=cl0_mdc_video_0_0 frameSize=233032
id=SFUConnection status=6001 ts=1760710751964 frame=3300 trackID=cl0_mdc_video_0_0
id=SFUConnection status=6002 ts=1760710752026 frame=3300 trackID=cl1_mdc_video_0_0
id=SFUConnection status=6003 ts=1760710752032 frame=3300 trackID=cl1_mdc_video_0_0
id=SFUConnection status=6000 ts=1760710755259 frame=3400 trackID=cl0_mdc_video_0_0 frameSize=233032
id=SFUConnection status=6001 ts=1760710755265 frame=3400 trackID=cl0_mdc_video_0_0
id=SFUConnection status=6002 ts=1760710755326 frame=3400 trackID=cl1_mdc_video_0_0
id=SFUConnection status=6003 ts=1760710755332 frame=3400 trackID=cl1_mdc_video_0_0
id=SFUConnection status=6000 ts=1760710758559 frame=3500 trackID=cl0_mdc_video_0_0 frameSize=233032
id=SFUConnection status=6001 ts=1760710758563 frame=3500 trackID=cl0_mdc_video_0_0
id=SFUConnection status=6002 ts=1760710758621 frame=3500 trackID=cl1_mdc_video_0_0
id=SFUConnection status=6003 ts=1760710758625 frame=3500 trackID=cl1_mdc_video_0_0
