id=TranscoderFile status=0 trackPath=uploads/base_configs/client/connection_simple_cl1.json configPath=uploads/base_configs/client/transcoder/transcoder_file.json
id=TranscoderFileTrack status=0 trackID=cl0_mdc_video_0_0 path=uploads/base_configs/client/transcoder/file_tracks/mdc_video_0_0/config.json maxFrameNr=10
id=TranscoderFileTrack status=1 path=uploads/base_configs/client/transcoder/file_tracks/mdc_video_0_0/config.json maxFrameNr=10 fps=30
id=TranscoderFile status=1
id=SessionManagerConnection status=0 managerIP=127.0.0.1:9980 preferredclientID=0
id=SessionManagerConnection status=1
id=SessionManagerConnection status=7000 origin=manager type=FullyConnected
id=SessionManagerConnection status=2000 clientID=0 authKey=
id=SessionManagerConnection status=2001
id=SessionManagerConnection status=7000 origin=manager type=SessionJoined
id=SessionManagerConnection status=2005 codecMode=mdc defaultProvider= nProviders=1
id=SessionManagerConnection status=7000 origin=manager type=ClientAddedToProvider
id=SFUConnection status=1003 providerKey=sfu_mdc
id=SFUConnection status=1004 providerKey=sfu_mdc
id=SFUConnection status=1005 providerKey=sfu_mdc
id=SessionManagerConnection status=7000 origin=manager type=RemoteClientAdded
id=SessionManagerConnection status=2002 clientID=0 nTracks=1
id=SessionManagerConnection status=2003 clientID=0 nTracks=0
id=SessionManagerConnection status=3000 clientID=1
id=SFUConnection status=7000 origin=sfu providerKey=sfu_mdc type=OfferMessage
id=SessionManagerConnection status=7000 origin=manager type=ProviderRemoteClientTracksConnected
id=SFUConnection status=8001 providerKey=sfu_mdc state=connecting
id=SFUConnection status=7000 origin=sfu providerKey=sfu_mdc type=CandidateMessage
id=SFUConnection status=7000 origin=sfu providerKey=sfu_mdc type=OfferMessage
id=SFUConnection status=8001 providerKey=sfu_mdc state=connected
id=SFUConnection status=6000 ts=1760711778370 frame=0 trackID=cl0_mdc_video_0_0 frameSize=233032
id=SFUConnection status=6001 ts=1760711778371 frame=0 trackID=cl0_mdc_video_0_0
id=SFUConnection status=6002 ts=1760711778373 frame=0 trackID=cl1_mdc_video_0_0
id=SFUConnection status=6003 ts=1760711778378 frame=0 trackID=cl1_mdc_video_0_0
id=SFUConnection status=6000 ts=1760711778700 frame=10 trackID=cl0_mdc_video_0_0 frameSize=233032
id=SFUConnection status=6001 ts=1760711778702 frame=10 trackID=cl0_mdc_video_0_0
id=SFUConnection status=6002 ts=1760711778709 frame=10 trackID=cl1_mdc_video_0_0
id=SFUConnection status=6003 ts=1760711778712 frame=10 trackID=cl1_mdc_video_0_0
id=SFUConnection status=6000 ts=1760711779030 frame=20 trackID=cl0_mdc_video_0_0 frameSize=233032
id=SFUConnection status=6002 ts=1760711779034 frame=20 trackID=cl1_mdc_video_0_0
id=SFUConnection status=6001 ts=1760711779036 frame=20 trackID=cl0_mdc_video_0_0
id=SFUConnection status=6003 ts=1760711779047 frame=20 trackID=cl1_mdc_video_0_0
id=SFUConnection status=6000 ts=1760711779360 frame=30 trackID=cl0_mdc_video_0_0 frameSize=233032
id=SFUConnection status=6002 ts=1760711779364 frame=30 trackID=cl1_mdc_video_0_0
id=SFUConnection status=6001 ts=1760711779364 frame=30 trackID=cl0_mdc_video_0_0
id=SFUConnection status=6003 ts=1760711779375 frame=30 trackID=cl1_mdc_video_0_0
id=SFUConnection status=6000 ts=1760711779690 frame=40 trackID=cl0_mdc_video_0_0 frameSize=233032
id=SFUConnection status=6002 ts=1760711779694 frame=40 trackID=cl1_mdc_video_0_0
id=SFUConnection status=6001 ts=1760711779696 frame=40 trackID=cl0_mdc_video_0_0
id=SFUConnection status=6003 ts=1760711779703 frame=40 trackID=cl1_mdc_video_0_0
id=SFUConnection status=6000 ts=1760711780021 frame=50 trackID=cl0_mdc_video_0_0 frameSize=233032
id=SFUConnection status=6002 ts=1760711780024 frame=50 trackID=cl1_mdc_video_0_0
id=SFUConnection status=6001 ts=1760711780027 frame=50 trackID=cl0_mdc_video_0_0
id=SFUConnection status=6003 ts=1760711780037 frame=50 trackID=cl1_mdc_video_0_0
id=SFUConnection status=6000 ts=1760711780350 frame=60 trackID=cl0_mdc_video_0_0 frameSize=233032
id=SFUConnection status=6002 ts=1760711780353 frame=60 trackID=cl1_mdc_video_0_0
id=SFUConnection status=6001 ts=1760711780356 frame=60 trackID=cl0_mdc_video_0_0
id=SFUConnection status=6003 ts=1760711780365 frame=60 trackID=cl1_mdc_video_0_0
id=SFUConnection status=6000 ts=1760711780680 frame=70 trackID=cl0_mdc_video_0_0 frameSize=233032
id=SFUConnection status=6001 ts=1760711780681 frame=70 trackID=cl0_mdc_video_0_0
id=SFUConnection status=6002 ts=1760711780684 frame=70 trackID=cl1_mdc_video_0_0
id=SFUConnection status=6003 ts=1760711780686 frame=70 trackID=cl1_mdc_video_0_0
id=SFUConnection status=6000 ts=1760711781010 frame=80 trackID=cl0_mdc_video_0_0 frameSize=233032
id=SFUConnection status=6001 ts=1760711781013 frame=80 trackID=cl0_mdc_video_0_0
id=SFUConnection status=6002 ts=1760711781014 frame=80 trackID=cl1_mdc_video_0_0
id=SFUConnection status=6003 ts=1760711781023 frame=80 trackID=cl1_mdc_video_0_0
id=SFUConnection status=6000 ts=1760711781340 frame=90 trackID=cl0_mdc_video_0_0 frameSize=233032
id=SFUConnection status=6002 ts=1760711781343 frame=90 trackID=cl1_mdc_video_0_0
id=SFUConnection status=6001 ts=1760711781344 frame=90 trackID=cl0_mdc_video_0_0
id=SFUConnection status=6003 ts=1760711781354 frame=90 trackID=cl1_mdc_video_0_0
id=SFUConnection status=6000 ts=1760711781670 frame=100 trackID=cl0_mdc_video_0_0 frameSize=233032
id=SFUConnection status=6001 ts=1760711781674 frame=100 trackID=cl0_mdc_video_0_0
id=SFUConnection status=6002 ts=1760711781674 frame=100 trackID=cl1_mdc_video_0_0
id=SFUConnection status=6003 ts=1760711781682 frame=100 trackID=cl1_mdc_video_0_0
id=SFUConnection status=6000 ts=1760711782001 frame=110 trackID=cl0_mdc_video_0_0 frameSize=233032
id=SFUConnection status=6001 ts=1760711782002 frame=110 trackID=cl0_mdc_video_0_0
id=SFUConnection status=6002 ts=1760711782004 frame=110 trackID=cl1_mdc_video_0_0
id=SFUConnection status=6003 ts=1760711782007 frame=110 trackID=cl1_mdc_video_0_0
id=SFUConnection status=6000 ts=1760711782330 frame=120 trackID=cl0_mdc_video_0_0 frameSize=233032
id=SFUConnection status=6001 ts=1760711782333 frame=120 trackID=cl0_mdc_video_0_0
id=SFUConnection status=6002 ts=1760711782333 frame=120 trackID=cl1_mdc_video_0_0
id=SFUConnection status=6003 ts=1760711782337 frame=120 trackID=cl1_mdc_video_0_0
id=SFUConnection status=6000 ts=1760711782660 frame=130 trackID=cl0_mdc_video_0_0 frameSize=233032
id=SFUConnection status=6001 ts=1760711782663 frame=130 trackID=cl0_mdc_video_0_0
id=SFUConnection status=6002 ts=1760711782664 frame=130 trackID=cl1_mdc_video_0_0
id=SFUConnection status=6003 ts=1760711782678 frame=130 trackID=cl1_mdc_video_0_0
id=SFUConnection status=6000 ts=1760711782990 frame=140 trackID=cl0_mdc_video_0_0 frameSize=233032
id=SFUConnection status=6001 ts=1760711782993 frame=140 trackID=cl0_mdc_video_0_0
id=SFUConnection status=6002 ts=1760711782994 frame=140 trackID=cl1_mdc_video_0_0
id=SFUConnection status=6003 ts=1760711783006 frame=140 trackID=cl1_mdc_video_0_0
id=SFUConnection status=6000 ts=1760711783320 frame=150 trackID=cl0_mdc_video_0_0 frameSize=233032
id=SFUConnection status=6002 ts=1760711783324 frame=150 trackID=cl1_mdc_video_0_0
id=SFUConnection status=6001 ts=1760711783325 frame=150 trackID=cl0_mdc_video_0_0
id=SFUConnection status=6003 ts=1760711783334 frame=150 trackID=cl1_mdc_video_0_0
id=SFUConnection status=6000 ts=1760711783650 frame=160 trackID=cl0_mdc_video_0_0 frameSize=233032
id=SFUConnection status=6001 ts=1760711783654 frame=160 trackID=cl0_mdc_video_0_0
id=SFUConnection status=6002 ts=1760711783659 frame=160 trackID=cl1_mdc_video_0_0
id=SFUConnection status=6003 ts=1760711783666 frame=160 trackID=cl1_mdc_video_0_0
id=SFUConnection status=6000 ts=1760711783980 frame=170 trackID=cl0_mdc_video_0_0 frameSize=233032
id=SFUConnection status=6001 ts=1760711783982 frame=170 trackID=cl0_mdc_video_0_0
id=SFUConnection status=6002 ts=1760711783984 frame=170 trackID=cl1_mdc_video_0_0
id=SFUConnection status=6003 ts=1760711783992 frame=170 trackID=cl1_mdc_video_0_0
id=SFUConnection status=6000 ts=1760711784311 frame=180 trackID=cl0_mdc_video_0_0 frameSize=233032
id=SFUConnection status=6002 ts=1760711784313 frame=180 trackID=cl1_mdc_video_0_0
id=SFUConnection status=6001 ts=1760711784317 frame=180 trackID=cl0_mdc_video_0_0
id=SFUConnection status=6003 ts=1760711784325 frame=180 trackID=cl1_mdc_video_0_0
id=SFUConnection status=6000 ts=1760711784640 frame=190 trackID=cl0_mdc_video_0_0 frameSize=233032
id=SFUConnection status=6001 ts=1760711784643 frame=190 trackID=cl0_mdc_video_0_0
id=SFUConnection status=6002 ts=1760711784644 frame=190 trackID=cl1_mdc_video_0_0
id=SFUConnection status=6003 ts=1760711784655 frame=190 trackID=cl1_mdc_video_0_0
id=SFUConnection status=6000 ts=1760711784971 frame=200 trackID=cl0_mdc_video_0_0 frameSize=233032
id=SFUConnection status=6001 ts=1760711784972 frame=200 trackID=cl0_mdc_video_0_0
id=SFUConnection status=6002 ts=1760711784974 frame=200 trackID=cl1_mdc_video_0_0
id=SFUConnection status=6003 ts=1760711784977 frame=200 trackID=cl1_mdc_video_0_0
id=SFUConnection status=6000 ts=1760711785300 frame=210 trackID=cl0_mdc_video_0_0 frameSize=233032
id=SFUConnection status=6002 ts=1760711785304 frame=210 trackID=cl1_mdc_video_0_0
id=SFUConnection status=6001 ts=1760711785305 frame=210 trackID=cl0_mdc_video_0_0
id=SFUConnection status=6003 ts=1760711785313 frame=210 trackID=cl1_mdc_video_0_0
id=SFUConnection status=6000 ts=1760711785631 frame=220 trackID=cl0_mdc_video_0_0 frameSize=233032
id=SFUConnection status=6001 ts=1760711785635 frame=220 trackID=cl0_mdc_video_0_0
id=SFUConnection status=6002 ts=1760711785639 frame=220 trackID=cl1_mdc_video_0_0
id=SFUConnection status=6003 ts=1760711785645 frame=220 trackID=cl1_mdc_video_0_0
id=SFUConnection status=6000 ts=1760711785960 frame=230 trackID=cl0_mdc_video_0_0 frameSize=233032
id=SFUConnection status=6001 ts=1760711785962 frame=230 trackID=cl0_mdc_video_0_0
id=SFUConnection status=6002 ts=1760711785964 frame=230 trackID=cl1_mdc_video_0_0
id=SFUConnection status=6003 ts=1760711785967 frame=230 trackID=cl1_mdc_video_0_0
id=SFUConnection status=6000 ts=1760711786290 frame=240 trackID=cl0_mdc_video_0_0 frameSize=233032
id=SFUConnection status=6002 ts=1760711786294 frame=240 trackID=cl1_mdc_video_0_0
id=SFUConnection status=6001 ts=1760711786294 frame=240 trackID=cl0_mdc_video_0_0
id=SFUConnection status=6003 ts=1760711786305 frame=240 trackID=cl1_mdc_video_0_0
id=SFUConnection status=6000 ts=1760711786621 frame=250 trackID=cl0_mdc_video_0_0 frameSize=233032
id=SFUConnection status=6002 ts=1760711786624 frame=250 trackID=cl1_mdc_video_0_0
id=SFUConnection status=6001 ts=1760711786626 frame=250 trackID=cl0_mdc_video_0_0
id=SFUConnection status=6003 ts=1760711786633 frame=250 trackID=cl1_mdc_video_0_0
id=SFUConnection status=6000 ts=1760711786950 frame=260 trackID=cl0_mdc_video_0_0 frameSize=233032
id=SFUConnection status=6001 ts=1760711786956 frame=260 trackID=cl0_mdc_video_0_0
id=SFUConnection status=6002 ts=1760711786959 frame=260 trackID=cl1_mdc_video_0_0
id=SFUConnection status=6003 ts=1760711786966 frame=260 trackID=cl1_mdc_video_0_0
id=SFUConnection status=6000 ts=1760711787280 frame=270 trackID=cl0_mdc_video_0_0 frameSize=233032
id=SFUConnection status=6001 ts=1760711787282 frame=270 trackID=cl0_mdc_video_0_0
id=SFUConnection status=6002 ts=1760711787283 frame=270 trackID=cl1_mdc_video_0_0
id=SFUConnection status=6003 ts=1760711787290 frame=270 trackID=cl1_mdc_video_0_0
id=SFUConnection status=6000 ts=1760711787612 frame=280 trackID=cl0_mdc_video_0_0 frameSize=233032
id=SFUConnection status=6001 ts=1760711787617 frame=280 trackID=cl0_mdc_video_0_0
id=SFUConnection status=6002 ts=1760711787619 frame=280 trackID=cl1_mdc_video_0_0
id=SFUConnection status=6003 ts=1760711787629 frame=280 trackID=cl1_mdc_video_0_0
id=SFUConnection status=6000 ts=1760711787940 frame=290 trackID=cl0_mdc_video_0_0 frameSize=233032
id=SFUConnection status=6001 ts=1760711787943 frame=290 trackID=cl0_mdc_video_0_0
id=SFUConnection status=6002 ts=1760711787944 frame=290 trackID=cl1_mdc_video_0_0
id=SFUConnection status=6003 ts=1760711787951 frame=290 trackID=cl1_mdc_video_0_0
id=SFUConnection status=6000 ts=1760711788270 frame=300 trackID=cl0_mdc_video_0_0 frameSize=233032
id=SFUConnection status=6002 ts=1760711788274 frame=300 trackID=cl1_mdc_video_0_0
id=SFUConnection status=6001 ts=1760711788275 frame=300 trackID=cl0_mdc_video_0_0
id=SFUConnection status=6003 ts=1760711788286 frame=300 trackID=cl1_mdc_video_0_0
id=SFUConnection status=6000 ts=1760711788600 frame=310 trackID=cl0_mdc_video_0_0 frameSize=233032
id=SFUConnection status=6001 ts=1760711788602 frame=310 trackID=cl0_mdc_video_0_0
id=SFUConnection status=6002 ts=1760711788604 frame=310 trackID=cl1_mdc_video_0_0
id=SFUConnection status=6003 ts=1760711788611 frame=310 trackID=cl1_mdc_video_0_0
id=SFUConnection status=6000 ts=1760711788930 frame=320 trackID=cl0_mdc_video_0_0 frameSize=233032
id=SFUConnection status=6002 ts=1760711788935 frame=320 trackID=cl1_mdc_video_0_0
id=SFUConnection status=6001 ts=1760711788938 frame=320 trackID=cl0_mdc_video_0_0
id=SFUConnection status=6003 ts=1760711788945 frame=320 trackID=cl1_mdc_video_0_0
id=SFUConnection status=6000 ts=1760711789261 frame=330 trackID=cl0_mdc_video_0_0 frameSize=233032
id=SFUConnection status=6001 ts=1760711789262 frame=330 trackID=cl0_mdc_video_0_0
id=SFUConnection status=6002 ts=1760711789264 frame=330 trackID=cl1_mdc_video_0_0
id=SFUConnection status=6003 ts=1760711789269 frame=330 trackID=cl1_mdc_video_0_0
id=SFUConnection status=6000 ts=1760711789591 frame=340 trackID=cl0_mdc_video_0_0 frameSize=233032
id=SFUConnection status=6001 ts=1760711789593 frame=340 trackID=cl0_mdc_video_0_0
id=SFUConnection status=6002 ts=1760711789594 frame=340 trackID=cl1_mdc_video_0_0
id=SFUConnection status=6003 ts=1760711789605 frame=340 trackID=cl1_mdc_video_0_0
id=SFUConnection status=6000 ts=1760711789920 frame=350 trackID=cl0_mdc_video_0_0 frameSize=233032
id=SFUConnection status=6001 ts=1760711789924 frame=350 trackID=cl0_mdc_video_0_0
id=SFUConnection status=6002 ts=1760711789924 frame=350 trackID=cl1_mdc_video_0_0
id=SFUConnection status=6003 ts=1760711789931 frame=350 trackID=cl1_mdc_video_0_0
id=SFUConnection status=6000 ts=1760711790252 frame=360 trackID=cl0_mdc_video_0_0 frameSize=233032
id=SFUConnection status=6002 ts=1760711790254 frame=360 trackID=cl1_mdc_video_0_0
id=SFUConnection status=6001 ts=1760711790257 frame=360 trackID=cl0_mdc_video_0_0
id=SFUConnection status=6003 ts=1760711790267 frame=360 trackID=cl1_mdc_video_0_0
id=SFUConnection status=6000 ts=1760711790580 frame=370 trackID=cl0_mdc_video_0_0 frameSize=233032
id=SFUConnection status=6001 ts=1760711790585 frame=370 trackID=cl0_mdc_video_0_0
id=SFUConnection status=6002 ts=1760711790589 frame=370 trackID=cl1_mdc_video_0_0
id=SFUConnection status=6003 ts=1760711790593 frame=370 trackID=cl1_mdc_video_0_0
id=SFUConnection status=6000 ts=1760711790911 frame=380 trackID=cl0_mdc_video_0_0 frameSize=233032
id=SFUConnection status=6002 ts=1760711790914 frame=380 trackID=cl1_mdc_video_0_0
id=SFUConnection status=6001 ts=1760711790917 frame=380 trackID=cl0_mdc_video_0_0
id=SFUConnection status=6003 ts=1760711790935 frame=380 trackID=cl1_mdc_video_0_0
id=SFUConnection status=6000 ts=1760711791240 frame=390 trackID=cl0_mdc_video_0_0 frameSize=233032
id=SFUConnection status=6001 ts=1760711791242 frame=390 trackID=cl0_mdc_video_0_0
id=SFUConnection status=6002 ts=1760711791243 frame=390 trackID=cl1_mdc_video_0_0
id=SFUConnection status=6003 ts=1760711791249 frame=390 trackID=cl1_mdc_video_0_0
id=SFUConnection status=6000 ts=1760711791570 frame=400 trackID=cl0_mdc_video_0_0 frameSize=233032
id=SFUConnection status=6001 ts=1760711791575 frame=400 trackID=cl0_mdc_video_0_0
id=SFUConnection status=6002 ts=1760711791577 frame=400 trackID=cl1_mdc_video_0_0
id=SFUConnection status=6003 ts=1760711791585 frame=400 trackID=cl1_mdc_video_0_0
id=SFUConnection status=6000 ts=1760711791900 frame=410 trackID=cl0_mdc_video_0_0 frameSize=233032
id=SFUConnection status=6001 ts=1760711791904 frame=410 trackID=cl0_mdc_video_0_0
id=SFUConnection status=6002 ts=1760711791905 frame=410 trackID=cl1_mdc_video_0_0
id=SFUConnection status=6003 ts=1760711791916 frame=410 trackID=cl1_mdc_video_0_0
id=SFUConnection status=6000 ts=1760711792230 frame=420 trackID=cl0_mdc_video_0_0 frameSize=233032
id=SFUConnection status=6001 ts=1760711792233 frame=420 trackID=cl0_mdc_video_0_0
id=SFUConnection status=6002 ts=1760711792234 frame=420 trackID=cl1_mdc_video_0_0
id=SFUConnection status=6003 ts=1760711792241 frame=420 trackID=cl1_mdc_video_0_0
id=SFUConnection status=6000 ts=1760711792560 frame=430 trackID=cl0_mdc_video_0_0 frameSize=233032
id=SFUConnection status=6001 ts=1760711792562 frame=430 trackID=cl0_mdc_video_0_0
id=SFUConnection status=6002 ts=1760711792569 frame=430 trackID=cl1_mdc_video_0_0
id=SFUConnection status=6003 ts=1760711792576 frame=430 trackID=cl1_mdc_video_0_0
id=SFUConnection status=6000 ts=1760711792891 frame=440 trackID=cl0_mdc_video_0_0 frameSize=233032
id=SFUConnection status=6002 ts=1760711792894 frame=440 trackID=cl1_mdc_video_0_0
id=SFUConnection status=6001 ts=1760711792895 frame=440 trackID=cl0_mdc_video_0_0
id=SFUConnection status=6003 ts=1760711792905 frame=440 trackID=cl1_mdc_video_0_0
id=SFUConnection status=6000 ts=1760711793220 frame=450 trackID=cl0_mdc_video_0_0 frameSize=233032
id=SFUConnection status=6002 ts=1760711793224 frame=450 trackID=cl1_mdc_video_0_0
id=SFUConnection status=6001 ts=1760711793225 frame=450 trackID=cl0_mdc_video_0_0
id=SFUConnection status=6003 ts=1760711793237 frame=450 trackID=cl1_mdc_video_0_0
id=SFUConnection status=6000 ts=1760711793550 frame=460 trackID=cl0_mdc_video_0_0 frameSize=233032
id=SFUConnection status=6001 ts=1760711793552 frame=460 trackID=cl0_mdc_video_0_0
id=SFUConnection status=6002 ts=1760711793559 frame=460 trackID=cl1_mdc_video_0_0
id=SFUConnection status=6003 ts=1760711793568 frame=460 trackID=cl1_mdc_video_0_0
id=SFUConnection status=6000 ts=1760711793880 frame=470 trackID=cl0_mdc_video_0_0 frameSize=233032
id=SFUConnection status=6001 ts=1760711793884 frame=470 trackID=cl0_mdc_video_0_0
id=SFUConnection status=6002 ts=1760711793885 frame=470 trackID=cl1_mdc_video_0_0
id=SFUConnection status=6003 ts=1760711793894 frame=470 trackID=cl1_mdc_video_0_0
id=SFUConnection status=6000 ts=1760711794211 frame=480 trackID=cl0_mdc_video_0_0 frameSize=233032
id=SFUConnection status=6002 ts=1760711794214 frame=480 trackID=cl1_mdc_video_0_0
id=SFUConnection status=6001 ts=1760711794220 frame=480 trackID=cl0_mdc_video_0_0
id=SFUConnection status=6003 ts=1760711794225 frame=480 trackID=cl1_mdc_video_0_0
id=SFUConnection status=6000 ts=1760711794540 frame=490 trackID=cl0_mdc_video_0_0 frameSize=233032
id=SFUConnection status=6001 ts=1760711794546 frame=490 trackID=cl0_mdc_video_0_0
id=SFUConnection status=6002 ts=1760711794551 frame=490 trackID=cl1_mdc_video_0_0
id=SFUConnection status=6003 ts=1760711794560 frame=490 trackID=cl1_mdc_video_0_0
id=SFUConnection status=6000 ts=1760711794870 frame=500 trackID=cl0_mdc_video_0_0 frameSize=233032
id=SFUConnection status=6001 ts=1760711794873 frame=500 trackID=cl0_mdc_video_0_0
id=SFUConnection status=6002 ts=1760711794873 frame=500 trackID=cl1_mdc_video_0_0
id=SFUConnection status=6003 ts=1760711794884 frame=500 trackID=cl1_mdc_video_0_0
id=SFUConnection status=6000 ts=1760711795200 frame=510 trackID=cl0_mdc_video_0_0 frameSize=233032
id=SFUConnection status=6002 ts=1760711795204 frame=510 trackID=cl1_mdc_video_0_0
id=SFUConnection status=6001 ts=1760711795207 frame=510 trackID=cl0_mdc_video_0_0
id=SFUConnection status=6003 ts=1760711795214 frame=510 trackID=cl1_mdc_video_0_0
id=SFUConnection status=6000 ts=1760711795531 frame=520 trackID=cl0_mdc_video_0_0 frameSize=233032
id=SFUConnection status=6001 ts=1760711795533 frame=520 trackID=cl0_mdc_video_0_0
id=SFUConnection status=6002 ts=1760711795534 frame=520 trackID=cl1_mdc_video_0_0
id=SFUConnection status=6003 ts=1760711795535 frame=520 trackID=cl1_mdc_video_0_0
id=SFUConnection status=6000 ts=1760711795861 frame=530 trackID=cl0_mdc_video_0_0 frameSize=233032
id=SFUConnection status=6001 ts=1760711795864 frame=530 trackID=cl0_mdc_video_0_0
id=SFUConnection status=6002 ts=1760711795868 frame=530 trackID=cl1_mdc_video_0_0
id=SFUConnection status=6003 ts=1760711795876 frame=530 trackID=cl1_mdc_video_0_0
id=SFUConnection status=6000 ts=1760711796190 frame=540 trackID=cl0_mdc_video_0_0 frameSize=233032
id=SFUConnection status=6002 ts=1760711796194 frame=540 trackID=cl1_mdc_video_0_0
id=SFUConnection status=6001 ts=1760711796195 frame=540 trackID=cl0_mdc_video_0_0
id=SFUConnection status=6003 ts=1760711796204 frame=540 trackID=cl1_mdc_video_0_0
id=SFUConnection status=6000 ts=1760711796520 frame=550 trackID=cl0_mdc_video_0_0 frameSize=233032
id=SFUConnection status=6002 ts=1760711796524 frame=550 trackID=cl1_mdc_video_0_0
id=SFUConnection status=6001 ts=1760711796524 frame=550 trackID=cl0_mdc_video_0_0
id=SFUConnection status=6003 ts=1760711796536 frame=550 trackID=cl1_mdc_video_0_0
id=SFUConnection status=6000 ts=1760711796851 frame=560 trackID=cl0_mdc_video_0_0 frameSize=233032
id=SFUConnection status=6001 ts=1760711796854 frame=560 trackID=cl0_mdc_video_0_0
id=SFUConnection status=6002 ts=1760711796859 frame=560 trackID=cl1_mdc_video_0_0
id=SFUConnection status=6003 ts=1760711796867 frame=560 trackID=cl1_mdc_video_0_0
id=SFUConnection status=6000 ts=1760711797181 frame=570 trackID=cl0_mdc_video_0_0 frameSize=233032
id=SFUConnection status=6002 ts=1760711797184 frame=570 trackID=cl1_mdc_video_0_0
id=SFUConnection status=6001 ts=1760711797186 frame=570 trackID=cl0_mdc_video_0_0
id=SFUConnection status=6003 ts=1760711797196 frame=570 trackID=cl1_mdc_video_0_0
id=SFUConnection status=6000 ts=1760711797512 frame=580 trackID=cl0_mdc_video_0_0 frameSize=233032
id=SFUConnection status=6001 ts=1760711797514 frame=580 trackID=cl0_mdc_video_0_0
id=SFUConnection status=6002 ts=1760711797519 frame=580 trackID=cl1_mdc_video_0_0
id=SFUConnection status=6003 ts=1760711797526 frame=580 trackID=cl1_mdc_video_0_0
id=SFUConnection status=6000 ts=1760711797840 frame=590 trackID=cl0_mdc_video_0_0 frameSize=233032
id=SFUConnection status=6002 ts=1760711797843 frame=590 trackID=cl1_mdc_video_0_0
id=SFUConnection status=6001 ts=1760711797846 frame=590 trackID=cl0_mdc_video_0_0
id=SFUConnection status=6003 ts=1760711797854 frame=590 trackID=cl1_mdc_video_0_0
id=SFUConnection status=6000 ts=1760711798170 frame=600 trackID=cl0_mdc_video_0_0 frameSize=233032
id=SFUConnection status=6001 ts=1760711798171 frame=600 trackID=cl0_mdc_video_0_0
id=SFUConnection status=6002 ts=1760711798174 frame=600 trackID=cl1_mdc_video_0_0
id=SFUConnection status=6003 ts=1760711798185 frame=600 trackID=cl1_mdc_video_0_0
id=SFUConnection status=6000 ts=1760711798501 frame=610 trackID=cl0_mdc_video_0_0 frameSize=233032
id=SFUConnection status=6001 ts=1760711798502 frame=610 trackID=cl0_mdc_video_0_0
id=SFUConnection status=6002 ts=1760711798504 frame=610 trackID=cl1_mdc_video_0_0
id=SFUConnection status=6003 ts=1760711798511 frame=610 trackID=cl1_mdc_video_0_0
id=SFUConnection status=6000 ts=1760711798831 frame=620 trackID=cl0_mdc_video_0_0 frameSize=233032
id=SFUConnection status=6002 ts=1760711798834 frame=620 trackID=cl1_mdc_video_0_0
id=SFUConnection status=6001 ts=1760711798834 frame=620 trackID=cl0_mdc_video_0_0
id=SFUConnection status=6003 ts=1760711798844 frame=620 trackID=cl1_mdc_video_0_0
id=SFUConnection status=6000 ts=1760711799160 frame=630 trackID=cl0_mdc_video_0_0 frameSize=233032
id=SFUConnection status=6002 ts=1760711799163 frame=630 trackID=cl1_mdc_video_0_0
id=SFUConnection status=6001 ts=1760711799166 frame=630 trackID=cl0_mdc_video_0_0
id=SFUConnection status=6003 ts=1760711799176 frame=630 trackID=cl1_mdc_video_0_0
id=SFUConnection status=6000 ts=1760711799490 frame=640 trackID=cl0_mdc_video_0_0 frameSize=233032
id=SFUConnection status=6002 ts=1760711799494 frame=640 trackID=cl1_mdc_video_0_0
id=SFUConnection status=6001 ts=1760711799495 frame=640 trackID=cl0_mdc_video_0_0
id=SFUConnection status=6003 ts=1760711799509 frame=640 trackID=cl1_mdc_video_0_0
id=SFUConnection status=6000 ts=1760711799821 frame=650 trackID=cl0_mdc_video_0_0 frameSize=233032
id=SFUConnection status=6001 ts=1760711799822 frame=650 trackID=cl0_mdc_video_0_0
id=SFUConnection status=6002 ts=1760711799824 frame=650 trackID=cl1_mdc_video_0_0
id=SFUConnection status=6003 ts=1760711799826 frame=650 trackID=cl1_mdc_video_0_0
id=SFUConnection status=6000 ts=1760711800151 frame=660 trackID=cl0_mdc_video_0_0 frameSize=233032
id=SFUConnection status=6002 ts=1760711800154 frame=660 trackID=cl1_mdc_video_0_0
id=SFUConnection status=6001 ts=1760711800155 frame=660 trackID=cl0_mdc_video_0_0
id=SFUConnection status=6003 ts=1760711800165 frame=660 trackID=cl1_mdc_video_0_0
id=SFUConnection status=6000 ts=1760711800481 frame=670 trackID=cl0_mdc_video_0_0 frameSize=233032
id=SFUConnection status=6001 ts=1760711800482 frame=670 trackID=cl0_mdc_video_0_0
id=SFUConnection status=6002 ts=1760711800483 frame=670 trackID=cl1_mdc_video_0_0
id=SFUConnection status=6003 ts=1760711800495 frame=670 trackID=cl1_mdc_video_0_0
id=SFUConnection status=6000 ts=1760711800810 frame=680 trackID=cl0_mdc_video_0_0 frameSize=233032
id=SFUConnection status=6002 ts=1760711800814 frame=680 trackID=cl1_mdc_video_0_0
id=SFUConnection status=6001 ts=1760711800815 frame=680 trackID=cl0_mdc_video_0_0
id=SFUConnection status=6003 ts=1760711800824 frame=680 trackID=cl1_mdc_video_0_0
id=SFUConnection status=6000 ts=1760711801141 frame=690 trackID=cl0_mdc_video_0_0 frameSize=233032
id=SFUConnection status=6002 ts=1760711801144 frame=690 trackID=cl1_mdc_video_0_0
id=SFUConnection status=6001 ts=1760711801145 frame=690 trackID=cl0_mdc_video_0_0
id=SFUConnection status=6003 ts=1760711801155 frame=690 trackID=cl1_mdc_video_0_0
id=SFUConnection status=6000 ts=1760711801470 frame=700 trackID=cl0_mdc_video_0_0 frameSize=233032
id=SFUConnection status=6002 ts=1760711801474 frame=700 trackID=cl1_mdc_video_0_0
id=SFUConnection status=6001 ts=1760711801479 frame=700 trackID=cl0_mdc_video_0_0
id=SFUConnection status=6003 ts=1760711801483 frame=700 trackID=cl1_mdc_video_0_0
id=SFUConnection status=6000 ts=1760711801801 frame=710 trackID=cl0_mdc_video_0_0 frameSize=233032
id=SFUConnection status=6001 ts=1760711801805 frame=710 trackID=cl0_mdc_video_0_0
id=SFUConnection status=6002 ts=1760711801805 frame=710 trackID=cl1_mdc_video_0_0
id=SFUConnection status=6003 ts=1760711801814 frame=710 trackID=cl1_mdc_video_0_0
id=SFUConnection status=6000 ts=1760711802130 frame=720 trackID=cl0_mdc_video_0_0 frameSize=233032
id=SFUConnection status=6002 ts=1760711802134 frame=720 trackID=cl1_mdc_video_0_0
id=SFUConnection status=6001 ts=1760711802134 frame=720 trackID=cl0_mdc_video_0_0
id=SFUConnection status=6003 ts=1760711802144 frame=720 trackID=cl1_mdc_video_0_0
id=SFUConnection status=6000 ts=1760711802461 frame=730 trackID=cl0_mdc_video_0_0 frameSize=233032
id=SFUConnection status=6002 ts=1760711802464 frame=730 trackID=cl1_mdc_video_0_0
id=SFUConnection status=6001 ts=1760711802466 frame=730 trackID=cl0_mdc_video_0_0
id=SFUConnection status=6003 ts=1760711802477 frame=730 trackID=cl1_mdc_video_0_0
id=SFUConnection status=6000 ts=1760711802790 frame=740 trackID=cl0_mdc_video_0_0 frameSize=233032
id=SFUConnection status=6001 ts=1760711802793 frame=740 trackID=cl0_mdc_video_0_0
id=SFUConnection status=6002 ts=1760711802794 frame=740 trackID=cl1_mdc_video_0_0
id=SFUConnection status=6003 ts=1760711802801 frame=740 trackID=cl1_mdc_video_0_0
id=SFUConnection status=6000 ts=1760711803120 frame=750 trackID=cl0_mdc_video_0_0 frameSize=233032
id=SFUConnection status=6001 ts=1760711803121 frame=750 trackID=cl0_mdc_video_0_0
id=SFUConnection status=6002 ts=1760711803124 frame=750 trackID=cl1_mdc_video_0_0
id=SFUConnection status=6003 ts=1760711803132 frame=750 trackID=cl1_mdc_video_0_0
id=SFUConnection status=6000 ts=1760711803450 frame=760 trackID=cl0_mdc_video_0_0 frameSize=233032
id=SFUConnection status=6001 ts=1760711803454 frame=760 trackID=cl0_mdc_video_0_0
id=SFUConnection status=6002 ts=1760711803459 frame=760 trackID=cl1_mdc_video_0_0
id=SFUConnection status=6003 ts=1760711803466 frame=760 trackID=cl1_mdc_video_0_0
id=SFUConnection status=6000 ts=1760711803782 frame=770 trackID=cl0_mdc_video_0_0 frameSize=233032
id=SFUConnection status=6002 ts=1760711803784 frame=770 trackID=cl1_mdc_video_0_0
id=SFUConnection status=6001 ts=1760711803787 frame=770 trackID=cl0_mdc_video_0_0
id=SFUConnection status=6003 ts=1760711803793 frame=770 trackID=cl1_mdc_video_0_0
id=SFUConnection status=6000 ts=1760711804110 frame=780 trackID=cl0_mdc_video_0_0 frameSize=233032
id=SFUConnection status=6001 ts=1760711804111 frame=780 trackID=cl0_mdc_video_0_0
id=SFUConnection status=6002 ts=1760711804114 frame=780 trackID=cl1_mdc_video_0_0
id=SFUConnection status=6003 ts=1760711804115 frame=780 trackID=cl1_mdc_video_0_0
id=SFUConnection status=6000 ts=1760711804440 frame=790 trackID=cl0_mdc_video_0_0 frameSize=233032
id=SFUConnection status=6002 ts=1760711804443 frame=790 trackID=cl1_mdc_video_0_0
id=SFUConnection status=6001 ts=1760711804445 frame=790 trackID=cl0_mdc_video_0_0
id=SFUConnection status=6003 ts=1760711804457 frame=790 trackID=cl1_mdc_video_0_0
id=SFUConnection status=6000 ts=1760711804771 frame=800 trackID=cl0_mdc_video_0_0 frameSize=233032
id=SFUConnection status=6001 ts=1760711804777 frame=800 trackID=cl0_mdc_video_0_0
id=SFUConnection status=6002 ts=1760711804779 frame=800 trackID=cl1_mdc_video_0_0
id=SFUConnection status=6003 ts=1760711804789 frame=800 trackID=cl1_mdc_video_0_0
id=SFUConnection status=6000 ts=1760711805100 frame=810 trackID=cl0_mdc_video_0_0 frameSize=233032
id=SFUConnection status=6002 ts=1760711805104 frame=810 trackID=cl1_mdc_video_0_0
id=SFUConnection status=6001 ts=1760711805106 frame=810 trackID=cl0_mdc_video_0_0
id=SFUConnection status=6003 ts=1760711805114 frame=810 trackID=cl1_mdc_video_0_0
id=SFUConnection status=6000 ts=1760711805430 frame=820 trackID=cl0_mdc_video_0_0 frameSize=233032
id=SFUConnection status=6002 ts=1760711805434 frame=820 trackID=cl1_mdc_video_0_0
id=SFUConnection status=6001 ts=1760711805438 frame=820 trackID=cl0_mdc_video_0_0
id=SFUConnection status=6003 ts=1760711805446 frame=820 trackID=cl1_mdc_video_0_0
id=SFUConnection status=6000 ts=1760711805760 frame=830 trackID=cl0_mdc_video_0_0 frameSize=233032
id=SFUConnection status=6002 ts=1760711805764 frame=830 trackID=cl1_mdc_video_0_0
id=SFUConnection status=6001 ts=1760711805765 frame=830 trackID=cl0_mdc_video_0_0
id=SFUConnection status=6003 ts=1760711805777 frame=830 trackID=cl1_mdc_video_0_0
id=SFUConnection status=6000 ts=1760711806091 frame=840 trackID=cl0_mdc_video_0_0 frameSize=233032
id=SFUConnection status=6001 ts=1760711806094 frame=840 trackID=cl0_mdc_video_0_0
id=SFUConnection status=6002 ts=1760711806099 frame=840 trackID=cl1_mdc_video_0_0
id=SFUConnection status=6003 ts=1760711806104 frame=840 trackID=cl1_mdc_video_0_0
id=SFUConnection status=6000 ts=1760711806420 frame=850 trackID=cl0_mdc_video_0_0 frameSize=233032
id=SFUConnection status=6001 ts=1760711806424 frame=850 trackID=cl0_mdc_video_0_0
id=SFUConnection status=6002 ts=1760711806424 frame=850 trackID=cl1_mdc_video_0_0
id=SFUConnection status=6003 ts=1760711806433 frame=850 trackID=cl1_mdc_video_0_0
id=SFUConnection status=6000 ts=1760711806751 frame=860 trackID=cl0_mdc_video_0_0 frameSize=233032
id=SFUConnection status=6002 ts=1760711806754 frame=860 trackID=cl1_mdc_video_0_0
id=SFUConnection status=6001 ts=1760711806754 frame=860 trackID=cl0_mdc_video_0_0
id=SFUConnection status=6003 ts=1760711806765 frame=860 trackID=cl1_mdc_video_0_0
id=SFUConnection status=6000 ts=1760711807081 frame=870 trackID=cl0_mdc_video_0_0 frameSize=233032
id=SFUConnection status=6001 ts=1760711807087 frame=870 trackID=cl0_mdc_video_0_0
id=SFUConnection status=6002 ts=1760711807089 frame=870 trackID=cl1_mdc_video_0_0
id=SFUConnection status=6003 ts=1760711807095 frame=870 trackID=cl1_mdc_video_0_0
id=SFUConnection status=6000 ts=1760711807410 frame=880 trackID=cl0_mdc_video_0_0 frameSize=233032
id=SFUConnection status=6001 ts=1760711807411 frame=880 trackID=cl0_mdc_video_0_0
id=SFUConnection status=6002 ts=1760711807414 frame=880 trackID=cl1_mdc_video_0_0
id=SFUConnection status=6003 ts=1760711807424 frame=880 trackID=cl1_mdc_video_0_0
id=SFUConnection status=6000 ts=1760711807740 frame=890 trackID=cl0_mdc_video_0_0 frameSize=233032
id=SFUConnection status=6001 ts=1760711807741 frame=890 trackID=cl0_mdc_video_0_0
id=SFUConnection status=6002 ts=1760711807744 frame=890 trackID=cl1_mdc_video_0_0
id=SFUConnection status=6003 ts=1760711807747 frame=890 trackID=cl1_mdc_video_0_0
id=SFUConnection status=6000 ts=1760711808071 frame=900 trackID=cl0_mdc_video_0_0 frameSize=233032
id=SFUConnection status=6001 ts=1760711808072 frame=900 trackID=cl0_mdc_video_0_0
id=SFUConnection status=6002 ts=1760711808074 frame=900 trackID=cl1_mdc_video_0_0
id=SFUConnection status=6003 ts=1760711808080 frame=900 trackID=cl1_mdc_video_0_0
id=SFUConnection status=6000 ts=1760711808401 frame=910 trackID=cl0_mdc_video_0_0 frameSize=233032
id=SFUConnection status=6001 ts=1760711808402 frame=910 trackID=cl0_mdc_video_0_0
id=SFUConnection status=6002 ts=1760711808404 frame=910 trackID=cl1_mdc_video_0_0
id=SFUConnection status=6003 ts=1760711808405 frame=910 trackID=cl1_mdc_video_0_0
id=SFUConnection status=6000 ts=1760711808730 frame=920 trackID=cl0_mdc_video_0_0 frameSize=233032
id=SFUConnection status=6001 ts=1760711808734 frame=920 trackID=cl0_mdc_video_0_0
id=SFUConnection status=6002 ts=1760711808734 frame=920 trackID=cl1_mdc_video_0_0
id=SFUConnection status=6003 ts=1760711808739 frame=920 trackID=cl1_mdc_video_0_0
id=SFUConnection status=6000 ts=1760711809062 frame=930 trackID=cl0_mdc_video_0_0 frameSize=233032
id=SFUConnection status=6001 ts=1760711809068 frame=930 trackID=cl0_mdc_video_0_0
id=SFUConnection status=6002 ts=1760711809069 frame=930 trackID=cl1_mdc_video_0_0
id=SFUConnection status=6003 ts=1760711809079 frame=930 trackID=cl1_mdc_video_0_0
id=SFUConnection status=6000 ts=1760711809391 frame=940 trackID=cl0_mdc_video_0_0 frameSize=233032
id=SFUConnection status=6001 ts=1760711809393 frame=940 trackID=cl0_mdc_video_0_0
id=SFUConnection status=6002 ts=1760711809394 frame=940 trackID=cl1_mdc_video_0_0
id=SFUConnection status=6003 ts=1760711809400 frame=940 trackID=cl1_mdc_video_0_0
id=SFUConnection status=6000 ts=1760711809720 frame=950 trackID=cl0_mdc_video_0_0 frameSize=233032
id=SFUConnection status=6001 ts=1760711809722 frame=950 trackID=cl0_mdc_video_0_0
id=SFUConnection status=6002 ts=1760711809723 frame=950 trackID=cl1_mdc_video_0_0
id=SFUConnection status=6003 ts=1760711809728 frame=950 trackID=cl1_mdc_video_0_0
id=SFUConnection status=6000 ts=1760711810050 frame=960 trackID=cl0_mdc_video_0_0 frameSize=233032
id=SFUConnection status=6001 ts=1760711810053 frame=960 trackID=cl0_mdc_video_0_0
id=SFUConnection status=6002 ts=1760711810054 frame=960 trackID=cl1_mdc_video_0_0
id=SFUConnection status=6003 ts=1760711810064 frame=960 trackID=cl1_mdc_video_0_0
id=SFUConnection status=6000 ts=1760711810380 frame=970 trackID=cl0_mdc_video_0_0 frameSize=233032
id=SFUConnection status=6001 ts=1760711810383 frame=970 trackID=cl0_mdc_video_0_0
id=SFUConnection status=6002 ts=1760711810384 frame=970 trackID=cl1_mdc_video_0_0
id=SFUConnection status=6003 ts=1760711810392 frame=970 trackID=cl1_mdc_video_0_0
id=SFUConnection status=6000 ts=1760711810710 frame=980 trackID=cl0_mdc_video_0_0 frameSize=233032
id=SFUConnection status=6001 ts=1760711810712 frame=980 trackID=cl0_mdc_video_0_0
id=SFUConnection status=6002 ts=1760711810714 frame=980 trackID=cl1_mdc_video_0_0
id=SFUConnection status=6003 ts=1760711810725 frame=980 trackID=cl1_mdc_video_0_0
id=SFUConnection status=6000 ts=1760711811040 frame=990 trackID=cl0_mdc_video_0_0 frameSize=233032
id=SFUConnection status=6001 ts=1760711811044 frame=990 trackID=cl0_mdc_video_0_0
id=SFUConnection status=6002 ts=1760711811044 frame=990 trackID=cl1_mdc_video_0_0
id=SFUConnection status=6003 ts=1760711811055 frame=990 trackID=cl1_mdc_video_0_0
id=SFUConnection status=6000 ts=1760711811370 frame=1000 trackID=cl0_mdc_video_0_0 frameSize=233032
id=SFUConnection status=6001 ts=1760711811372 frame=1000 trackID=cl0_mdc_video_0_0
id=SFUConnection status=6002 ts=1760711811374 frame=1000 trackID=cl1_mdc_video_0_0
id=SFUConnection status=6003 ts=1760711811387 frame=1000 trackID=cl1_mdc_video_0_0
id=SFUConnection status=6000 ts=1760711811701 frame=1010 trackID=cl0_mdc_video_0_0 frameSize=233032
id=SFUConnection status=6001 ts=1760711811702 frame=1010 trackID=cl0_mdc_video_0_0
id=SFUConnection status=6002 ts=1760711811703 frame=1010 trackID=cl1_mdc_video_0_0
id=SFUConnection status=6003 ts=1760711811715 frame=1010 trackID=cl1_mdc_video_0_0
id=SFUConnection status=6000 ts=1760711812030 frame=1020 trackID=cl0_mdc_video_0_0 frameSize=233032
id=SFUConnection status=6001 ts=1760711812032 frame=1020 trackID=cl0_mdc_video_0_0
id=SFUConnection status=6002 ts=1760711812034 frame=1020 trackID=cl1_mdc_video_0_0
id=SFUConnection status=6003 ts=1760711812036 frame=1020 trackID=cl1_mdc_video_0_0
id=SFUConnection status=6000 ts=1760711812361 frame=1030 trackID=cl0_mdc_video_0_0 frameSize=233032
id=SFUConnection status=6001 ts=1760711812368 frame=1030 trackID=cl0_mdc_video_0_0
id=SFUConnection status=6002 ts=1760711812369 frame=1030 trackID=cl1_mdc_video_0_0
id=SFUConnection status=6003 ts=1760711812375 frame=1030 trackID=cl1_mdc_video_0_0
id=SFUConnection status=6000 ts=1760711812691 frame=1040 trackID=cl0_mdc_video_0_0 frameSize=233032
id=SFUConnection status=6001 ts=1760711812694 frame=1040 trackID=cl0_mdc_video_0_0
id=SFUConnection status=6002 ts=1760711812699 frame=1040 trackID=cl1_mdc_video_0_0
id=SFUConnection status=6003 ts=1760711812701 frame=1040 trackID=cl1_mdc_video_0_0
id=SFUConnection status=6000 ts=1760711813020 frame=1050 trackID=cl0_mdc_video_0_0 frameSize=233032
id=SFUConnection status=6001 ts=1760711813021 frame=1050 trackID=cl0_mdc_video_0_0
id=SFUConnection status=6002 ts=1760711813024 frame=1050 trackID=cl1_mdc_video_0_0
id=SFUConnection status=6003 ts=1760711813028 frame=1050 trackID=cl1_mdc_video_0_0
id=SFUConnection status=6000 ts=1760711813350 frame=1060 trackID=cl0_mdc_video_0_0 frameSize=233032
id=SFUConnection status=6001 ts=1760711813351 frame=1060 trackID=cl0_mdc_video_0_0
id=SFUConnection status=6002 ts=1760711813354 frame=1060 trackID=cl1_mdc_video_0_0
id=SFUConnection status=6003 ts=1760711813355 frame=1060 trackID=cl1_mdc_video_0_0
id=SFUConnection status=6000 ts=1760711813680 frame=1070 trackID=cl0_mdc_video_0_0 frameSize=233032
id=SFUConnection status=6002 ts=1760711813684 frame=1070 trackID=cl1_mdc_video_0_0
id=SFUConnection status=6001 ts=1760711813684 frame=1070 trackID=cl0_mdc_video_0_0
id=SFUConnection status=6003 ts=1760711813696 frame=1070 trackID=cl1_mdc_video_0_0
id=SFUConnection status=6000 ts=1760711814010 frame=1080 trackID=cl0_mdc_video_0_0 frameSize=233032
id=SFUConnection status=6001 ts=1760711814012 frame=1080 trackID=cl0_mdc_video_0_0
id=SFUConnection status=6002 ts=1760711814014 frame=1080 trackID=cl1_mdc_video_0_0
id=SFUConnection status=6003 ts=1760711814018 frame=1080 trackID=cl1_mdc_video_0_0
id=SFUConnection status=6000 ts=1760711814340 frame=1090 trackID=cl0_mdc_video_0_0 frameSize=233032
id=SFUConnection status=6001 ts=1760711814341 frame=1090 trackID=cl0_mdc_video_0_0
id=SFUConnection status=6002 ts=1760711814344 frame=1090 trackID=cl1_mdc_video_0_0
id=SFUConnection status=6003 ts=1760711814345 frame=1090 trackID=cl1_mdc_video_0_0
id=SFUConnection status=6000 ts=1760711814670 frame=1100 trackID=cl0_mdc_video_0_0 frameSize=233032
id=SFUConnection status=6001 ts=1760711814672 frame=1100 trackID=cl0_mdc_video_0_0
id=SFUConnection status=6002 ts=1760711814675 frame=1100 trackID=cl1_mdc_video_0_0
id=SFUConnection status=6003 ts=1760711814680 frame=1100 trackID=cl1_mdc_video_0_0
id=SFUConnection status=6000 ts=1760711815001 frame=1110 trackID=cl0_mdc_video_0_0 frameSize=233032
id=SFUConnection status=6001 ts=1760711815002 frame=1110 trackID=cl0_mdc_video_0_0
id=SFUConnection status=6002 ts=1760711815004 frame=1110 trackID=cl1_mdc_video_0_0
id=SFUConnection status=6003 ts=1760711815011 frame=1110 trackID=cl1_mdc_video_0_0
id=SFUConnection status=6000 ts=1760711815330 frame=1120 trackID=cl0_mdc_video_0_0 frameSize=233032
id=SFUConnection status=6002 ts=1760711815334 frame=1120 trackID=cl1_mdc_video_0_0
id=SFUConnection status=6001 ts=1760711815335 frame=1120 trackID=cl0_mdc_video_0_0
id=SFUConnection status=6003 ts=1760711815346 frame=1120 trackID=cl1_mdc_video_0_0
id=SFUConnection status=6000 ts=1760711815661 frame=1130 trackID=cl0_mdc_video_0_0 frameSize=233032
id=SFUConnection status=6001 ts=1760711815664 frame=1130 trackID=cl0_mdc_video_0_0
id=SFUConnection status=6002 ts=1760711815664 frame=1130 trackID=cl1_mdc_video_0_0
id=SFUConnection status=6003 ts=1760711815676 frame=1130 trackID=cl1_mdc_video_0_0
id=SFUConnection status=6000 ts=1760711815990 frame=1140 trackID=cl0_mdc_video_0_0 frameSize=233032
id=SFUConnection status=6001 ts=1760711815992 frame=1140 trackID=cl0_mdc_video_0_0
id=SFUConnection status=6002 ts=1760711815994 frame=1140 trackID=cl1_mdc_video_0_0
id=SFUConnection status=6003 ts=1760711815995 frame=1140 trackID=cl1_mdc_video_0_0
id=SFUConnection status=6000 ts=1760711816320 frame=1150 trackID=cl0_mdc_video_0_0 frameSize=233032
id=SFUConnection status=6002 ts=1760711816323 frame=1150 trackID=cl1_mdc_video_0_0
id=SFUConnection status=6001 ts=1760711816327 frame=1150 trackID=cl0_mdc_video_0_0
id=SFUConnection status=6003 ts=1760711816334 frame=1150 trackID=cl1_mdc_video_0_0
id=SFUConnection status=6000 ts=1760711816651 frame=1160 trackID=cl0_mdc_video_0_0 frameSize=233032
id=SFUConnection status=6001 ts=1760711816653 frame=1160 trackID=cl0_mdc_video_0_0
id=SFUConnection status=6002 ts=1760711816654 frame=1160 trackID=cl1_mdc_video_0_0
id=SFUConnection status=6003 ts=1760711816656 frame=1160 trackID=cl1_mdc_video_0_0
id=SFUConnection status=6000 ts=1760711816980 frame=1170 trackID=cl0_mdc_video_0_0 frameSize=233032
id=SFUConnection status=6001 ts=1760711816981 frame=1170 trackID=cl0_mdc_video_0_0
id=SFUConnection status=6002 ts=1760711816984 frame=1170 trackID=cl1_mdc_video_0_0
id=SFUConnection status=6003 ts=1760711816993 frame=1170 trackID=cl1_mdc_video_0_0
id=SFUConnection status=6000 ts=1760711817310 frame=1180 trackID=cl0_mdc_video_0_0 frameSize=233032
id=SFUConnection status=6002 ts=1760711817313 frame=1180 trackID=cl1_mdc_video_0_0
id=SFUConnection status=6001 ts=1760711817315 frame=1180 trackID=cl0_mdc_video_0_0
id=SFUConnection status=6003 ts=1760711817325 frame=1180 trackID=cl1_mdc_video_0_0
id=SFUConnection status=6000 ts=1760711817641 frame=1190 trackID=cl0_mdc_video_0_0 frameSize=233032
id=SFUConnection status=6001 ts=1760711817643 frame=1190 trackID=cl0_mdc_video_0_0
id=SFUConnection status=6002 ts=1760711817644 frame=1190 trackID=cl1_mdc_video_0_0
id=SFUConnection status=6003 ts=1760711817653 frame=1190 trackID=cl1_mdc_video_0_0
id=SFUConnection status=6000 ts=1760711817971 frame=1200 trackID=cl0_mdc_video_0_0 frameSize=233032
id=SFUConnection status=6001 ts=1760711817977 frame=1200 trackID=cl0_mdc_video_0_0
id=SFUConnection status=6002 ts=1760711817979 frame=1200 trackID=cl1_mdc_video_0_0
id=SFUConnection status=6003 ts=1760711817988 frame=1200 trackID=cl1_mdc_video_0_0
id=SFUConnection status=6000 ts=1760711818301 frame=1210 trackID=cl0_mdc_video_0_0 frameSize=233032
id=SFUConnection status=6001 ts=1760711818304 frame=1210 trackID=cl0_mdc_video_0_0
id=SFUConnection status=6002 ts=1760711818304 frame=1210 trackID=cl1_mdc_video_0_0
id=SFUConnection status=6003 ts=1760711818317 frame=1210 trackID=cl1_mdc_video_0_0
id=SFUConnection status=6000 ts=1760711818630 frame=1220 trackID=cl0_mdc_video_0_0 frameSize=233032
id=SFUConnection status=6002 ts=1760711818634 frame=1220 trackID=cl1_mdc_video_0_0
id=SFUConnection status=6001 ts=1760711818635 frame=1220 trackID=cl0_mdc_video_0_0
id=SFUConnection status=6003 ts=1760711818644 frame=1220 trackID=cl1_mdc_video_0_0
id=SFUConnection status=6000 ts=1760711818961 frame=1230 trackID=cl0_mdc_video_0_0 frameSize=233032
id=SFUConnection status=6001 ts=1760711818962 frame=1230 trackID=cl0_mdc_video_0_0
id=SFUConnection status=6002 ts=1760711818964 frame=1230 trackID=cl1_mdc_video_0_0
id=SFUConnection status=6003 ts=1760711818965 frame=1230 trackID=cl1_mdc_video_0_0
id=SFUConnection status=6000 ts=1760711819290 frame=1240 trackID=cl0_mdc_video_0_0 frameSize=233032
id=SFUConnection status=6001 ts=1760711819296 frame=1240 trackID=cl0_mdc_video_0_0
id=SFUConnection status=6002 ts=1760711819299 frame=1240 trackID=cl1_mdc_video_0_0
id=SFUConnection status=6003 ts=1760711819309 frame=1240 trackID=cl1_mdc_video_0_0
id=SFUConnection status=6000 ts=1760711819620 frame=1250 trackID=cl0_mdc_video_0_0 frameSize=233032
id=SFUConnection status=6001 ts=1760711819623 frame=1250 trackID=cl0_mdc_video_0_0
id=SFUConnection status=6002 ts=1760711819623 frame=1250 trackID=cl1_mdc_video_0_0
id=SFUConnection status=6003 ts=1760711819634 frame=1250 trackID=cl1_mdc_video_0_0
id=SFUConnection status=6000 ts=1760711819950 frame=1260 trackID=cl0_mdc_video_0_0 frameSize=233032
id=SFUConnection status=6002 ts=1760711819954 frame=1260 trackID=cl1_mdc_video_0_0
id=SFUConnection status=6001 ts=1760711819954 frame=1260 trackID=cl0_mdc_video_0_0
id=SFUConnection status=6003 ts=1760711819965 frame=1260 trackID=cl1_mdc_video_0_0
id=SFUConnection status=6000 ts=1760711820281 frame=1270 trackID=cl0_mdc_video_0_0 frameSize=233032
id=SFUConnection status=6001 ts=1760711820284 frame=1270 trackID=cl0_mdc_video_0_0
id=SFUConnection status=6002 ts=1760711820284 frame=1270 trackID=cl1_mdc_video_0_0
id=SFUConnection status=6003 ts=1760711820292 frame=1270 trackID=cl1_mdc_video_0_0
id=SFUConnection status=6000 ts=1760711820610 frame=1280 trackID=cl0_mdc_video_0_0 frameSize=233032
id=SFUConnection status=6001 ts=1760711820611 frame=1280 trackID=cl0_mdc_video_0_0
id=SFUConnection status=6002 ts=1760711820614 frame=1280 trackID=cl1_mdc_video_0_0
id=SFUConnection status=6003 ts=1760711820615 frame=1280 trackID=cl1_mdc_video_0_0
id=SFUConnection status=6000 ts=1760711820940 frame=1290 trackID=cl0_mdc_video_0_0 frameSize=233032
id=SFUConnection status=6001 ts=1760711820944 frame=1290 trackID=cl0_mdc_video_0_0
id=SFUConnection status=6002 ts=1760711820944 frame=1290 trackID=cl1_mdc_video_0_0
id=SFUConnection status=6003 ts=1760711820955 frame=1290 trackID=cl1_mdc_video_0_0
id=SFUConnection status=6000 ts=1760711821270 frame=1300 trackID=cl0_mdc_video_0_0 frameSize=233032
id=SFUConnection status=6001 ts=1760711821274 frame=1300 trackID=cl0_mdc_video_0_0
id=SFUConnection status=6002 ts=1760711821279 frame=1300 trackID=cl1_mdc_video_0_0
id=SFUConnection status=6003 ts=1760711821285 frame=1300 trackID=cl1_mdc_video_0_0
id=SFUConnection status=6000 ts=1760711821600 frame=1310 trackID=cl0_mdc_video_0_0 frameSize=233032
id=SFUConnection status=6001 ts=1760711821606 frame=1310 trackID=cl0_mdc_video_0_0
id=SFUConnection status=6002 ts=1760711821609 frame=1310 trackID=cl1_mdc_video_0_0
id=SFUConnection status=6003 ts=1760711821620 frame=1310 trackID=cl1_mdc_video_0_0
id=SFUConnection status=6000 ts=1760711821930 frame=1320 trackID=cl0_mdc_video_0_0 frameSize=233032
id=SFUConnection status=6001 ts=1760711821932 frame=1320 trackID=cl0_mdc_video_0_0
id=SFUConnection status=6002 ts=1760711821934 frame=1320 trackID=cl1_mdc_video_0_0
id=SFUConnection status=6003 ts=1760711821947 frame=1320 trackID=cl1_mdc_video_0_0
id=SFUConnection status=6000 ts=1760711822260 frame=1330 trackID=cl0_mdc_video_0_0 frameSize=233032
id=SFUConnection status=6002 ts=1760711822264 frame=1330 trackID=cl1_mdc_video_0_0
id=SFUConnection status=6001 ts=1760711822265 frame=1330 trackID=cl0_mdc_video_0_0
id=SFUConnection status=6003 ts=1760711822274 frame=1330 trackID=cl1_mdc_video_0_0
id=SFUConnection status=6000 ts=1760711822591 frame=1340 trackID=cl0_mdc_video_0_0 frameSize=233032
id=SFUConnection status=6001 ts=1760711822593 frame=1340 trackID=cl0_mdc_video_0_0
id=SFUConnection status=6002 ts=1760711822594 frame=1340 trackID=cl1_mdc_video_0_0
id=SFUConnection status=6003 ts=1760711822605 frame=1340 trackID=cl1_mdc_video_0_0
id=SFUConnection status=6000 ts=1760711822920 frame=1350 trackID=cl0_mdc_video_0_0 frameSize=233032
id=SFUConnection status=6001 ts=1760711822924 frame=1350 trackID=cl0_mdc_video_0_0
id=SFUConnection status=6002 ts=1760711822929 frame=1350 trackID=cl1_mdc_video_0_0
id=SFUConnection status=6003 ts=1760711822930 frame=1350 trackID=cl1_mdc_video_0_0
id=SFUConnection status=6000 ts=1760711823250 frame=1360 trackID=cl0_mdc_video_0_0 frameSize=233032
id=SFUConnection status=6001 ts=1760711823252 frame=1360 trackID=cl0_mdc_video_0_0
id=SFUConnection status=6002 ts=1760711823254 frame=1360 trackID=cl1_mdc_video_0_0
id=SFUConnection status=6003 ts=1760711823256 frame=1360 trackID=cl1_mdc_video_0_0
id=SFUConnection status=6000 ts=1760711823580 frame=1370 trackID=cl0_mdc_video_0_0 frameSize=233032
id=SFUConnection status=6001 ts=1760711823583 frame=1370 trackID=cl0_mdc_video_0_0
id=SFUConnection status=6002 ts=1760711823584 frame=1370 trackID=cl1_mdc_video_0_0
id=SFUConnection status=6003 ts=1760711823589 frame=1370 trackID=cl1_mdc_video_0_0
id=SFUConnection status=6000 ts=1760711823910 frame=1380 trackID=cl0_mdc_video_0_0 frameSize=233032
id=SFUConnection status=6002 ts=1760711823914 frame=1380 trackID=cl1_mdc_video_0_0
id=SFUConnection status=6001 ts=1760711823915 frame=1380 trackID=cl0_mdc_video_0_0
id=SFUConnection status=6003 ts=1760711823924 frame=1380 trackID=cl1_mdc_video_0_0
id=SFUConnection status=6000 ts=1760711824240 frame=1390 trackID=cl0_mdc_video_0_0 frameSize=233032
id=SFUConnection status=6002 ts=1760711824244 frame=1390 trackID=cl1_mdc_video_0_0
id=SFUConnection status=6001 ts=1760711824246 frame=1390 trackID=cl0_mdc_video_0_0
id=SFUConnection status=6003 ts=1760711824255 frame=1390 trackID=cl1_mdc_video_0_0
id=SFUConnection status=6000 ts=1760711824571 frame=1400 trackID=cl0_mdc_video_0_0 frameSize=233032
id=SFUConnection status=6001 ts=1760711824572 frame=1400 trackID=cl0_mdc_video_0_0
id=SFUConnection status=6002 ts=1760711824574 frame=1400 trackID=cl1_mdc_video_0_0
id=SFUConnection status=6003 ts=1760711824586 frame=1400 trackID=cl1_mdc_video_0_0
id=SFUConnection status=6000 ts=1760711824901 frame=1410 trackID=cl0_mdc_video_0_0 frameSize=233032
id=SFUConnection status=6001 ts=1760711824902 frame=1410 trackID=cl0_mdc_video_0_0
id=SFUConnection status=6002 ts=1760711824904 frame=1410 trackID=cl1_mdc_video_0_0
id=SFUConnection status=6003 ts=1760711824913 frame=1410 trackID=cl1_mdc_video_0_0
id=SFUConnection status=6000 ts=1760711825230 frame=1420 trackID=cl0_mdc_video_0_0 frameSize=233032
id=SFUConnection status=6002 ts=1760711825234 frame=1420 trackID=cl1_mdc_video_0_0
id=SFUConnection status=6001 ts=1760711825235 frame=1420 trackID=cl0_mdc_video_0_0
id=SFUConnection status=6003 ts=1760711825241 frame=1420 trackID=cl1_mdc_video_0_0
id=SFUConnection status=6000 ts=1760711825561 frame=1430 trackID=cl0_mdc_video_0_0 frameSize=233032
id=SFUConnection status=6001 ts=1760711825563 frame=1430 trackID=cl0_mdc_video_0_0
id=SFUConnection status=6002 ts=1760711825564 frame=1430 trackID=cl1_mdc_video_0_0
id=SFUConnection status=6003 ts=1760711825567 frame=1430 trackID=cl1_mdc_video_0_0
id=SFUConnection status=6000 ts=1760711825890 frame=1440 trackID=cl0_mdc_video_0_0 frameSize=233032
id=SFUConnection status=6001 ts=1760711825893 frame=1440 trackID=cl0_mdc_video_0_0
id=SFUConnection status=6002 ts=1760711825894 frame=1440 trackID=cl1_mdc_video_0_0
id=SFUConnection status=6003 ts=1760711825896 frame=1440 trackID=cl1_mdc_video_0_0
id=SFUConnection status=6000 ts=1760711826220 frame=1450 trackID=cl0_mdc_video_0_0 frameSize=233032
id=SFUConnection status=6001 ts=1760711826222 frame=1450 trackID=cl0_mdc_video_0_0
id=SFUConnection status=6002 ts=1760711826224 frame=1450 trackID=cl1_mdc_video_0_0
id=SFUConnection status=6003 ts=1760711826225 frame=1450 trackID=cl1_mdc_video_0_0
id=SFUConnection status=6000 ts=1760711826551 frame=1460 trackID=cl0_mdc_video_0_0 frameSize=233032
id=SFUConnection status=6001 ts=1760711826552 frame=1460 trackID=cl0_mdc_video_0_0
id=SFUConnection status=6002 ts=1760711826554 frame=1460 trackID=cl1_mdc_video_0_0
id=SFUConnection status=6003 ts=1760711826556 frame=1460 trackID=cl1_mdc_video_0_0
id=SFUConnection status=6000 ts=1760711826880 frame=1470 trackID=cl0_mdc_video_0_0 frameSize=233032
id=SFUConnection status=6001 ts=1760711826883 frame=1470 trackID=cl0_mdc_video_0_0
id=SFUConnection status=6002 ts=1760711826884 frame=1470 trackID=cl1_mdc_video_0_0
id=SFUConnection status=6003 ts=1760711826885 frame=1470 trackID=cl1_mdc_video_0_0
id=SFUConnection status=6000 ts=1760711827210 frame=1480 trackID=cl0_mdc_video_0_0 frameSize=233032
id=SFUConnection status=6001 ts=1760711827212 frame=1480 trackID=cl0_mdc_video_0_0
id=SFUConnection status=6002 ts=1760711827213 frame=1480 trackID=cl1_mdc_video_0_0
id=SFUConnection status=6003 ts=1760711827215 frame=1480 trackID=cl1_mdc_video_0_0
id=SFUConnection status=6000 ts=1760711827541 frame=1490 trackID=cl0_mdc_video_0_0 frameSize=233032
id=SFUConnection status=6001 ts=1760711827543 frame=1490 trackID=cl0_mdc_video_0_0
id=SFUConnection status=6002 ts=1760711827556 frame=1490 trackID=cl1_mdc_video_0_0
id=SFUConnection status=6003 ts=1760711827558 frame=1490 trackID=cl1_mdc_video_0_0
id=SFUConnection status=6000 ts=1760711827871 frame=1500 trackID=cl0_mdc_video_0_0 frameSize=233032
id=SFUConnection status=6001 ts=1760711827874 frame=1500 trackID=cl0_mdc_video_0_0
id=SFUConnection status=6002 ts=1760711827874 frame=1500 trackID=cl1_mdc_video_0_0
id=SFUConnection status=6003 ts=1760711827876 frame=1500 trackID=cl1_mdc_video_0_0
id=SFUConnection status=6000 ts=1760711828200 frame=1510 trackID=cl0_mdc_video_0_0 frameSize=233032
id=SFUConnection status=6001 ts=1760711828201 frame=1510 trackID=cl0_mdc_video_0_0
id=SFUConnection status=6002 ts=1760711828204 frame=1510 trackID=cl1_mdc_video_0_0
id=SFUConnection status=6003 ts=1760711828205 frame=1510 trackID=cl1_mdc_video_0_0
id=SFUConnection status=6000 ts=1760711828530 frame=1520 trackID=cl0_mdc_video_0_0 frameSize=233032
id=SFUConnection status=6001 ts=1760711828533 frame=1520 trackID=cl0_mdc_video_0_0
id=SFUConnection status=6002 ts=1760711828534 frame=1520 trackID=cl1_mdc_video_0_0
id=SFUConnection status=6003 ts=1760711828538 frame=1520 trackID=cl1_mdc_video_0_0
id=SFUConnection status=6000 ts=1760711828860 frame=1530 trackID=cl0_mdc_video_0_0 frameSize=233032
id=SFUConnection status=6002 ts=1760711828864 frame=1530 trackID=cl1_mdc_video_0_0
id=SFUConnection status=6001 ts=1760711828864 frame=1530 trackID=cl0_mdc_video_0_0
id=SFUConnection status=6003 ts=1760711828876 frame=1530 trackID=cl1_mdc_video_0_0
id=SFUConnection status=6000 ts=1760711829191 frame=1540 trackID=cl0_mdc_video_0_0 frameSize=233032
id=SFUConnection status=6001 ts=1760711829194 frame=1540 trackID=cl0_mdc_video_0_0
id=SFUConnection status=6002 ts=1760711829194 frame=1540 trackID=cl1_mdc_video_0_0
id=SFUConnection status=6003 ts=1760711829205 frame=1540 trackID=cl1_mdc_video_0_0
id=SFUConnection status=6000 ts=1760711829520 frame=1550 trackID=cl0_mdc_video_0_0 frameSize=233032
id=SFUConnection status=6001 ts=1760711829523 frame=1550 trackID=cl0_mdc_video_0_0
id=SFUConnection status=6002 ts=1760711829528 frame=1550 trackID=cl1_mdc_video_0_0
id=SFUConnection status=6003 ts=1760711829533 frame=1550 trackID=cl1_mdc_video_0_0
id=SFUConnection status=6000 ts=1760711829852 frame=1560 trackID=cl0_mdc_video_0_0 frameSize=233032
id=SFUConnection status=6002 ts=1760711829854 frame=1560 trackID=cl1_mdc_video_0_0
id=SFUConnection status=6001 ts=1760711829856 frame=1560 trackID=cl0_mdc_video_0_0
id=SFUConnection status=6003 ts=1760711829863 frame=1560 trackID=cl1_mdc_video_0_0
id=SFUConnection status=6000 ts=1760711830182 frame=1570 trackID=cl0_mdc_video_0_0 frameSize=233032
id=SFUConnection status=6001 ts=1760711830183 frame=1570 trackID=cl0_mdc_video_0_0
id=SFUConnection status=6002 ts=1760711830184 frame=1570 trackID=cl1_mdc_video_0_0
id=SFUConnection status=6003 ts=1760711830186 frame=1570 trackID=cl1_mdc_video_0_0
id=SFUConnection status=6000 ts=1760711830510 frame=1580 trackID=cl0_mdc_video_0_0 frameSize=233032
id=SFUConnection status=6001 ts=1760711830513 frame=1580 trackID=cl0_mdc_video_0_0
id=SFUConnection status=6002 ts=1760711830514 frame=1580 trackID=cl1_mdc_video_0_0
id=SFUConnection status=6003 ts=1760711830515 frame=1580 trackID=cl1_mdc_video_0_0
id=SFUConnection status=6000 ts=1760711830840 frame=1590 trackID=cl0_mdc_video_0_0 frameSize=233032
id=SFUConnection status=6001 ts=1760711830841 frame=1590 trackID=cl0_mdc_video_0_0
id=SFUConnection status=6002 ts=1760711830844 frame=1590 trackID=cl1_mdc_video_0_0
id=SFUConnection status=6003 ts=1760711830846 frame=1590 trackID=cl1_mdc_video_0_0
id=SFUConnection status=6000 ts=1760711831170 frame=1600 trackID=cl0_mdc_video_0_0 frameSize=233032
id=SFUConnection status=6001 ts=1760711831171 frame=1600 trackID=cl0_mdc_video_0_0
id=SFUConnection status=6002 ts=1760711831174 frame=1600 trackID=cl1_mdc_video_0_0
id=SFUConnection status=6003 ts=1760711831175 frame=1600 trackID=cl1_mdc_video_0_0
id=SFUConnection status=6000 ts=1760711831500 frame=1610 trackID=cl0_mdc_video_0_0 frameSize=233032
id=SFUConnection status=6002 ts=1760711831505 frame=1610 trackID=cl1_mdc_video_0_0
id=SFUConnection status=6001 ts=1760711831505 frame=1610 trackID=cl0_mdc_video_0_0
id=SFUConnection status=6003 ts=1760711831514 frame=1610 trackID=cl1_mdc_video_0_0
id=SFUConnection status=6000 ts=1760711831830 frame=1620 trackID=cl0_mdc_video_0_0 frameSize=233032
id=SFUConnection status=6001 ts=1760711831832 frame=1620 trackID=cl0_mdc_video_0_0
id=SFUConnection status=6002 ts=1760711831834 frame=1620 trackID=cl1_mdc_video_0_0
id=SFUConnection status=6003 ts=1760711831837 frame=1620 trackID=cl1_mdc_video_0_0
id=SFUConnection status=6000 ts=1760711832160 frame=1630 trackID=cl0_mdc_video_0_0 frameSize=233032
id=SFUConnection status=6001 ts=1760711832161 frame=1630 trackID=cl0_mdc_video_0_0
id=SFUConnection status=6002 ts=1760711832164 frame=1630 trackID=cl1_mdc_video_0_0
id=SFUConnection status=6003 ts=1760711832166 frame=1630 trackID=cl1_mdc_video_0_0
id=SFUConnection status=6000 ts=1760711832490 frame=1640 trackID=cl0_mdc_video_0_0 frameSize=233032
id=SFUConnection status=6001 ts=1760711832496 frame=1640 trackID=cl0_mdc_video_0_0
id=SFUConnection status=6002 ts=1760711832499 frame=1640 trackID=cl1_mdc_video_0_0
id=SFUConnection status=6003 ts=1760711832514 frame=1640 trackID=cl1_mdc_video_0_0
id=SFUConnection status=6000 ts=1760711832821 frame=1650 trackID=cl0_mdc_video_0_0 frameSize=233032
id=SFUConnection status=6001 ts=1760711832822 frame=1650 trackID=cl0_mdc_video_0_0
id=SFUConnection status=6002 ts=1760711832824 frame=1650 trackID=cl1_mdc_video_0_0
id=SFUConnection status=6003 ts=1760711832832 frame=1650 trackID=cl1_mdc_video_0_0
id=SFUConnection status=6000 ts=1760711833150 frame=1660 trackID=cl0_mdc_video_0_0 frameSize=233032
id=SFUConnection status=6001 ts=1760711833156 frame=1660 trackID=cl0_mdc_video_0_0
id=SFUConnection status=6002 ts=1760711833160 frame=1660 trackID=cl1_mdc_video_0_0
id=SFUConnection status=6003 ts=1760711833167 frame=1660 trackID=cl1_mdc_video_0_0
id=SFUConnection status=6000 ts=1760711833480 frame=1670 trackID=cl0_mdc_video_0_0 frameSize=233032
id=SFUConnection status=6002 ts=1760711833485 frame=1670 trackID=cl1_mdc_video_0_0
id=SFUConnection status=6001 ts=1760711833488 frame=1670 trackID=cl0_mdc_video_0_0
id=SFUConnection status=6003 ts=1760711833493 frame=1670 trackID=cl1_mdc_video_0_0
id=SFUConnection status=6000 ts=1760711833811 frame=1680 trackID=cl0_mdc_video_0_0 frameSize=233032
id=SFUConnection status=6001 ts=1760711833812 frame=1680 trackID=cl0_mdc_video_0_0
id=SFUConnection status=6002 ts=1760711833813 frame=1680 trackID=cl1_mdc_video_0_0
id=SFUConnection status=6003 ts=1760711833816 frame=1680 trackID=cl1_mdc_video_0_0
id=SFUConnection status=6000 ts=1760711834140 frame=1690 trackID=cl0_mdc_video_0_0 frameSize=233032
id=SFUConnection status=6002 ts=1760711834144 frame=1690 trackID=cl1_mdc_video_0_0
id=SFUConnection status=6001 ts=1760711834147 frame=1690 trackID=cl0_mdc_video_0_0
id=SFUConnection status=6003 ts=1760711834160 frame=1690 trackID=cl1_mdc_video_0_0
id=SFUConnection status=6000 ts=1760711834472 frame=1700 trackID=cl0_mdc_video_0_0 frameSize=233032
id=SFUConnection status=6001 ts=1760711834478 frame=1700 trackID=cl0_mdc_video_0_0
id=SFUConnection status=6002 ts=1760711834479 frame=1700 trackID=cl1_mdc_video_0_0
id=SFUConnection status=6003 ts=1760711834493 frame=1700 trackID=cl1_mdc_video_0_0
id=SFUConnection status=6000 ts=1760711834800 frame=1710 trackID=cl0_mdc_video_0_0 frameSize=233032
id=SFUConnection status=6001 ts=1760711834802 frame=1710 trackID=cl0_mdc_video_0_0
id=SFUConnection status=6002 ts=1760711834804 frame=1710 trackID=cl1_mdc_video_0_0
id=SFUConnection status=6003 ts=1760711834815 frame=1710 trackID=cl1_mdc_video_0_0
id=SFUConnection status=6000 ts=1760711835130 frame=1720 trackID=cl0_mdc_video_0_0 frameSize=233032
id=SFUConnection status=6001 ts=1760711835133 frame=1720 trackID=cl0_mdc_video_0_0
id=SFUConnection status=6002 ts=1760711835134 frame=1720 trackID=cl1_mdc_video_0_0
id=SFUConnection status=6003 ts=1760711835141 frame=1720 trackID=cl1_mdc_video_0_0
id=SFUConnection status=6000 ts=1760711835460 frame=1730 trackID=cl0_mdc_video_0_0 frameSize=233032
id=SFUConnection status=6001 ts=1760711835461 frame=1730 trackID=cl0_mdc_video_0_0
id=SFUConnection status=6002 ts=1760711835464 frame=1730 trackID=cl1_mdc_video_0_0
id=SFUConnection status=6003 ts=1760711835465 frame=1730 trackID=cl1_mdc_video_0_0
id=SFUConnection status=6000 ts=1760711835790 frame=1740 trackID=cl0_mdc_video_0_0 frameSize=233032
id=SFUConnection status=6001 ts=1760711835792 frame=1740 trackID=cl0_mdc_video_0_0
id=SFUConnection status=6002 ts=1760711835794 frame=1740 trackID=cl1_mdc_video_0_0
id=SFUConnection status=6003 ts=1760711835795 frame=1740 trackID=cl1_mdc_video_0_0
id=SFUConnection status=6000 ts=1760711836120 frame=1750 trackID=cl0_mdc_video_0_0 frameSize=233032
id=SFUConnection status=6001 ts=1760711836122 frame=1750 trackID=cl0_mdc_video_0_0
id=SFUConnection status=6002 ts=1760711836124 frame=1750 trackID=cl1_mdc_video_0_0
id=SFUConnection status=6003 ts=1760711836127 frame=1750 trackID=cl1_mdc_video_0_0
id=SFUConnection status=6000 ts=1760711836450 frame=1760 trackID=cl0_mdc_video_0_0 frameSize=233032
id=SFUConnection status=6001 ts=1760711836456 frame=1760 trackID=cl0_mdc_video_0_0
id=SFUConnection status=6002 ts=1760711836459 frame=1760 trackID=cl1_mdc_video_0_0
id=SFUConnection status=6003 ts=1760711836468 frame=1760 trackID=cl1_mdc_video_0_0
id=SFUConnection status=6000 ts=1760711836780 frame=1770 trackID=cl0_mdc_video_0_0 frameSize=233032
id=SFUConnection status=6002 ts=1760711836784 frame=1770 trackID=cl1_mdc_video_0_0
id=SFUConnection status=6001 ts=1760711836786 frame=1770 trackID=cl0_mdc_video_0_0
id=SFUConnection status=6003 ts=1760711836799 frame=1770 trackID=cl1_mdc_video_0_0
id=SFUConnection status=6000 ts=1760711837110 frame=1780 trackID=cl0_mdc_video_0_0 frameSize=233032
id=SFUConnection status=6001 ts=1760711837114 frame=1780 trackID=cl0_mdc_video_0_0
id=SFUConnection status=6002 ts=1760711837114 frame=1780 trackID=cl1_mdc_video_0_0
id=SFUConnection status=6003 ts=1760711837123 frame=1780 trackID=cl1_mdc_video_0_0
