id=TranscoderFile status=0 trackPath=uploads/base_configs/client/connection_simple_cl2.json configPath=uploads/base_configs/client/transcoder/transcoder_file.json
id=TranscoderFileTrack status=0 trackID=cl1_mdc_video_0_0 path=uploads/base_configs/client/transcoder/file_tracks/mdc_video_0_0/config.json maxFrameNr=10
id=TranscoderFileTrack status=1 path=uploads/base_configs/client/transcoder/file_tracks/mdc_video_0_0/config.json maxFrameNr=10 fps=30
id=TranscoderFile status=1
id=SessionManagerConnection status=0 managerIP=127.0.0.1:9980 preferredclientID=1
id=SessionManagerConnection status=1
id=SessionManagerConnection status=7000 origin=manager type=FullyConnected
id=SessionManagerConnection status=2000 clientID=1 authKey=
id=SessionManagerConnection status=2001
id=SessionManagerConnection status=7000 origin=manager type=SessionJoined
id=SessionManagerConnection status=2005 codecMode=mdc defaultProvider= nProviders=1
id=SessionManagerConnection status=7000 origin=manager type=RemoteClientAdded
id=SessionManagerConnection status=2002 clientID=0 nTracks=1
id=SessionManagerConnection status=2003 clientID=0 nTracks=0
id=SessionManagerConnection status=3000 clientID=0
id=SessionManagerConnection status=7000 origin=manager type=ClientAddedToProvider
id=SFUConnection status=1003 providerKey=sfu_mdc
id=SFUConnection status=1004 providerKey=sfu_mdc
id=SFUConnection status=1005 providerKey=sfu_mdc
id=SFUConnection status=7000 origin=sfu providerKey=sfu_mdc type=OfferMessage
id=SFUConnection status=8001 providerKey=sfu_mdc state=connecting
id=SFUConnection status=7000 origin=sfu providerKey=sfu_mdc type=CandidateMessage
id=SFUConnection status=7000 origin=sfu providerKey=sfu_mdc type=OfferMessage
id=SFUConnection status=8001 providerKey=sfu_mdc state=connected
id=SFUConnection status=6000 ts=1760710643120 frame=0 trackID=cl1_mdc_video_0_0 frameSize=233032
id=SFUConnection status=6001 ts=1760710643124 frame=0 trackID=cl1_mdc_video_0_0
id=SFUConnection status=6002 ts=1760710646359 frame=100 trackID=cl0_mdc_video_0_0
id=SFUConnection status=6003 ts=1760710646365 frame=100 trackID=cl0_mdc_video_0_0
id=SFUConnection status=6000 ts=1760710646420 frame=100 trackID=cl1_mdc_video_0_0 frameSize=233032
id=SFUConnection status=6001 ts=1760710646424 frame=100 trackID=cl1_mdc_video_0_0
id=SFUConnection status=6002 ts=1760710649660 frame=200 trackID=cl0_mdc_video_0_0
id=SFUConnection status=6003 ts=1760710649671 frame=200 trackID=cl0_mdc_video_0_0
id=SFUConnection status=6000 ts=1760710649721 frame=200 trackID=cl1_mdc_video_0_0 frameSize=233032
id=SFUConnection status=6001 ts=1760710649724 frame=200 trackID=cl1_mdc_video_0_0
id=SFUConnection status=6002 ts=1760710652959 frame=300 trackID=cl0_mdc_video_0_0
id=SFUConnection status=6003 ts=1760710652964 frame=300 trackID=cl0_mdc_video_0_0
id=SFUConnection status=6000 ts=1760710653021 frame=300 trackID=cl1_mdc_video_0_0 frameSize=233032
id=SFUConnection status=6001 ts=1760710653024 frame=300 trackID=cl1_mdc_video_0_0
id=SFUConnection status=6002 ts=1760710656264 frame=400 trackID=cl0_mdc_video_0_0
id=SFUConnection status=6003 ts=1760710656267 frame=400 trackID=cl0_mdc_video_0_0
id=SFUConnection status=6000 ts=1760710656320 frame=400 trackID=cl1_mdc_video_0_0 frameSize=233032
id=SFUConnection status=6001 ts=1760710656325 frame=400 trackID=cl1_mdc_video_0_0
id=SFUConnection status=6002 ts=1760710659560 frame=500 trackID=cl0_mdc_video_0_0
id=SFUConnection status=6003 ts=1760710659563 frame=500 trackID=cl0_mdc_video_0_0
id=SFUConnection status=6000 ts=1760710659621 frame=500 trackID=cl1_mdc_video_0_0 frameSize=233032
id=SFUConnection status=6001 ts=1760710659625 frame=500 trackID=cl1_mdc_video_0_0
id=SFUConnection status=6002 ts=1760710662859 frame=600 trackID=cl0_mdc_video_0_0
id=SFUConnection status=6003 ts=1760710662869 frame=600 trackID=cl0_mdc_video_0_0
id=SFUConnection status=6000 ts=1760710662920 frame=600 trackID=cl1_mdc_video_0_0 frameSize=233032
id=SFUConnection status=6001 ts=1760710662925 frame=600 trackID=cl1_mdc_video_0_0
id=SFUConnection status=6002 ts=1760710666167 frame=700 trackID=cl0_mdc_video_0_0
id=SFUConnection status=6003 ts=1760710666169 frame=700 trackID=cl0_mdc_video_0_0
id=SFUConnection status=6000 ts=1760710666221 frame=700 trackID=cl1_mdc_video_0_0 frameSize=233032
id=SFUConnection status=6001 ts=1760710666225 frame=700 trackID=cl1_mdc_video_0_0
id=SFUConnection status=6002 ts=1760710669466 frame=800 trackID=cl0_mdc_video_0_0
id=SFUConnection status=6003 ts=1760710669469 frame=800 trackID=cl0_mdc_video_0_0
id=SFUConnection status=6000 ts=1760710669521 frame=800 trackID=cl1_mdc_video_0_0 frameSize=233032
id=SFUConnection status=6001 ts=1760710669525 frame=800 trackID=cl1_mdc_video_0_0
id=SFUConnection status=6002 ts=1760710672760 frame=900 trackID=cl0_mdc_video_0_0
id=SFUConnection status=6003 ts=1760710672767 frame=900 trackID=cl0_mdc_video_0_0
id=SFUConnection status=6000 ts=1760710672821 frame=900 trackID=cl1_mdc_video_0_0 frameSize=233032
id=SFUConnection status=6001 ts=1760710672824 frame=900 trackID=cl1_mdc_video_0_0
id=SFUConnection status=6002 ts=1760710676060 frame=1000 trackID=cl0_mdc_video_0_0
id=SFUConnection status=6003 ts=1760710676065 frame=1000 trackID=cl0_mdc_video_0_0
id=SFUConnection status=6000 ts=1760710676121 frame=1000 trackID=cl1_mdc_video_0_0 frameSize=233032
id=SFUConnection status=6001 ts=1760710676125 frame=1000 trackID=cl1_mdc_video_0_0
id=SFUConnection status=6002 ts=1760710679367 frame=1100 trackID=cl0_mdc_video_0_0
id=SFUConnection status=6003 ts=1760710679371 frame=1100 trackID=cl0_mdc_video_0_0
id=SFUConnection status=6000 ts=1760710679420 frame=1100 trackID=cl1_mdc_video_0_0 frameSize=233032
id=SFUConnection status=6001 ts=1760710679423 frame=1100 trackID=cl1_mdc_video_0_0
id=SFUConnection status=6002 ts=1760710682660 frame=1200 trackID=cl0_mdc_video_0_0
id=SFUConnection status=6003 ts=1760710682665 frame=1200 trackID=cl0_mdc_video_0_0
id=SFUConnection status=6000 ts=1760710682720 frame=1200 trackID=cl1_mdc_video_0_0 frameSize=233032
id=SFUConnection status=6001 ts=1760710682724 frame=1200 trackID=cl1_mdc_video_0_0
id=SFUConnection status=6002 ts=1760710685967 frame=1300 trackID=cl0_mdc_video_0_0
id=SFUConnection status=6003 ts=1760710685971 frame=1300 trackID=cl0_mdc_video_0_0
id=SFUConnection status=6000 ts=1760710686021 frame=1300 trackID=cl1_mdc_video_0_0 frameSize=233032
id=SFUConnection status=6001 ts=1760710686024 frame=1300 trackID=cl1_mdc_video_0_0
id=SFUConnection status=6002 ts=1760710689259 frame=1400 trackID=cl0_mdc_video_0_0
id=SFUConnection status=6003 ts=1760710689270 frame=1400 trackID=cl0_mdc_video_0_0
id=SFUConnection status=6000 ts=1760710689321 frame=1400 trackID=cl1_mdc_video_0_0 frameSize=233032
id=SFUConnection status=6001 ts=1760710689326 frame=1400 trackID=cl1_mdc_video_0_0
id=SFUConnection status=6002 ts=1760710692560 frame=1500 trackID=cl0_mdc_video_0_0
id=SFUConnection status=6003 ts=1760710692564 frame=1500 trackID=cl0_mdc_video_0_0
id=SFUConnection status=6000 ts=1760710692621 frame=1500 trackID=cl1_mdc_video_0_0 frameSize=233032
id=SFUConnection status=6001 ts=1760710692624 frame=1500 trackID=cl1_mdc_video_0_0
id=SFUConnection status=6002 ts=1760710695860 frame=1600 trackID=cl0_mdc_video_0_0
id=SFUConnection status=6003 ts=1760710695864 frame=1600 trackID=cl0_mdc_video_0_0
id=SFUConnection status=6000 ts=1760710695921 frame=1600 trackID=cl1_mdc_video_0_0 frameSize=233032
id=SFUConnection status=6001 ts=1760710695924 frame=1600 trackID=cl1_mdc_video_0_0
id=SFUConnection status=6002 ts=1760710699166 frame=1700 trackID=cl0_mdc_video_0_0
id=SFUConnection status=6003 ts=1760710699170 frame=1700 trackID=cl0_mdc_video_0_0
id=SFUConnection status=6000 ts=1760710699220 frame=1700 trackID=cl1_mdc_video_0_0 frameSize=233032
id=SFUConnection status=6001 ts=1760710699224 frame=1700 trackID=cl1_mdc_video_0_0
id=SFUConnection status=6002 ts=1760710702467 frame=1800 trackID=cl0_mdc_video_0_0
id=SFUConnection status=6003 ts=1760710702470 frame=1800 trackID=cl0_mdc_video_0_0
id=SFUConnection status=6000 ts=1760710702520 frame=1800 trackID=cl1_mdc_video_0_0 frameSize=233032
id=SFUConnection status=6001 ts=1760710702525 frame=1800 trackID=cl1_mdc_video_0_0
id=SFUConnection status=6002 ts=1760710705767 frame=1900 trackID=cl0_mdc_video_0_0
id=SFUConnection status=6003 ts=1760710705770 frame=1900 trackID=cl0_mdc_video_0_0
id=SFUConnection status=6000 ts=1760710705821 frame=1900 trackID=cl1_mdc_video_0_0 frameSize=233032
id=SFUConnection status=6001 ts=1760710705824 frame=1900 trackID=cl1_mdc_video_0_0
id=SFUConnection status=6002 ts=1760710709064 frame=2000 trackID=cl0_mdc_video_0_0
id=SFUConnection status=6003 ts=1760710709070 frame=2000 trackID=cl0_mdc_video_0_0
id=SFUConnection status=6000 ts=1760710709121 frame=2000 trackID=cl1_mdc_video_0_0 frameSize=233032
id=SFUConnection status=6001 ts=1760710709127 frame=2000 trackID=cl1_mdc_video_0_0
id=SFUConnection status=6002 ts=1760710712368 frame=2100 trackID=cl0_mdc_video_0_0
id=SFUConnection status=6003 ts=1760710712373 frame=2100 trackID=cl0_mdc_video_0_0
id=SFUConnection status=6000 ts=1760710712421 frame=2100 trackID=cl1_mdc_video_0_0 frameSize=233032
id=SFUConnection status=6001 ts=1760710712426 frame=2100 trackID=cl1_mdc_video_0_0
id=SFUConnection status=6002 ts=1760710715659 frame=2200 trackID=cl0_mdc_video_0_0
id=SFUConnection status=6003 ts=1760710715672 frame=2200 trackID=cl0_mdc_video_0_0
id=SFUConnection status=6000 ts=1760710715721 frame=2200 trackID=cl1_mdc_video_0_0 frameSize=233032
id=SFUConnection status=6001 ts=1760710715726 frame=2200 trackID=cl1_mdc_video_0_0
id=SFUConnection status=6002 ts=1760710718960 frame=2300 trackID=cl0_mdc_video_0_0
id=SFUConnection status=6003 ts=1760710718967 frame=2300 trackID=cl0_mdc_video_0_0
id=SFUConnection status=6000 ts=1760710719021 frame=2300 trackID=cl1_mdc_video_0_0 frameSize=233032
id=SFUConnection status=6001 ts=1760710719026 frame=2300 trackID=cl1_mdc_video_0_0
id=SFUConnection status=6002 ts=1760710722259 frame=2400 trackID=cl0_mdc_video_0_0
id=SFUConnection status=6003 ts=1760710722267 frame=2400 trackID=cl0_mdc_video_0_0
id=SFUConnection status=6000 ts=1760710722320 frame=2400 trackID=cl1_mdc_video_0_0 frameSize=233032
id=SFUConnection status=6001 ts=1760710722325 frame=2400 trackID=cl1_mdc_video_0_0
id=SFUConnection status=6002 ts=1760710725564 frame=2500 trackID=cl0_mdc_video_0_0
id=SFUConnection status=6003 ts=1760710725570 frame=2500 trackID=cl0_mdc_video_0_0
id=SFUConnection status=6000 ts=1760710725621 frame=2500 trackID=cl1_mdc_video_0_0 frameSize=233032
id=SFUConnection status=6001 ts=1760710725626 frame=2500 trackID=cl1_mdc_video_0_0
id=SFUConnection status=6002 ts=1760710728860 frame=2600 trackID=cl0_mdc_video_0_0
id=SFUConnection status=6003 ts=1760710728866 frame=2600 trackID=cl0_mdc_video_0_0
id=SFUConnection status=6000 ts=1760710728921 frame=2600 trackID=cl1_mdc_video_0_0 frameSize=233032
id=SFUConnection status=6001 ts=1760710728927 frame=2600 trackID=cl1_mdc_video_0_0
id=SFUConnection status=6002 ts=1760710732160 frame=2700 trackID=cl0_mdc_video_0_0
id=SFUConnection status=6003 ts=1760710732172 frame=2700 trackID=cl0_mdc_video_0_0
id=SFUConnection status=6000 ts=1760710732221 frame=2700 trackID=cl1_mdc_video_0_0 frameSize=233032
id=SFUConnection status=6001 ts=1760710732226 frame=2700 trackID=cl1_mdc_video_0_0
id=SFUConnection status=6002 ts=1760710735459 frame=2800 trackID=cl0_mdc_video_0_0
id=SFUConnection status=6003 ts=1760710735466 frame=2800 trackID=cl0_mdc_video_0_0
id=SFUConnection status=6000 ts=1760710735521 frame=2800 trackID=cl1_mdc_video_0_0 frameSize=233032
id=SFUConnection status=6001 ts=1760710735527 frame=2800 trackID=cl1_mdc_video_0_0
id=SFUConnection status=6002 ts=1760710738764 frame=2900 trackID=cl0_mdc_video_0_0
id=SFUConnection status=6003 ts=1760710738769 frame=2900 trackID=cl0_mdc_video_0_0
id=SFUConnection status=6000 ts=1760710738821 frame=2900 trackID=cl1_mdc_video_0_0 frameSize=233032
id=SFUConnection status=6001 ts=1760710738827 frame=2900 trackID=cl1_mdc_video_0_0
id=SFUConnection status=6002 ts=1760710742059 frame=3000 trackID=cl0_mdc_video_0_0
id=SFUConnection status=6003 ts=1760710742072 frame=3000 trackID=cl0_mdc_video_0_0
id=SFUConnection status=6000 ts=1760710742121 frame=3000 trackID=cl1_mdc_video_0_0 frameSize=233032
id=SFUConnection status=6001 ts=1760710742127 frame=3000 trackID=cl1_mdc_video_0_0
id=SFUConnection status=6002 ts=1760710745360 frame=3100 trackID=cl0_mdc_video_0_0
id=SFUConnection status=6003 ts=1760710745372 frame=3100 trackID=cl0_mdc_video_0_0
id=SFUConnection status=6000 ts=1760710745421 frame=3100 trackID=cl1_mdc_video_0_0 frameSize=233032
id=SFUConnection status=6001 ts=1760710745425 frame=3100 trackID=cl1_mdc_video_0_0
id=SFUConnection status=6002 ts=1760710748664 frame=3200 trackID=cl0_mdc_video_0_0
id=SFUConnection status=6003 ts=1760710748670 frame=3200 trackID=cl0_mdc_video_0_0
id=SFUConnection status=6000 ts=1760710748721 frame=3200 trackID=cl1_mdc_video_0_0 frameSize=233032
id=SFUConnection status=6001 ts=1760710748726 frame=3200 trackID=cl1_mdc_video_0_0
id=SFUConnection status=6002 ts=1760710751965 frame=3300 trackID=cl0_mdc_video_0_0
id=SFUConnection status=6003 ts=1760710751969 frame=3300 trackID=cl0_mdc_video_0_0
id=SFUConnection status=6000 ts=1760710752021 frame=3300 trackID=cl1_mdc_video_0_0 frameSize=233032
id=SFUConnection status=6001 ts=1760710752025 frame=3300 trackID=cl1_mdc_video_0_0
id=SFUConnection status=6002 ts=1760710755264 frame=3400 trackID=cl0_mdc_video_0_0
id=SFUConnection status=6003 ts=1760710755269 frame=3400 trackID=cl0_mdc_video_0_0
id=SFUConnection status=6000 ts=1760710755322 frame=3400 trackID=cl1_mdc_video_0_0 frameSize=233032
id=SFUConnection status=6001 ts=1760710755326 frame=3400 trackID=cl1_mdc_video_0_0
id=SFUConnection status=6002 ts=1760710758560 frame=3500 trackID=cl0_mdc_video_0_0
id=SFUConnection status=6003 ts=1760710758565 frame=3500 trackID=cl0_mdc_video_0_0
id=SFUConnection status=6000 ts=1760710758620 frame=3500 trackID=cl1_mdc_video_0_0 frameSize=233032
id=SFUConnection status=6001 ts=1760710758624 frame=3500 trackID=cl1_mdc_video_0_0
