c:\users\matth\onedrive\documenten\spirit\pc-webrtc-m2m\raw_encoder\build\spirit_idlab_raw.dir\release\threadpool.obj
c:\users\matth\onedrive\documenten\spirit\pc-webrtc-m2m\raw_encoder\build\spirit_idlab_raw.dir\release\raw_encoder.obj
c:\users\matth\onedrive\documenten\spirit\pc-webrtc-m2m\raw_encoder\build\spirit_idlab_raw.dir\release\plugin.obj
c:\users\matth\onedrive\documenten\spirit\pc-webrtc-m2m\raw_encoder\build\spirit_idlab_raw.dir\release\pch.obj
c:\users\matth\onedrive\documenten\spirit\pc-webrtc-m2m\raw_encoder\build\spirit_idlab_raw.dir\release\log.obj
c:\users\matth\onedrive\documenten\spirit\pc-webrtc-m2m\raw_encoder\build\spirit_idlab_raw.dir\release\encoding_queue.obj
c:\users\matth\onedrive\documenten\spirit\pc-webrtc-m2m\raw_encoder\build\spirit_idlab_raw.dir\release\dllmain.obj
c:\users\matth\onedrive\documenten\spirit\pc-webrtc-m2m\raw_encoder\build\spirit_idlab_raw.dir\release\encoded_depth.obj
c:\users\matth\onedrive\documenten\spirit\pc-webrtc-m2m\raw_encoder\build\spirit_idlab_raw.dir\release\depth_encoder.obj
c:\users\matth\onedrive\documenten\spirit\pc-webrtc-m2m\raw_encoder\build\spirit_idlab_raw.dir\release\depth_decoder.obj
c:\users\matth\onedrive\documenten\spirit\pc-webrtc-m2m\raw_encoder\build\spirit_idlab_raw.dir\release\decoded_depth.obj
c:\users\matth\onedrive\documenten\spirit\pc-webrtc-m2m\raw_encoder\build\spirit_idlab_raw.dir\release\jpeg_encoder.obj
c:\users\matth\onedrive\documenten\spirit\pc-webrtc-m2m\raw_encoder\build\spirit_idlab_raw.dir\release\jpeg_decoder.obj
c:\users\matth\onedrive\documenten\spirit\pc-webrtc-m2m\raw_encoder\build\spirit_idlab_raw.dir\release\encoded_jpeg.obj
c:\users\matth\onedrive\documenten\spirit\pc-webrtc-m2m\raw_encoder\build\spirit_idlab_raw.dir\release\decoded_jpeg.obj
c:\users\matth\onedrive\documenten\spirit\pc-webrtc-m2m\raw_encoder\build\spirit_idlab_raw.dir\release\decoded_color.obj
c:\users\matth\onedrive\documenten\spirit\pc-webrtc-m2m\raw_encoder\build\spirit_idlab_raw.dir\release\color_encoder_factory.obj
c:\users\matth\onedrive\documenten\spirit\pc-webrtc-m2m\raw_encoder\build\spirit_idlab_raw.dir\release\color_decoder.obj
c:\users\matth\onedrive\documenten\spirit\pc-webrtc-m2m\raw_encoder\build\cmakefiles\generate.stamp
c:\users\matth\onedrive\documenten\spirit\pc-webrtc-m2m\raw_encoder\build\release\spirit_idlab_raw.lib
c:\users\matth\onedrive\documenten\spirit\pc-webrtc-m2m\raw_encoder\build\release\spirit_idlab_raw.exp
c:\users\matth\onedrive\documenten\spirit\pc-webrtc-m2m\raw_encoder\build\bin\release\spirit_idlab_raw.dll
c:\users\matth\onedrive\documenten\spirit\pc-webrtc-m2m\raw_encoder\build\spirit_idlab_raw.dir\release\spirit_idlab_raw.tlog\cl.command.1.tlog
c:\users\matth\onedrive\documenten\spirit\pc-webrtc-m2m\raw_encoder\build\spirit_idlab_raw.dir\release\spirit_idlab_raw.tlog\cl.read.1.tlog
c:\users\matth\onedrive\documenten\spirit\pc-webrtc-m2m\raw_encoder\build\spirit_idlab_raw.dir\release\spirit_idlab_raw.tlog\cl.write.1.tlog
c:\users\matth\onedrive\documenten\spirit\pc-webrtc-m2m\raw_encoder\build\spirit_idlab_raw.dir\release\spirit_idlab_raw.tlog\custombuild.command.1.tlog
c:\users\matth\onedrive\documenten\spirit\pc-webrtc-m2m\raw_encoder\build\spirit_idlab_raw.dir\release\spirit_idlab_raw.tlog\custombuild.read.1.tlog
c:\users\matth\onedrive\documenten\spirit\pc-webrtc-m2m\raw_encoder\build\spirit_idlab_raw.dir\release\spirit_idlab_raw.tlog\custombuild.write.1.tlog
c:\users\matth\onedrive\documenten\spirit\pc-webrtc-m2m\raw_encoder\build\spirit_idlab_raw.dir\release\spirit_idlab_raw.tlog\link.command.1.tlog
c:\users\matth\onedrive\documenten\spirit\pc-webrtc-m2m\raw_encoder\build\spirit_idlab_raw.dir\release\spirit_idlab_raw.tlog\link.read.1.tlog
c:\users\matth\onedrive\documenten\spirit\pc-webrtc-m2m\raw_encoder\build\spirit_idlab_raw.dir\release\spirit_idlab_raw.tlog\link.write.1.tlog
c:\users\matth\onedrive\documenten\spirit\pc-webrtc-m2m\raw_encoder\build\spirit_idlab_raw.dir\release\spirit_idlab_raw.tlog\link.write.2u.tlog
